Component: ARM Compiler 5.06 update 6 (build 750) Tool: armlink [4d35ed]

==============================================================================

Section Cross References

    startup_stm32f407xx.o(RESET) refers to startup_stm32f407xx.o(STACK) for __initial_sp
    startup_stm32f407xx.o(RESET) refers to startup_stm32f407xx.o(.text) for Reset_Handler
    startup_stm32f407xx.o(RESET) refers to stm32f4xx_it.o(i.NMI_Handler) for NMI_Handler
    startup_stm32f407xx.o(RESET) refers to stm32f4xx_it.o(i.HardFault_Handler) for HardFault_Handler
    startup_stm32f407xx.o(RESET) refers to stm32f4xx_it.o(i.MemManage_Handler) for MemManage_Handler
    startup_stm32f407xx.o(RESET) refers to stm32f4xx_it.o(i.BusFault_Handler) for BusFault_Handler
    startup_stm32f407xx.o(RESET) refers to stm32f4xx_it.o(i.UsageFault_Handler) for UsageFault_Handler
    startup_stm32f407xx.o(RESET) refers to stm32f4xx_it.o(i.SVC_Handler) for SVC_Handler
    startup_stm32f407xx.o(RESET) refers to stm32f4xx_it.o(i.DebugMon_Handler) for DebugMon_Handler
    startup_stm32f407xx.o(RESET) refers to stm32f4xx_it.o(i.PendSV_Handler) for PendSV_Handler
    startup_stm32f407xx.o(RESET) refers to stm32f4xx_it.o(i.SysTick_Handler) for SysTick_Handler
    startup_stm32f407xx.o(RESET) refers to stm32f4xx_it.o(i.EXTI0_IRQHandler) for EXTI0_IRQHandler
    startup_stm32f407xx.o(RESET) refers to stm32f4xx_it.o(i.EXTI3_IRQHandler) for EXTI3_IRQHandler
    startup_stm32f407xx.o(RESET) refers to stm32f4xx_it.o(i.DMA1_Stream1_IRQHandler) for DMA1_Stream1_IRQHandler
    startup_stm32f407xx.o(RESET) refers to stm32f4xx_it.o(i.TIM1_UP_TIM10_IRQHandler) for TIM1_UP_TIM10_IRQHandler
    startup_stm32f407xx.o(RESET) refers to stm32f4xx_it.o(i.USART1_IRQHandler) for USART1_IRQHandler
    startup_stm32f407xx.o(RESET) refers to stm32f4xx_it.o(i.DMA2_Stream2_IRQHandler) for DMA2_Stream2_IRQHandler
    startup_stm32f407xx.o(RESET) refers to stm32f4xx_it.o(i.DMA2_Stream7_IRQHandler) for DMA2_Stream7_IRQHandler
    startup_stm32f407xx.o(RESET) refers to stm32f4xx_it.o(i.USART6_IRQHandler) for USART6_IRQHandler
    startup_stm32f407xx.o(.text) refers to system_stm32f4xx.o(i.SystemInit) for SystemInit
    startup_stm32f407xx.o(.text) refers to entry.o(.ARM.Collect$$$$00000000) for __main
    main.o(i.HAL_GPIO_EXTI_Callback) refers to ist8310driver.o(i._Z16ist8310_read_magPf) for ist8310_read_mag(float*)
    main.o(i.HAL_GPIO_EXTI_Callback) refers to main.o(.data) for .data
    main.o(i.HAL_GPIO_EXTI_Callback) refers to main.o(.bss) for .bss
    main.o(i.HAL_TIM_PeriodElapsedCallback) refers to bsp_adc.o(i._ZN13Board_Monitor20sampleBatteryVoltageEv) for Board_Monitor::sampleBatteryVoltage()
    main.o(i.HAL_TIM_PeriodElapsedCallback) refers to bsp_adc.o(i._ZN13Board_Monitor15sampleTemperateEv) for Board_Monitor::sampleTemperate()
    main.o(i.HAL_TIM_PeriodElapsedCallback) refers to bsp_led.o(i._ZN8BoardLed13setModeBreathEj) for BoardLed::setModeBreath(unsigned)
    main.o(i.HAL_TIM_PeriodElapsedCallback) refers to bsp_led.o(i._ZN8BoardLed8setColorEhhh) for BoardLed::setColor(unsigned char, unsigned char, unsigned char)
    main.o(i.HAL_TIM_PeriodElapsedCallback) refers to bsp_led.o(i._ZN8BoardLed12setModeBlinkEhjj) for BoardLed::setModeBlink(unsigned char, unsigned, unsigned)
    main.o(i.HAL_TIM_PeriodElapsedCallback) refers to stm32f4xx_hal_gpio.o(i.HAL_GPIO_ReadPin) for HAL_GPIO_ReadPin
    main.o(i.HAL_TIM_PeriodElapsedCallback) refers to bsp_led.o(i._ZN8BoardLed6handleEv) for BoardLed::handle()
    main.o(i.HAL_TIM_PeriodElapsedCallback) refers to tim.o(.bss) for htim1
    main.o(i.HAL_TIM_PeriodElapsedCallback) refers to main.o(.data) for .data
    main.o(i.HAL_TIM_PeriodElapsedCallback) refers to main.o(.bss) for .bss
    main.o(i._Z18SystemClock_Configv) refers to memseta.o(.text) for __aeabi_memclr4
    main.o(i._Z18SystemClock_Configv) refers to stm32f4xx_hal_rcc.o(i.HAL_RCC_OscConfig) for HAL_RCC_OscConfig
    main.o(i._Z18SystemClock_Configv) refers to stm32f4xx_hal_rcc.o(i.HAL_RCC_ClockConfig) for HAL_RCC_ClockConfig
    main.o(i.__sti___6_main_c_led) refers to bsp_led.o(i._ZN8BoardLedC1Ev) for BoardLed::BoardLed()
    main.o(i.__sti___6_main_c_led) refers to bsp_adc.o(i._ZN13Board_MonitorC1Ev) for Board_Monitor::Board_Monitor()
    main.o(i.__sti___6_main_c_led) refers to main.o(.bss) for .bss
    main.o(i.main) refers to stm32f4xx_hal.o(i.HAL_Init) for HAL_Init
    main.o(i.main) refers to main.o(i._Z18SystemClock_Configv) for SystemClock_Config()
    main.o(i.main) refers to gpio.o(i.MX_GPIO_Init) for MX_GPIO_Init
    main.o(i.main) refers to dma.o(i.MX_DMA_Init) for MX_DMA_Init
    main.o(i.main) refers to tim.o(i.MX_TIM1_Init) for MX_TIM1_Init
    main.o(i.main) refers to tim.o(i.MX_TIM4_Init) for MX_TIM4_Init
    main.o(i.main) refers to tim.o(i.MX_TIM8_Init) for MX_TIM8_Init
    main.o(i.main) refers to adc.o(i.MX_ADC1_Init) for MX_ADC1_Init
    main.o(i.main) refers to adc.o(i.MX_ADC3_Init) for MX_ADC3_Init
[...]
    ../Src/usart.c                           0x00000000   Number         0  usart.o ABSOLUTE
    ../clib/microlib/cpp/cpp_init.c          0x00000000   Number         0  cpp_init.o ABSOLUTE
    ../clib/microlib/cpp/cpp_init.c          0x00000000   Number         0  cpp_init.o ABSOLUTE
    ../clib/microlib/division.c              0x00000000   Number         0  uldiv.o ABSOLUTE
    ../clib/microlib/init/entry.s            0x00000000   Number         0  entry10a.o ABSOLUTE
    ../clib/microlib/init/entry.s            0x00000000   Number         0  entry9b.o ABSOLUTE
    ../clib/microlib/init/entry.s            0x00000000   Number         0  entry9a.o ABSOLUTE
    ../clib/microlib/init/entry.s            0x00000000   Number         0  entry8b.o ABSOLUTE
    ../clib/microlib/init/entry.s            0x00000000   Number         0  entry8a.o ABSOLUTE
    ../clib/microlib/init/entry.s            0x00000000   Number         0  entry7b.o ABSOLUTE
    ../clib/microlib/init/entry.s            0x00000000   Number         0  entry7a.o ABSOLUTE
    ../clib/microlib/init/entry.s            0x00000000   Number         0  entry2.o ABSOLUTE
    ../clib/microlib/init/entry.s            0x00000000   Number         0  entry.o ABSOLUTE
    ../clib/microlib/init/entry.s            0x00000000   Number         0  entry11b.o ABSOLUTE
    ../clib/microlib/init/entry.s            0x00000000   Number         0  entry11a.o ABSOLUTE
    ../clib/microlib/init/entry.s            0x00000000   Number         0  entry5.o ABSOLUTE
    ../clib/microlib/init/entry.s            0x00000000   Number         0  entry10b.o ABSOLUTE
    ../clib/microlib/longlong.c              0x00000000   Number         0  llshl.o ABSOLUTE
    ../clib/microlib/longlong.c              0x00000000   Number         0  llushr.o ABSOLUTE
    ../clib/microlib/string/memset.c         0x00000000   Number         0  memseta.o ABSOLUTE
    ..\Drivers\STM32F4xx_HAL_Driver\Src\stm32f4xx_hal.c 0x00000000   Number         0  stm32f4xx_hal.o ABSOLUTE
    ..\Drivers\STM32F4xx_HAL_Driver\Src\stm32f4xx_hal_adc.c 0x00000000   Number         0  stm32f4xx_hal_adc.o ABSOLUTE
    ..\Drivers\STM32F4xx_HAL_Driver\Src\stm32f4xx_hal_adc_ex.c 0x00000000   Number         0  stm32f4xx_hal_adc_ex.o ABSOLUTE
    ..\Drivers\STM32F4xx_HAL_Driver\Src\stm32f4xx_hal_cortex.c 0x00000000   Number         0  stm32f4xx_hal_cortex.o ABSOLUTE
    ..\Drivers\STM32F4xx_HAL_Driver\Src\stm32f4xx_hal_dma.c 0x00000000   Number         0  stm32f4xx_hal_dma.o ABSOLUTE
    ..\Drivers\STM32F4xx_HAL_Driver\Src\stm32f4xx_hal_dma_ex.c 0x00000000   Number         0  stm32f4xx_hal_dma_ex.o ABSOLUTE
    ..\Drivers\STM32F4xx_HAL_Driver\Src\stm32f4xx_hal_exti.c 0x00000000   Number         0  stm32f4xx_hal_exti.o ABSOLUTE
    ..\Drivers\STM32F4xx_HAL_Driver\Src\stm32f4xx_hal_flash.c 0x00000000   Number         0  stm32f4xx_hal_flash.o ABSOLUTE
    ..\Drivers\STM32F4xx_HAL_Driver\Src\stm32f4xx_hal_flash_ex.c 0x00000000   Number         0  stm32f4xx_hal_flash_ex.o ABSOLUTE
    ..\Drivers\STM32F4xx_HAL_Driver\Src\stm32f4xx_hal_flash_ramfunc.c 0x00000000   Number         0  stm32f4xx_hal_flash_ramfunc.o ABSOLUTE
    ..\Drivers\STM32F4xx_HAL_Driver\Src\stm32f4xx_hal_gpio.c 0x00000000   Number         0  stm32f4xx_hal_gpio.o ABSOLUTE
    ..\Drivers\STM32F4xx_HAL_Driver\Src\stm32f4xx_hal_i2c.c 0x00000000   Number         0  stm32f4xx_hal_i2c.o ABSOLUTE
    ..\Drivers\STM32F4xx_HAL_Driver\Src\stm32f4xx_hal_i2c_ex.c 0x00000000   Number         0  stm32f4xx_hal_i2c_ex.o ABSOLUTE
    ..\Drivers\STM32F4xx_HAL_Driver\Src\stm32f4xx_hal_pwr.c 0x00000000   Number         0  stm32f4xx_hal_pwr.o ABSOLUTE
    ..\Drivers\STM32F4xx_HAL_Driver\Src\stm32f4xx_hal_pwr_ex.c 0x00000000   Number         0  stm32f4xx_hal_pwr_ex.o ABSOLUTE
    ..\Drivers\STM32F4xx_HAL_Driver\Src\stm32f4xx_hal_rcc.c 0x00000000   Number         0  stm32f4xx_hal_rcc.o ABSOLUTE
    ..\Drivers\STM32F4xx_HAL_Driver\Src\stm32f4xx_hal_rcc_ex.c 0x00000000   Number         0  stm32f4xx_hal_rcc_ex.o ABSOLUTE
    ..\Drivers\STM32F4xx_HAL_Driver\Src\stm32f4xx_hal_tim.c 0x00000000   Number         0  stm32f4xx_hal_tim.o ABSOLUTE
    ..\Drivers\STM32F4xx_HAL_Driver\Src\stm32f4xx_hal_tim_ex.c 0x00000000   Number         0  stm32f4xx_hal_tim_ex.o ABSOLUTE
    ..\Drivers\STM32F4xx_HAL_Driver\Src\stm32f4xx_hal_uart.c 0x00000000   Number         0  stm32f4xx_hal_uart.o ABSOLUTE
    ..\Src\adc.c                             0x00000000   Number         0  adc.o ABSOLUTE
    ..\Src\dma.c                             0x00000000   Number         0  dma.o ABSOLUTE
    ..\Src\gpio.c                            0x00000000   Number         0  gpio.o ABSOLUTE
    ..\Src\i2c.c                             0x00000000   Number         0  i2c.o ABSOLUTE
    ..\Src\main.c                            0x00000000   Number         0  main.o ABSOLUTE
    ..\Src\stm32f4xx_hal_msp.c               0x00000000   Number         0  stm32f4xx_hal_msp.o ABSOLUTE
    ..\Src\stm32f4xx_it.c                    0x00000000   Number         0  stm32f4xx_it.o ABSOLUTE
    ..\Src\system_stm32f4xx.c                0x00000000   Number         0  system_stm32f4xx.o ABSOLUTE
    ..\Src\tim.c                             0x00000000   Number         0  tim.o ABSOLUTE
    ..\Src\usart.c                           0x00000000   Number         0  usart.o ABSOLUTE
    ..\\base\\bsp\\bsp_adc.cpp               0x00000000   Number         0  bsp_adc.o ABSOLUTE
    ..\\base\\bsp\\bsp_led.cpp               0x00000000   Number         0  bsp_led.o ABSOLUTE
    ..\\base\\imu\\driver\\ist8310driver_middleware.c 0x00000000   Number         0  ist8310driver_middleware.o ABSOLUTE
    ..\base\bsp\bsp_adc.cpp                  0x00000000   Number         0  bsp_adc.o ABSOLUTE
    ..\base\bsp\bsp_buzzer.cpp               0x00000000   Number         0  bsp_buzzer.o ABSOLUTE
    ..\base\bsp\bsp_led.cpp                  0x00000000   Number         0  bsp_led.o ABSOLUTE
    ..\base\imu\driver\ist8310driver.c       0x00000000   Number         0  ist8310driver.o ABSOLUTE
    ..\base\imu\driver\ist8310driver_middleware.c 0x00000000   Number         0  ist8310driver_middleware.o ABSOLUTE
    dc.s                                     0x00000000   Number         0  dc.o ABSOLUTE
    handlers.s                               0x00000000   Number         0  handlers.o ABSOLUTE
    init.s                                   0x00000000   Number         0  init.o ABSOLUTE
    startup_stm32f407xx.s                    0x00000000   Number         0  startup_stm32f407xx.o ABSOLUTE
    RESET                                    0x08000000   Section      392  startup_stm32f407xx.o(RESET)
    .ARM.Collect$$$$00000000                 0x08000188   Section        0  entry.o(.ARM.Collect$$$$00000000)
    .ARM.Collect$$$$00000001                 0x08000188   Section        4  entry2.o(.ARM.Collect$$$$00000001)
    .ARM.Collect$$$$00000004                 0x0800018c   Section        4  entry5.o(.ARM.Collect$$$$00000004)
    .ARM.Collect$$$$00000008                 0x08000190   Section        0  entry7b.o(.ARM.Collect$$$$00000008)
    .ARM.Collect$$$$00000009                 0x08000190   Section        4  entry8a.o(.ARM.Collect$$$$00000009)
    .ARM.Collect$$$$0000000A                 0x08000194   Section        0  entry8b.o(.ARM.Collect$$$$0000000A)
    .ARM.Collect$$$$0000000B                 0x08000194   Section        8  entry9a.o(.ARM.Collect$$$$0000000B)
    .ARM.Collect$$$$0000000D                 0x0800019c   Section        0  entry10a.o(.ARM.Collect$$$$0000000D)
    .ARM.Collect$$$$0000000F                 0x0800019c   Section        0  entry11a.o(.ARM.Collect$$$$0000000F)
    .ARM.Collect$$$$00002712                 0x0800019c   Section        4  entry2.o(.ARM.Collect$$$$00002712)
    __lit__00000000                          0x0800019c   Data           4  entry2.o(.ARM.Collect$$$$00002712)
    .text                                    0x080001a0   Section       36  startup_stm32f407xx.o(.text)
    $v0                                      0x080001a0   Number         0  startup_stm32f407xx.o(.text)
    .text                                    0x080001c4   Section        0  uldiv.o(.text)
    .text                                    0x08000226   Section        0  memseta.o(.text)
    .text                                    0x0800024c   Section        0  cpp_init.o(.text)
    .text                                    0x0800026c   Section        0  llshl.o(.text)
    .text                                    0x0800028a   Section        0  llushr.o(.text)
    .text                                    0x080002ac   Section       36  init.o(.text)
    i.BusFault_Handler                       0x080002d0   Section        0  stm32f4xx_it.o(i.BusFault_Handler)
    i.DMA1_Stream1_IRQHandler                0x080002d4   Section        0  stm32f4xx_it.o(i.DMA1_Stream1_IRQHandler)
    i.DMA2_Stream2_IRQHandler                0x080002e0   Section        0  stm32f4xx_it.o(i.DMA2_Stream2_IRQHandler)
    i.DMA2_Stream7_IRQHandler                0x080002ec   Section        0  stm32f4xx_it.o(i.DMA2_Stream7_IRQHandler)
    i.DebugMon_Handler                       0x080002f8   Section        0  stm32f4xx_it.o(i.DebugMon_Handler)
    i.EXTI0_IRQHandler                       0x080002fa   Section        0  stm32f4xx_it.o(i.EXTI0_IRQHandler)
    i.EXTI3_IRQHandler                       0x08000300   Section        0  stm32f4xx_it.o(i.EXTI3_IRQHandler)
    i.Error_Handler                          0x08000306   Section        0  main.o(i.Error_Handler)
    i.HAL_ADC_ConfigChannel                  0x0800030c   Section        0  stm32f4xx_hal_adc.o(i.HAL_ADC_ConfigChannel)
    i.HAL_ADC_GetValue                       0x08000458   Section        0  stm32f4xx_hal_adc.o(i.HAL_ADC_GetValue)
    i.HAL_ADC_Init                           0x0800045e   Section        0  stm32f4xx_hal_adc.o(i.HAL_ADC_Init)
    i.HAL_ADC_MspInit                        0x080004b4   Section        0  adc.o(i.HAL_ADC_MspInit)
    i.HAL_ADC_PollForConversion              0x08000530   Section        0  stm32f4xx_hal_adc.o(i.HAL_ADC_PollForConversion)
    i.HAL_ADC_Start                          0x080005d4   Section        0  stm32f4xx_hal_adc.o(i.HAL_ADC_Start)
    i.HAL_DMA_Abort_IT                       0x080006c0   Section        0  stm32f4xx_hal_dma.o(i.HAL_DMA_Abort_IT)
    i.HAL_DMA_IRQHandler                     0x080006e4   Section        0  stm32f4xx_hal_dma.o(i.HAL_DMA_IRQHandler)
    i.HAL_DMA_Init                           0x08000884   Section        0  stm32f4xx_hal_dma.o(i.HAL_DMA_Init)
    i.HAL_Delay                              0x08000958   Section        0  stm32f4xx_hal.o(i.HAL_Delay)
    i.HAL_GPIO_EXTI_Callback                 0x0800097c   Section        0  main.o(i.HAL_GPIO_EXTI_Callback)
    i.HAL_GPIO_EXTI_IRQHandler               0x08000998   Section        0  stm32f4xx_hal_gpio.o(i.HAL_GPIO_EXTI_IRQHandler)
    i.HAL_GPIO_Init                          0x080009b0   Section        0  stm32f4xx_hal_gpio.o(i.HAL_GPIO_Init)
    i.HAL_GPIO_ReadPin                       0x08000b68   Section        0  stm32f4xx_hal_gpio.o(i.HAL_GPIO_ReadPin)
    i.HAL_GPIO_WritePin                      0x08000b72   Section        0  stm32f4xx_hal_gpio.o(i.HAL_GPIO_WritePin)
    i.HAL_GetTick                            0x08000b7c   Section        0  stm32f4xx_hal.o(i.HAL_GetTick)
    i.HAL_I2C_Init                           0x08000b88   Section        0  stm32f4xx_hal_i2c.o(i.HAL_I2C_Init)
    i.HAL_I2C_Mem_Read                       0x08000d10   Section        0  stm32f4xx_hal_i2c.o(i.HAL_I2C_Mem_Read)
    i.HAL_I2C_Mem_Write                      0x08000f08   Section        0  stm32f4xx_hal_i2c.o(i.HAL_I2C_Mem_Write)
    i.HAL_I2C_MspInit                        0x08001038   Section        0  i2c.o(i.HAL_I2C_MspInit)
    i.HAL_IncTick                            0x080010c0   Section        0  stm32f4xx_hal.o(i.HAL_IncTick)
    i.HAL_Init                               0x080010d0   Section        0  stm32f4xx_hal.o(i.HAL_Init)
    i.HAL_InitTick                           0x08001104   Section        0  stm32f4xx_hal.o(i.HAL_InitTick)
    i.HAL_MspInit                            0x08001144   Section        0  stm32f4xx_hal_msp.o(i.HAL_MspInit)
    i.HAL_NVIC_EnableIRQ                     0x08001174   Section        0  stm32f4xx_hal_cortex.o(i.HAL_NVIC_EnableIRQ)
    i.HAL_NVIC_SetPriority                   0x08001190   Section        0  stm32f4xx_hal_cortex.o(i.HAL_NVIC_SetPriority)
    i.HAL_NVIC_SetPriorityGrouping           0x080011d0   Section        0  stm32f4xx_hal_cortex.o(i.HAL_NVIC_SetPriorityGrouping)
    i.HAL_RCC_ClockConfig                    0x080011f4   Section        0  stm32f4xx_hal_rcc.o(i.HAL_RCC_ClockConfig)
    i.HAL_RCC_GetPCLK1Freq                   0x08001328   Section        0  stm32f4xx_hal_rcc.o(i.HAL_RCC_GetPCLK1Freq)
    i.HAL_RCC_GetPCLK2Freq                   0x08001348   Section        0  stm32f4xx_hal_rcc.o(i.HAL_RCC_GetPCLK2Freq)
    i.HAL_RCC_GetSysClockFreq                0x08001368   Section        0  stm32f4xx_hal_rcc.o(i.HAL_RCC_GetSysClockFreq)
    i.HAL_RCC_OscConfig                      0x080013cc   Section        0  stm32f4xx_hal_rcc.o(i.HAL_RCC_OscConfig)
    i.HAL_SYSTICK_Config                     0x08001728   Section        0  stm32f4xx_hal_cortex.o(i.HAL_SYSTICK_Config)
    i.HAL_TIMEx_BreakCallback                0x08001750   Section        0  stm32f4xx_hal_tim_ex.o(i.HAL_TIMEx_BreakCallback)
    i.HAL_TIMEx_CommutCallback               0x08001752   Section        0  stm32f4xx_hal_tim_ex.o(i.HAL_TIMEx_CommutCallback)
    i.HAL_TIMEx_ConfigBreakDeadTime          0x08001754   Section        0  stm32f4xx_hal_tim_ex.o(i.HAL_TIMEx_ConfigBreakDeadTime)
    i.HAL_TIMEx_MasterConfigSynchronization  0x080017a8   Section        0  stm32f4xx_hal_tim_ex.o(i.HAL_TIMEx_MasterConfigSynchronization)
    i.HAL_TIM_Base_Init                      0x08001838   Section        0  stm32f4xx_hal_tim.o(i.HAL_TIM_Base_Init)
    i.HAL_TIM_Base_MspInit                   0x08001870   Section        0  tim.o(i.HAL_TIM_Base_MspInit)
    i.HAL_TIM_Base_Start                     0x080018fc   Section        0  stm32f4xx_hal_tim.o(i.HAL_TIM_Base_Start)
    i.HAL_TIM_Base_Start_IT                  0x08001920   Section        0  stm32f4xx_hal_tim.o(i.HAL_TIM_Base_Start_IT)
    i.HAL_TIM_ConfigClockSource              0x08001942   Section        0  stm32f4xx_hal_tim.o(i.HAL_TIM_ConfigClockSource)
    i.HAL_TIM_IC_CaptureCallback             0x08001a18   Section        0  stm32f4xx_hal_tim.o(i.HAL_TIM_IC_CaptureCallback)
    i.HAL_TIM_IRQHandler                     0x08001a1a   Section        0  stm32f4xx_hal_tim.o(i.HAL_TIM_IRQHandler)
    i.HAL_TIM_MspPostInit                    0x08001b80   Section        0  tim.o(i.HAL_TIM_MspPostInit)
    i.HAL_TIM_OC_DelayElapsedCallback        0x08001c30   Section        0  stm32f4xx_hal_tim.o(i.HAL_TIM_OC_DelayElapsedCallback)
    i.HAL_TIM_PWM_ConfigChannel              0x08001c32   Section        0  stm32f4xx_hal_tim.o(i.HAL_TIM_PWM_ConfigChannel)
    i.HAL_TIM_PWM_Init                       0x08001d02   Section        0  stm32f4xx_hal_tim.o(i.HAL_TIM_PWM_Init)
    i.HAL_TIM_PWM_MspInit                    0x08001d38   Section        0  stm32f4xx_hal_tim.o(i.HAL_TIM_PWM_MspInit)
    i.HAL_TIM_PWM_PulseFinishedCallback      0x08001d3a   Section        0  stm32f4xx_hal_tim.o(i.HAL_TIM_PWM_PulseFinishedCallback)
    i.HAL_TIM_PWM_Start                      0x08001d3c   Section        0  stm32f4xx_hal_tim.o(i.HAL_TIM_PWM_Start)
    i.HAL_TIM_PeriodElapsedCallback          0x08001d80   Section        0  main.o(i.HAL_TIM_PeriodElapsedCallback)
    i.HAL_TIM_TriggerCallback                0x08001e54   Section        0  stm32f4xx_hal_tim.o(i.HAL_TIM_TriggerCallback)
    i.HAL_UART_ErrorCallback                 0x08001e56   Section        0  stm32f4xx_hal_uart.o(i.HAL_UART_ErrorCallback)
    i.HAL_UART_IRQHandler                    0x08001e58   Section        0  stm32f4xx_hal_uart.o(i.HAL_UART_IRQHandler)
    i.HAL_UART_Init                          0x08001f6c   Section        0  stm32f4xx_hal_uart.o(i.HAL_UART_Init)
    i.HAL_UART_MspInit                       0x08001fd0   Section        0  usart.o(i.HAL_UART_MspInit)
    i.HAL_UART_RxCpltCallback                0x0800218c   Section        0  stm32f4xx_hal_uart.o(i.HAL_UART_RxCpltCallback)
    i.HAL_UART_TxCpltCallback                0x0800218e   Section        0  stm32f4xx_hal_uart.o(i.HAL_UART_TxCpltCallback)
    i.HardFault_Handler                      0x08002190   Section        0  stm32f4xx_it.o(i.HardFault_Handler)
    i.MX_ADC1_Init                           0x08002194   Section        0  adc.o(i.MX_ADC1_Init)
    i.MX_ADC3_Init                           0x080021f8   Section        0  adc.o(i.MX_ADC3_Init)
    i.MX_DMA_Init                            0x0800225c   Section        0  dma.o(i.MX_DMA_Init)
    i.MX_GPIO_Init                           0x080022b8   Section        0  gpio.o(i.MX_GPIO_Init)
    i.MX_I2C3_Init                           0x080023c0   Section        0  i2c.o(i.MX_I2C3_Init)
    i.MX_TIM1_Init                           0x08002400   Section        0  tim.o(i.MX_TIM1_Init)
    i.MX_TIM4_Init                           0x08002468   Section        0  tim.o(i.MX_TIM4_Init)
    i.MX_TIM5_Init                           0x08002500   Section        0  tim.o(i.MX_TIM5_Init)
    i.MX_TIM8_Init                           0x080025b8   Section        0  tim.o(i.MX_TIM8_Init)
    i.MX_USART1_UART_Init                    0x080026a4   Section        0  usart.o(i.MX_USART1_UART_Init)
    i.MX_USART3_UART_Init                    0x080026dc   Section        0  usart.o(i.MX_USART3_UART_Init)
    i.MX_USART6_UART_Init                    0x08002718   Section        0  usart.o(i.MX_USART6_UART_Init)
    i.MemManage_Handler                      0x08002750   Section        0  stm32f4xx_it.o(i.MemManage_Handler)
    i.NMI_Handler                            0x08002752   Section        0  stm32f4xx_it.o(i.NMI_Handler)
    i.PendSV_Handler                         0x08002754   Section        0  stm32f4xx_it.o(i.PendSV_Handler)
    i.SVC_Handler                            0x08002756   Section        0  stm32f4xx_it.o(i.SVC_Handler)
    i.SysTick_Handler                        0x08002758   Section        0  stm32f4xx_it.o(i.SysTick_Handler)
    i.SystemInit                             0x0800275c   Section        0  system_stm32f4xx.o(i.SystemInit)
    i.TIM1_UP_TIM10_IRQHandler               0x08002778   Section        0  stm32f4xx_it.o(i.TIM1_UP_TIM10_IRQHandler)
    i.TIM_Base_SetConfig                     0x08002784   Section        0  stm32f4xx_hal_tim.o(i.TIM_Base_SetConfig)
    i.TIM_CCxChannelCmd                      0x0800284c   Section        0  stm32f4xx_hal_tim.o(i.TIM_CCxChannelCmd)
    i.TIM_ETR_SetConfig                      0x08002866   Section        0  stm32f4xx_hal_tim.o(i.TIM_ETR_SetConfig)
    i.TIM_OC2_SetConfig                      0x0800287c   Section        0  stm32f4xx_hal_tim.o(i.TIM_OC2_SetConfig)
    i.USART1_IRQHandler                      0x080028e8   Section        0  stm32f4xx_it.o(i.USART1_IRQHandler)
    i.USART6_IRQHandler                      0x080028f4   Section        0  stm32f4xx_it.o(i.USART6_IRQHandler)
    i.UsageFault_Handler                     0x08002900   Section        0  stm32f4xx_it.o(i.UsageFault_Handler)
    i._Z12ist8310_initv                      0x08002904   Section        0  ist8310driver.o(i._Z12ist8310_initv)
    i._Z13ist8310_RST_Hv                     0x0800297c   Section        0  ist8310driver_middleware.o(i._Z13ist8310_RST_Hv)
    i._Z13ist8310_RST_Lv                     0x0800298c   Section        0  ist8310driver_middleware.o(i._Z13ist8310_RST_Lv)
    i._Z16ist8310_com_initv                  0x0800299c   Section        0  ist8310driver_middleware.o(i._Z16ist8310_com_initv)
    i._Z16ist8310_delay_mst                  0x0800299e   Section        0  ist8310driver_middleware.o(i._Z16ist8310_delay_mst)
    i._Z16ist8310_delay_ust                  0x080029a2   Section        0  ist8310driver_middleware.o(i._Z16ist8310_delay_ust)
    i._Z16ist8310_read_magPf                 0x080029d4   Section        0  ist8310driver.o(i._Z16ist8310_read_magPf)
    i._Z17ist8310_GPIO_initv                 0x08002a28   Section        0  ist8310driver_middleware.o(i._Z17ist8310_GPIO_initv)
    i._Z18SystemClock_Configv                0x08002a2c   Section        0  main.o(i._Z18SystemClock_Configv)
    i._Z25ist8310_IIC_read_muli_reghPhh      0x08002ac0   Section        0  ist8310driver_middleware.o(i._Z25ist8310_IIC_read_muli_reghPhh)
    i._Z27ist8310_IIC_read_single_regh       0x08002adc   Section        0  ist8310driver_middleware.o(i._Z27ist8310_IIC_read_single_regh)
    i._Z28ist8310_IIC_write_single_reghh     0x08002b08   Section        0  ist8310driver_middleware.o(i._Z28ist8310_IIC_write_single_reghh)
    i._ZN13Board_Monitor15adcxGetChxValueEP17ADC_HandleTypeDefj 0x08002b2c   Section        0  bsp_adc.o(i._ZN13Board_Monitor15adcxGetChxValueEP17ADC_HandleTypeDefj)
    i._ZN13Board_Monitor15sampleTemperateEv  0x08002b68   Section        0  bsp_adc.o(i._ZN13Board_Monitor15sampleTemperateEv)
    i._ZN13Board_Monitor20sampleBatteryVoltageEv 0x08002ba8   Section        0  bsp_adc.o(i._ZN13Board_Monitor20sampleBatteryVoltageEv)
    i._ZN13Board_Monitor23init_vrefint_reciprocalEv 0x08002bd8   Section        0  bsp_adc.o(i._ZN13Board_Monitor23init_vrefint_reciprocalEv)
    i._ZN13Board_MonitorC1Ev                 0x08002c24   Section        0  bsp_adc.o(i._ZN13Board_MonitorC1Ev)
    i._ZN41_INTERNAL_19_stm32f4xx_hal_adc_c_52ef8f508ADC_InitEP17ADC_HandleTypeDef 0x08002c64   Section        0  stm32f4xx_hal_adc.o(i._ZN41_INTERNAL_19_stm32f4xx_hal_adc_c_52ef8f508ADC_InitEP17ADC_HandleTypeDef)
    [local to stm32f4xx_hal_adc_c]::ADC_Init(ADC_HandleTypeDef*) 0x08002c65   Thumb Code   284  stm32f4xx_hal_adc.o(i._ZN41_INTERNAL_19_stm32f4xx_hal_adc_c_52ef8f508ADC_InitEP17ADC_HandleTypeDef)
    i._ZN41_INTERNAL_19_stm32f4xx_hal_dma_c_c25f65ec18DMA_CheckFifoParamEP19__DMA_HandleTypeDef 0x08002d8c   Section        0  stm32f4xx_hal_dma.o(i._ZN41_INTERNAL_19_stm32f4xx_hal_dma_c_c25f65ec18DMA_CheckFifoParamEP19__DMA_HandleTypeDef)
    [local to stm32f4xx_hal_dma_c]::DMA_CheckFifoParam(__DMA_HandleTypeDef*) 0x08002d8d   Thumb Code    84  stm32f4xx_hal_dma.o(i._ZN41_INTERNAL_19_stm32f4xx_hal_dma_c_c25f65ec18DMA_CheckFifoParamEP19__DMA_HandleTypeDef)
    i._ZN41_INTERNAL_19_stm32f4xx_hal_dma_c_c25f65ec23DMA_CalcBaseAndBitshiftEP19__DMA_HandleTypeDef 0x08002de0   Section        0  stm32f4xx_hal_dma.o(i._ZN41_INTERNAL_19_stm32f4xx_hal_dma_c_c25f65ec23DMA_CalcBaseAndBitshiftEP19__DMA_HandleTypeDef)
    [local to stm32f4xx_hal_dma_c]::DMA_CalcBaseAndBitshift(__DMA_HandleTypeDef*) 0x08002de1   Thumb Code    34  stm32f4xx_hal_dma.o(i._ZN41_INTERNAL_19_stm32f4xx_hal_dma_c_c25f65ec23DMA_CalcBaseAndBitshiftEP19__DMA_HandleTypeDef)
    i._ZN41_INTERNAL_19_stm32f4xx_hal_i2c_c_0eb271f421I2C_RequestMemoryReadEP17I2C_HandleTypeDeftttjj 0x08002e08   Section        0  stm32f4xx_hal_i2c.o(i._ZN41_INTERNAL_19_stm32f4xx_hal_i2c_c_0eb271f421I2C_RequestMemoryReadEP17I2C_HandleTypeDeftttjj)
    [local to stm32f4xx_hal_i2c_c]::I2C_RequestMemoryRead(I2C_HandleTypeDef*, unsigned short, unsigned short, unsigned short, unsigned, unsigned) 0x08002e09   Thumb Code   246  stm32f4xx_hal_i2c.o(i._ZN41_INTERNAL_19_stm32f4xx_hal_i2c_c_0eb271f421I2C_RequestMemoryReadEP17I2C_HandleTypeDeftttjj)
    i._ZN41_INTERNAL_19_stm32f4xx_hal_i2c_c_0eb271f422I2C_RequestMemoryWriteEP17I2C_HandleTypeDeftttjj 0x08002f04   Section        0  stm32f4xx_hal_i2c.o(i._ZN41_INTERNAL_19_stm32f4xx_hal_i2c_c_0eb271f422I2C_RequestMemoryWriteEP17I2C_HandleTypeDeftttjj)
    [local to stm32f4xx_hal_i2c_c]::I2C_RequestMemoryWrite(I2C_HandleTypeDef*, unsigned short, unsigned short, unsigned short, unsigned, unsigned) 0x08002f05   Thumb Code   162  stm32f4xx_hal_i2c.o(i._ZN41_INTERNAL_19_stm32f4xx_hal_i2c_c_0eb271f422I2C_RequestMemoryWriteEP17I2C_HandleTypeDeftttjj)
    i._ZN41_INTERNAL_19_stm32f4xx_hal_i2c_c_0eb271f423I2C_IsAcknowledgeFailedEP17I2C_HandleTypeDef 0x08002fac   Section        0  stm32f4xx_hal_i2c.o(i._ZN41_INTERNAL_19_stm32f4xx_hal_i2c_c_0eb271f423I2C_IsAcknowledgeFailedEP17I2C_HandleTypeDef)
    [local to stm32f4xx_hal_i2c_c]::I2C_IsAcknowledgeFailed(I2C_HandleTypeDef*) 0x08002fad   Thumb Code    46  stm32f4xx_hal_i2c.o(i._ZN41_INTERNAL_19_stm32f4xx_hal_i2c_c_0eb271f423I2C_IsAcknowledgeFailedEP17I2C_HandleTypeDef)
    i._ZN41_INTERNAL_19_stm32f4xx_hal_i2c_c_0eb271f426I2C_WaitOnFlagUntilTimeoutEP17I2C_HandleTypeDefj10FlagStatusjj 0x08002fda   Section        0  stm32f4xx_hal_i2c.o(i._ZN41_INTERNAL_19_stm32f4xx_hal_i2c_c_0eb271f426I2C_WaitOnFlagUntilTimeoutEP17I2C_HandleTypeDefj10FlagStatusjj)
    [local to stm32f4xx_hal_i2c_c]::I2C_WaitOnFlagUntilTimeout(I2C_HandleTypeDef*, unsigned, FlagStatus, unsigned, unsigned) 0x08002fdb   Thumb Code   104  stm32f4xx_hal_i2c.o(i._ZN41_INTERNAL_19_stm32f4xx_hal_i2c_c_0eb271f426I2C_WaitOnFlagUntilTimeoutEP17I2C_HandleTypeDefj10FlagStatusjj)
    i._ZN41_INTERNAL_19_stm32f4xx_hal_i2c_c_0eb271f429I2C_WaitOnBTFFlagUntilTimeoutEP17I2C_HandleTypeDefjj 0x08003042   Section        0  stm32f4xx_hal_i2c.o(i._ZN41_INTERNAL_19_stm32f4xx_hal_i2c_c_0eb271f429I2C_WaitOnBTFFlagUntilTimeoutEP17I2C_HandleTypeDefjj)
    [local to stm32f4xx_hal_i2c_c]::I2C_WaitOnBTFFlagUntilTimeout(I2C_HandleTypeDef*, unsigned, unsigned) 0x08003043   Thumb Code    76  stm32f4xx_hal_i2c.o(i._ZN41_INTERNAL_19_stm32f4xx_hal_i2c_c_0eb271f429I2C_WaitOnBTFFlagUntilTimeoutEP17I2C_HandleTypeDefjj)
    i._ZN41_INTERNAL_19_stm32f4xx_hal_i2c_c_0eb271f429I2C_WaitOnTXEFlagUntilTimeoutEP17I2C_HandleTypeDefjj 0x0800308e   Section        0  stm32f4xx_hal_i2c.o(i._ZN41_INTERNAL_19_stm32f4xx_hal_i2c_c_0eb271f429I2C_WaitOnTXEFlagUntilTimeoutEP17I2C_HandleTypeDefjj)
    [local to stm32f4xx_hal_i2c_c]::I2C_WaitOnTXEFlagUntilTimeout(I2C_HandleTypeDef*, unsigned, unsigned) 0x0800308f   Thumb Code    76  stm32f4xx_hal_i2c.o(i._ZN41_INTERNAL_19_stm32f4xx_hal_i2c_c_0eb271f429I2C_WaitOnTXEFlagUntilTimeoutEP17I2C_HandleTypeDefjj)
    i._ZN41_INTERNAL_19_stm32f4xx_hal_i2c_c_0eb271f430I2C_WaitOnRXNEFlagUntilTimeoutEP17I2C_HandleTypeDefjj 0x080030da   Section        0  stm32f4xx_hal_i2c.o(i._ZN41_INTERNAL_19_stm32f4xx_hal_i2c_c_0eb271f430I2C_WaitOnRXNEFlagUntilTimeoutEP17I2C_HandleTypeDefjj)
    [local to stm32f4xx_hal_i2c_c]::I2C_WaitOnRXNEFlagUntilTimeout(I2C_HandleTypeDef*, unsigned, unsigned) 0x080030db   Thumb Code   102  stm32f4xx_hal_i2c.o(i._ZN41_INTERNAL_19_stm32f4xx_hal_i2c_c_0eb271f430I2C_WaitOnRXNEFlagUntilTimeoutEP17I2C_HandleTypeDefjj)
    i._ZN41_INTERNAL_19_stm32f4xx_hal_i2c_c_0eb271f439I2C_WaitOnMasterAddressFlagUntilTimeoutEP17I2C_HandleTypeDefjjj 0x08003140   Section        0  stm32f4xx_hal_i2c.o(i._ZN41_INTERNAL_19_stm32f4xx_hal_i2c_c_0eb271f439I2C_WaitOnMasterAddressFlagUntilTimeoutEP17I2C_HandleTypeDefjjj)
    [local to stm32f4xx_hal_i2c_c]::I2C_WaitOnMasterAddressFlagUntilTimeout(I2C_HandleTypeDef*, unsigned, unsigned, unsigned) 0x08003141   Thumb Code   150  stm32f4xx_hal_i2c.o(i._ZN41_INTERNAL_19_stm32f4xx_hal_i2c_c_0eb271f439I2C_WaitOnMasterAddressFlagUntilTimeoutEP17I2C_HandleTypeDefjjj)
    i._ZN41_INTERNAL_19_stm32f4xx_hal_tim_c_a9d95b5217TIM_OC1_SetConfigEP11TIM_TypeDefP18TIM_OC_InitTypeDef 0x080031d8   Section        0  stm32f4xx_hal_tim.o(i._ZN41_INTERNAL_19_stm32f4xx_hal_tim_c_a9d95b5217TIM_OC1_SetConfigEP11TIM_TypeDefP18TIM_OC_InitTypeDef)
    [local to stm32f4xx_hal_tim_c]::TIM_OC1_SetConfig(TIM_TypeDef*, TIM_OC_InitTypeDef*) 0x080031d9   Thumb Code    88  stm32f4xx_hal_tim.o(i._ZN41_INTERNAL_19_stm32f4xx_hal_tim_c_a9d95b5217TIM_OC1_SetConfigEP11TIM_TypeDefP18TIM_OC_InitTypeDef)
    i._ZN41_INTERNAL_19_stm32f4xx_hal_tim_c_a9d95b5217TIM_OC3_SetConfigEP11TIM_TypeDefP18TIM_OC_InitTypeDef 0x08003238   Section        0  stm32f4xx_hal_tim.o(i._ZN41_INTERNAL_19_stm32f4xx_hal_tim_c_a9d95b5217TIM_OC3_SetConfigEP11TIM_TypeDefP18TIM_OC_InitTypeDef)
    [local to stm32f4xx_hal_tim_c]::TIM_OC3_SetConfig(TIM_TypeDef*, TIM_OC_InitTypeDef*) 0x08003239   Thumb Code    96  stm32f4xx_hal_tim.o(i._ZN41_INTERNAL_19_stm32f4xx_hal_tim_c_a9d95b5217TIM_OC3_SetConfigEP11TIM_TypeDefP18TIM_OC_InitTypeDef)
    i._ZN41_INTERNAL_19_stm32f4xx_hal_tim_c_a9d95b5217TIM_OC4_SetConfigEP11TIM_TypeDefP18TIM_OC_InitTypeDef 0x080032a0   Section        0  stm32f4xx_hal_tim.o(i._ZN41_INTERNAL_19_stm32f4xx_hal_tim_c_a9d95b5217TIM_OC4_SetConfigEP11TIM_TypeDefP18TIM_OC_InitTypeDef)
    [local to stm32f4xx_hal_tim_c]::TIM_OC4_SetConfig(TIM_TypeDef*, TIM_OC_InitTypeDef*) 0x080032a1   Thumb Code    70  stm32f4xx_hal_tim.o(i._ZN41_INTERNAL_19_stm32f4xx_hal_tim_c_a9d95b5217TIM_OC4_SetConfigEP11TIM_TypeDefP18TIM_OC_InitTypeDef)
    i._ZN41_INTERNAL_19_stm32f4xx_hal_tim_c_a9d95b5218TIM_ITRx_SetConfigEP11TIM_TypeDefj 0x080032f0   Section        0  stm32f4xx_hal_tim.o(i._ZN41_INTERNAL_19_stm32f4xx_hal_tim_c_a9d95b5218TIM_ITRx_SetConfigEP11TIM_TypeDefj)
    [local to stm32f4xx_hal_tim_c]::TIM_ITRx_SetConfig(TIM_TypeDef*, unsigned) 0x080032f1   Thumb Code    16  stm32f4xx_hal_tim.o(i._ZN41_INTERNAL_19_stm32f4xx_hal_tim_c_a9d95b5218TIM_ITRx_SetConfigEP11TIM_TypeDefj)
    i._ZN41_INTERNAL_19_stm32f4xx_hal_tim_c_a9d95b5224TIM_TI1_ConfigInputStageEP11TIM_TypeDefjj 0x08003300   Section        0  stm32f4xx_hal_tim.o(i._ZN41_INTERNAL_19_stm32f4xx_hal_tim_c_a9d95b5224TIM_TI1_ConfigInputStageEP11TIM_TypeDefjj)
    [local to stm32f4xx_hal_tim_c]::TIM_TI1_ConfigInputStage(TIM_TypeDef*, unsigned, unsigned) 0x08003301   Thumb Code    34  stm32f4xx_hal_tim.o(i._ZN41_INTERNAL_19_stm32f4xx_hal_tim_c_a9d95b5224TIM_TI1_ConfigInputStageEP11TIM_TypeDefjj)
    i._ZN41_INTERNAL_19_stm32f4xx_hal_tim_c_a9d95b5224TIM_TI2_ConfigInputStageEP11TIM_TypeDefjj 0x08003322   Section        0  stm32f4xx_hal_tim.o(i._ZN41_INTERNAL_19_stm32f4xx_hal_tim_c_a9d95b5224TIM_TI2_ConfigInputStageEP11TIM_TypeDefjj)
    [local to stm32f4xx_hal_tim_c]::TIM_TI2_ConfigInputStage(TIM_TypeDef*, unsigned, unsigned) 0x08003323   Thumb Code    36  stm32f4xx_hal_tim.o(i._ZN41_INTERNAL_19_stm32f4xx_hal_tim_c_a9d95b5224TIM_TI2_ConfigInputStageEP11TIM_TypeDefjj)
    i._ZN42_INTERNAL_20_stm32f4xx_hal_uart_c_d497114f14UART_SetConfigEP20__UART_HandleTypeDef 0x08003348   Section        0  stm32f4xx_hal_uart.o(i._ZN42_INTERNAL_20_stm32f4xx_hal_uart_c_d497114f14UART_SetConfigEP20__UART_HandleTypeDef)
    [local to stm32f4xx_hal_uart_c]::UART_SetConfig(__UART_HandleTypeDef*) 0x08003349   Thumb Code   286  stm32f4xx_hal_uart.o(i._ZN42_INTERNAL_20_stm32f4xx_hal_uart_c_d497114f14UART_SetConfigEP20__UART_HandleTypeDef)
    i._ZN42_INTERNAL_20_stm32f4xx_hal_uart_c_d497114f15UART_Receive_ITEP20__UART_HandleTypeDef 0x08003470   Section        0  stm32f4xx_hal_uart.o(i._ZN42_INTERNAL_20_stm32f4xx_hal_uart_c_d497114f15UART_Receive_ITEP20__UART_HandleTypeDef)
    [local to stm32f4xx_hal_uart_c]::UART_Receive_IT(__UART_HandleTypeDef*) 0x08003471   Thumb Code   150  stm32f4xx_hal_uart.o(i._ZN42_INTERNAL_20_stm32f4xx_hal_uart_c_d497114f15UART_Receive_ITEP20__UART_HandleTypeDef)
    i._ZN42_INTERNAL_20_stm32f4xx_hal_uart_c_d497114f16UART_Transmit_ITEP20__UART_HandleTypeDef 0x08003506   Section        0  stm32f4xx_hal_uart.o(i._ZN42_INTERNAL_20_stm32f4xx_hal_uart_c_d497114f16UART_Transmit_ITEP20__UART_HandleTypeDef)
    [local to stm32f4xx_hal_uart_c]::UART_Transmit_IT(__UART_HandleTypeDef*) 0x08003507   Thumb Code    98  stm32f4xx_hal_uart.o(i._ZN42_INTERNAL_20_stm32f4xx_hal_uart_c_d497114f16UART_Transmit_ITEP20__UART_HandleTypeDef)
    i._ZN42_INTERNAL_20_stm32f4xx_hal_uart_c_d497114f18UART_EndRxTransferEP20__UART_HandleTypeDef 0x08003568   Section        0  stm32f4xx_hal_uart.o(i._ZN42_INTERNAL_20_stm32f4xx_hal_uart_c_d497114f18UART_EndRxTransferEP20__UART_HandleTypeDef)
    [local to stm32f4xx_hal_uart_c]::UART_EndRxTransfer(__UART_HandleTypeDef*) 0x08003569   Thumb Code    28  stm32f4xx_hal_uart.o(i._ZN42_INTERNAL_20_stm32f4xx_hal_uart_c_d497114f18UART_EndRxTransferEP20__UART_HandleTypeDef)
    i._ZN42_INTERNAL_20_stm32f4xx_hal_uart_c_d497114f20UART_DMAAbortOnErrorEP19__DMA_HandleTypeDef 0x08003584   Section        0  stm32f4xx_hal_uart.o(i._ZN42_INTERNAL_20_stm32f4xx_hal_uart_c_d497114f20UART_DMAAbortOnErrorEP19__DMA_HandleTypeDef)
    [local to stm32f4xx_hal_uart_c]::UART_DMAAbortOnError(__DMA_HandleTypeDef*) 0x08003585   Thumb Code    16  stm32f4xx_hal_uart.o(i._ZN42_INTERNAL_20_stm32f4xx_hal_uart_c_d497114f20UART_DMAAbortOnErrorEP19__DMA_HandleTypeDef)
    i._ZN44_INTERNAL_22_stm32f4xx_hal_cortex_c_2992dbc018__NVIC_SetPriorityE9IRQn_Typej 0x08003594   Section        0  stm32f4xx_hal_cortex.o(i._ZN44_INTERNAL_22_stm32f4xx_hal_cortex_c_2992dbc018__NVIC_SetPriorityE9IRQn_Typej)
    [local to stm32f4xx_hal_cortex_c]::__NVIC_SetPriority(IRQn_Type, unsigned) 0x08003595   Thumb Code    32  stm32f4xx_hal_cortex.o(i._ZN44_INTERNAL_22_stm32f4xx_hal_cortex_c_2992dbc018__NVIC_SetPriorityE9IRQn_Typej)
    i._ZN8BoardLed12setModeBlinkEhjj         0x080035b4   Section        0  bsp_led.o(i._ZN8BoardLed12setModeBlinkEhjj)
    i._ZN8BoardLed13setModeBreathEj          0x080035ca   Section        0  bsp_led.o(i._ZN8BoardLed13setModeBreathEj)
    i._ZN8BoardLed4initEv                    0x080035d2   Section        0  bsp_led.o(i._ZN8BoardLed4initEv)
    i._ZN8BoardLed6handleEv                  0x080035f4   Section        0  bsp_led.o(i._ZN8BoardLed6handleEv)
    i._ZN8BoardLed8setColorEhhh              0x08003758   Section        0  bsp_led.o(i._ZN8BoardLed8setColorEhhh)
    i._ZN8BoardLed9loopLimitEjjj             0x08003760   Section        0  bsp_led.o(i._ZN8BoardLed9loopLimitEjjj)
    i._ZN8BoardLedC1Ev                       0x08003784   Section        0  bsp_led.o(i._ZN8BoardLedC1Ev)
    i.__scatterload_copy                     0x0800379c   Section       14  handlers.o(i.__scatterload_copy)
    i.__scatterload_null                     0x080037aa   Section        2  handlers.o(i.__scatterload_null)
    i.__scatterload_zeroinit                 0x080037ac   Section       14  handlers.o(i.__scatterload_zeroinit)
    i.__sti___6_main_c_led                   0x080037bc   Section        0  main.o(i.__sti___6_main_c_led)
    __sti___6_main_c_led                     0x080037bd   Thumb Code    20  main.o(i.__sti___6_main_c_led)
    i.main                                   0x080037d4   Section        0  main.o(i.main)
    .constdata                               0x080038a4   Section        8  stm32f4xx_hal_dma.o(.constdata)
    [local to stm32f4xx_hal_dma_c]::DMA_CalcBaseAndBitshift(__DMA_HandleTypeDef*)::flagBitshiftOffset 0x080038a4   Data           8  stm32f4xx_hal_dma.o(.constdata)
    .constdata                               0x080038ac   Section       16  system_stm32f4xx.o(.constdata)
    .constdata                               0x080038bc   Section        8  system_stm32f4xx.o(.constdata)
    .constdata                               0x080038c4   Section       12  ist8310driver.o(.constdata)
    ist8310_write_reg_data_error             0x080038c4   Data          12  ist8310driver.o(.constdata)
    .init_array                              0x080038f0   Section        4  main.o(.init_array)
    .init_array                              0x080038f4   Section        0  cpp_init.o(.init_array)
    .data                                    0x20000000   Section       12  main.o(.data)
    .data                                    0x2000000c   Section       12  stm32f4xx_hal.o(.data)
    .data                                    0x20000018   Section        4  system_stm32f4xx.o(.data)
    .data                                    0x2000001c   Section       24  bsp_adc.o(.data)
    .data                                    0x20000034   Section       12  bsp_led.o(.data)
    .bss                                     0x20000040   Section      108  main.o(.bss)
    .bss                                     0x200000ac   Section      144  adc.o(.bss)
    .bss                                     0x2000013c   Section       84  i2c.o(.bss)
    .bss                                     0x20000190   Section      256  tim.o(.bss)
    .bss                                     0x20000290   Section      480  usart.o(.bss)
    .bss                                     0x20000470   Section       16  bsp_adc.o(.bss)
    Board_Monitor::adcxGetChxValue(ADC_HandleTypeDef*, unsigned)::config 0x20000470   Data          16  bsp_adc.o(.bss)
    STACK                                    0x20000480   Section     1024  startup_stm32f407xx.o(STACK)

    Global Symbols

    Symbol Name                              Value     Ov Type        Size  Object(Section)

    BuildAttributes$$THM_ISAv4$E$P$D$K$B$S$7EM$VFPi3$EXTD16$VFPS$VFMA$PE$A:L22UL41UL21$X:L11$S22US41US21$IEEE1$IW$USESV6$~STKCKD$USESV7$~SHL$OSPACE$EBA8$MICROLIB$REQ8$PRES8$EABIv2 0x00000000   Number         0  anon$$obj.o ABSOLUTE
    __ARM_use_no_argv                        0x00000000   Number         0  main.o ABSOLUTE
    __cxa_finalize                            - Undefined Weak Reference
    __decompress                              - Undefined Weak Reference
    _clock_init                               - Undefined Weak Reference
    _microlib_exit                            - Undefined Weak Reference
    __Vectors_Size                           0x00000188   Number         0  startup_stm32f407xx.o ABSOLUTE
    __Vectors                                0x08000000   Data           4  startup_stm32f407xx.o(RESET)
    __Vectors_End                            0x08000188   Data           0  startup_stm32f407xx.o(RESET)
    __main                                   0x08000189   Thumb Code     0  entry.o(.ARM.Collect$$$$00000000)
    _main_stk                                0x08000189   Thumb Code     0  entry2.o(.ARM.Collect$$$$00000001)
    _main_scatterload                        0x0800018d   Thumb Code     0  entry5.o(.ARM.Collect$$$$00000004)
    __main_after_scatterload                 0x08000191   Thumb Code     0  entry5.o(.ARM.Collect$$$$00000004)
    _main_clock                              0x08000191   Thumb Code     0  entry7b.o(.ARM.Collect$$$$00000008)
    _main_cpp_init$empty                     0x08000191   Thumb Code     0  entry8a.o(.ARM.Collect$$$$00000009)
    _main_cpp_init                           0x08000195   Thumb Code     0  entry8b.o(.ARM.Collect$$$$0000000A)
    _main_init                               0x08000195   Thumb Code     0  entry9a.o(.ARM.Collect$$$$0000000B)
    __rt_final_cpp                           0x0800019d   Thumb Code     0  entry10a.o(.ARM.Collect$$$$0000000D)
    __rt_final_exit                          0x0800019d   Thumb Code     0  entry11a.o(.ARM.Collect$$$$0000000F)
    Reset_Handler                            0x080001a1   Thumb Code     8  startup_stm32f407xx.o(.text)
    ADC_IRQHandler                           0x080001bb   Thumb Code     0  startup_stm32f407xx.o(.text)
    CAN1_RX0_IRQHandler                      0x080001bb   Thumb Code     0  startup_stm32f407xx.o(.text)
    CAN1_RX1_IRQHandler                      0x080001bb   Thumb Code     0  startup_stm32f407xx.o(.text)
    CAN1_SCE_IRQHandler                      0x080001bb   Thumb Code     0  startup_stm32f407xx.o(.text)
    CAN1_TX_IRQHandler                       0x080001bb   Thumb Code     0  startup_stm32f407xx.o(.text)
    CAN2_RX0_IRQHandler                      0x080001bb   Thumb Code     0  startup_stm32f407xx.o(.text)
    CAN2_RX1_IRQHandler                      0x080001bb   Thumb Code     0  startup_stm32f407xx.o(.text)
    CAN2_SCE_IRQHandler                      0x080001bb   Thumb Code     0  startup_stm32f407xx.o(.text)
    CAN2_TX_IRQHandler                       0x080001bb   Thumb Code     0  startup_stm32f407xx.o(.text)
    DCMI_IRQHandler                          0x080001bb   Thumb Code     0  startup_stm32f407xx.o(.text)
    DMA1_Stream0_IRQHandler                  0x080001bb   Thumb Code     0  startup_stm32f407xx.o(.text)
    DMA1_Stream2_IRQHandler                  0x080001bb   Thumb Code     0  startup_stm32f407xx.o(.text)
    DMA1_Stream3_IRQHandler                  0x080001bb   Thumb Code     0  startup_stm32f407xx.o(.text)
    DMA1_Stream4_IRQHandler                  0x080001bb   Thumb Code     0  startup_stm32f407xx.o(.text)
    DMA1_Stream5_IRQHandler                  0x080001bb   Thumb Code     0  startup_stm32f407xx.o(.text)
    DMA1_Stream6_IRQHandler                  0x080001bb   Thumb Code     0  startup_stm32f407xx.o(.text)
    DMA1_Stream7_IRQHandler                  0x080001bb   Thumb Code     0  startup_stm32f407xx.o(.text)
    DMA2_Stream0_IRQHandler                  0x080001bb   Thumb Code     0  startup_stm32f407xx.o(.text)
    DMA2_Stream1_IRQHandler                  0x080001bb   Thumb Code     0  startup_stm32f407xx.o(.text)
    DMA2_Stream3_IRQHandler                  0x080001bb   Thumb Code     0  startup_stm32f407xx.o(.text)
    DMA2_Stream4_IRQHandler                  0x080001bb   Thumb Code     0  startup_stm32f407xx.o(.text)
    DMA2_Stream5_IRQHandler                  0x080001bb   Thumb Code     0  startup_stm32f407xx.o(.text)
    DMA2_Stream6_IRQHandler                  0x080001bb   Thumb Code     0  startup_stm32f407xx.o(.text)
    ETH_IRQHandler                           0x080001bb   Thumb Code     0  startup_stm32f407xx.o(.text)
    ETH_WKUP_IRQHandler                      0x080001bb   Thumb Code     0  startup_stm32f407xx.o(.text)
    EXTI15_10_IRQHandler                     0x080001bb   Thumb Code     0  startup_stm32f407xx.o(.text)
    EXTI1_IRQHandler                         0x080001bb   Thumb Code     0  startup_stm32f407xx.o(.text)
    EXTI2_IRQHandler                         0x080001bb   Thumb Code     0  startup_stm32f407xx.o(.text)
    EXTI4_IRQHandler                         0x080001bb   Thumb Code     0  startup_stm32f407xx.o(.text)
    EXTI9_5_IRQHandler                       0x080001bb   Thumb Code     0  startup_stm32f407xx.o(.text)
    FLASH_IRQHandler                         0x080001bb   Thumb Code     0  startup_stm32f407xx.o(.text)
    FMC_IRQHandler                           0x080001bb   Thumb Code     0  startup_stm32f407xx.o(.text)
    FPU_IRQHandler                           0x080001bb   Thumb Code     0  startup_stm32f407xx.o(.text)
    HASH_RNG_IRQHandler                      0x080001bb   Thumb Code     0  startup_stm32f407xx.o(.text)
    I2C1_ER_IRQHandler                       0x080001bb   Thumb Code     0  startup_stm32f407xx.o(.text)
    I2C1_EV_IRQHandler                       0x080001bb   Thumb Code     0  startup_stm32f407xx.o(.text)
    I2C2_ER_IRQHandler                       0x080001bb   Thumb Code     0  startup_stm32f407xx.o(.text)
    I2C2_EV_IRQHandler                       0x080001bb   Thumb Code     0  startup_stm32f407xx.o(.text)
    I2C3_ER_IRQHandler                       0x080001bb   Thumb Code     0  startup_stm32f407xx.o(.text)
    I2C3_EV_IRQHandler                       0x080001bb   Thumb Code     0  startup_stm32f407xx.o(.text)
    OTG_FS_IRQHandler                        0x080001bb   Thumb Code     0  startup_stm32f407xx.o(.text)
    OTG_FS_WKUP_IRQHandler                   0x080001bb   Thumb Code     0  startup_stm32f407xx.o(.text)
    OTG_HS_EP1_IN_IRQHandler                 0x080001bb   Thumb Code     0  startup_stm32f407xx.o(.text)
    OTG_HS_EP1_OUT_IRQHandler                0x080001bb   Thumb Code     0  startup_stm32f407xx.o(.text)
    OTG_HS_IRQHandler                        0x080001bb   Thumb Code     0  startup_stm32f407xx.o(.text)
    OTG_HS_WKUP_IRQHandler                   0x080001bb   Thumb Code     0  startup_stm32f407xx.o(.text)
    PVD_IRQHandler                           0x080001bb   Thumb Code     0  startup_stm32f407xx.o(.text)
    RCC_IRQHandler                           0x080001bb   Thumb Code     0  startup_stm32f407xx.o(.text)
    RTC_Alarm_IRQHandler                     0x080001bb   Thumb Code     0  startup_stm32f407xx.o(.text)
    RTC_WKUP_IRQHandler                      0x080001bb   Thumb Code     0  startup_stm32f407xx.o(.text)
    SDIO_IRQHandler                          0x080001bb   Thumb Code     0  startup_stm32f407xx.o(.text)
    SPI1_IRQHandler                          0x080001bb   Thumb Code     0  startup_stm32f407xx.o(.text)
    SPI2_IRQHandler                          0x080001bb   Thumb Code     0  startup_stm32f407xx.o(.text)
    SPI3_IRQHandler                          0x080001bb   Thumb Code     0  startup_stm32f407xx.o(.text)
    TAMP_STAMP_IRQHandler                    0x080001bb   Thumb Code     0  startup_stm32f407xx.o(.text)
    TIM1_BRK_TIM9_IRQHandler                 0x080001bb   Thumb Code     0  startup_stm32f407xx.o(.text)
    TIM1_CC_IRQHandler                       0x080001bb   Thumb Code     0  startup_stm32f407xx.o(.text)
    TIM1_TRG_COM_TIM11_IRQHandler            0x080001bb   Thumb Code     0  startup_stm32f407xx.o(.text)
    TIM2_IRQHandler                          0x080001bb   Thumb Code     0  startup_stm32f407xx.o(.text)
    TIM3_IRQHandler                          0x080001bb   Thumb Code     0  startup_stm32f407xx.o(.text)
    TIM4_IRQHandler                          0x080001bb   Thumb Code     0  startup_stm32f407xx.o(.text)
    TIM5_IRQHandler                          0x080001bb   Thumb Code     0  startup_stm32f407xx.o(.text)
    TIM6_DAC_IRQHandler                      0x080001bb   Thumb Code     0  startup_stm32f407xx.o(.text)
    TIM7_IRQHandler                          0x080001bb   Thumb Code     0  startup_stm32f407xx.o(.text)
    TIM8_BRK_TIM12_IRQHandler                0x080001bb   Thumb Code     0  startup_stm32f407xx.o(.text)
    TIM8_CC_IRQHandler                       0x080001bb   Thumb Code     0  startup_stm32f407xx.o(.text)
    TIM8_TRG_COM_TIM14_IRQHandler            0x080001bb   Thumb Code     0  startup_stm32f407xx.o(.text)
    TIM8_UP_TIM13_IRQHandler                 0x080001bb   Thumb Code     0  startup_stm32f407xx.o(.text)
    UART4_IRQHandler                         0x080001bb   Thumb Code     0  startup_stm32f407xx.o(.text)
    UART5_IRQHandler                         0x080001bb   Thumb Code     0  startup_stm32f407xx.o(.text)
    USART2_IRQHandler                        0x080001bb   Thumb Code     0  startup_stm32f407xx.o(.text)
    USART3_IRQHandler                        0x080001bb   Thumb Code     0  startup_stm32f407xx.o(.text)
    WWDG_IRQHandler                          0x080001bb   Thumb Code     0  startup_stm32f407xx.o(.text)
    __aeabi_uldivmod                         0x080001c5   Thumb Code    98  uldiv.o(.text)
    __aeabi_memset                           0x08000227   Thumb Code    14  memseta.o(.text)
    __aeabi_memset4                          0x08000227   Thumb Code     0  memseta.o(.text)
    __aeabi_memset8                          0x08000227   Thumb Code     0  memseta.o(.text)
    __aeabi_memclr                           0x08000235   Thumb Code     4  memseta.o(.text)
    __aeabi_memclr4                          0x08000235   Thumb Code     0  memseta.o(.text)
    __aeabi_memclr8                          0x08000235   Thumb Code     0  memseta.o(.text)
    _memset$wrapper                          0x08000239   Thumb Code    18  memseta.o(.text)
    __cpp_initialize__aeabi_                 0x0800024d   Thumb Code    22  cpp_init.o(.text)
    __aeabi_llsl                             0x0800026d   Thumb Code    30  llshl.o(.text)
    _ll_shift_l                              0x0800026d   Thumb Code     0  llshl.o(.text)
    __aeabi_llsr                             0x0800028b   Thumb Code    32  llushr.o(.text)
    _ll_ushift_r                             0x0800028b   Thumb Code     0  llushr.o(.text)
    __scatterload                            0x080002ad   Thumb Code    28  init.o(.text)
    __scatterload_rt2                        0x080002ad   Thumb Code     0  init.o(.text)
    BusFault_Handler                         0x080002d1   Thumb Code     2  stm32f4xx_it.o(i.BusFault_Handler)
    DMA1_Stream1_IRQHandler                  0x080002d5   Thumb Code     6  stm32f4xx_it.o(i.DMA1_Stream1_IRQHandler)
    DMA2_Stream2_IRQHandler                  0x080002e1   Thumb Code     6  stm32f4xx_it.o(i.DMA2_Stream2_IRQHandler)
    DMA2_Stream7_IRQHandler                  0x080002ed   Thumb Code     6  stm32f4xx_it.o(i.DMA2_Stream7_IRQHandler)
    DebugMon_Handler                         0x080002f9   Thumb Code     2  stm32f4xx_it.o(i.DebugMon_Handler)
    EXTI0_IRQHandler                         0x080002fb   Thumb Code     6  stm32f4xx_it.o(i.EXTI0_IRQHandler)
    EXTI3_IRQHandler                         0x08000301   Thumb Code     6  stm32f4xx_it.o(i.EXTI3_IRQHandler)
    Error_Handler                            0x08000307   Thumb Code     4  main.o(i.Error_Handler)
    HAL_ADC_ConfigChannel                    0x0800030d   Thumb Code   316  stm32f4xx_hal_adc.o(i.HAL_ADC_ConfigChannel)
    HAL_ADC_GetValue                         0x08000459   Thumb Code     6  stm32f4xx_hal_adc.o(i.HAL_ADC_GetValue)
    HAL_ADC_Init                             0x0800045f   Thumb Code    84  stm32f4xx_hal_adc.o(i.HAL_ADC_Init)
    HAL_ADC_MspInit                          0x080004b5   Thumb Code   108  adc.o(i.HAL_ADC_MspInit)
    HAL_ADC_PollForConversion                0x08000531   Thumb Code   162  stm32f4xx_hal_adc.o(i.HAL_ADC_PollForConversion)
    HAL_ADC_Start                            0x080005d5   Thumb Code   210  stm32f4xx_hal_adc.o(i.HAL_ADC_Start)
    HAL_DMA_Abort_IT                         0x080006c1   Thumb Code    36  stm32f4xx_hal_dma.o(i.HAL_DMA_Abort_IT)
    HAL_DMA_IRQHandler                       0x080006e5   Thumb Code   412  stm32f4xx_hal_dma.o(i.HAL_DMA_IRQHandler)
    HAL_DMA_Init                             0x08000885   Thumb Code   206  stm32f4xx_hal_dma.o(i.HAL_DMA_Init)
    HAL_Delay                                0x08000959   Thumb Code    32  stm32f4xx_hal.o(i.HAL_Delay)
    HAL_GPIO_EXTI_Callback                   0x0800097d   Thumb Code    20  main.o(i.HAL_GPIO_EXTI_Callback)
    HAL_GPIO_EXTI_IRQHandler                 0x08000999   Thumb Code    18  stm32f4xx_hal_gpio.o(i.HAL_GPIO_EXTI_IRQHandler)
    HAL_GPIO_Init                            0x080009b1   Thumb Code   394  stm32f4xx_hal_gpio.o(i.HAL_GPIO_Init)
    HAL_GPIO_ReadPin                         0x08000b69   Thumb Code    10  stm32f4xx_hal_gpio.o(i.HAL_GPIO_ReadPin)
    HAL_GPIO_WritePin                        0x08000b73   Thumb Code    10  stm32f4xx_hal_gpio.o(i.HAL_GPIO_WritePin)
    HAL_GetTick                              0x08000b7d   Thumb Code     6  stm32f4xx_hal.o(i.HAL_GetTick)
    HAL_I2C_Init                             0x08000b89   Thumb Code   376  stm32f4xx_hal_i2c.o(i.HAL_I2C_Init)
    HAL_I2C_Mem_Read                         0x08000d11   Thumb Code   490  stm32f4xx_hal_i2c.o(i.HAL_I2C_Mem_Read)
    HAL_I2C_Mem_Write                        0x08000f09   Thumb Code   294  stm32f4xx_hal_i2c.o(i.HAL_I2C_Mem_Write)
    HAL_I2C_MspInit                          0x08001039   Thumb Code   118  i2c.o(i.HAL_I2C_MspInit)
    HAL_IncTick                              0x080010c1   Thumb Code    12  stm32f4xx_hal.o(i.HAL_IncTick)
    HAL_Init                                 0x080010d1   Thumb Code    48  stm32f4xx_hal.o(i.HAL_Init)
    HAL_InitTick                             0x08001105   Thumb Code    54  stm32f4xx_hal.o(i.HAL_InitTick)
    HAL_MspInit                              0x08001145   Thumb Code    42  stm32f4xx_hal_msp.o(i.HAL_MspInit)
    HAL_NVIC_EnableIRQ                       0x08001175   Thumb Code    26  stm32f4xx_hal_cortex.o(i.HAL_NVIC_EnableIRQ)
    HAL_NVIC_SetPriority                     0x08001191   Thumb Code    60  stm32f4xx_hal_cortex.o(i.HAL_NVIC_SetPriority)
    HAL_NVIC_SetPriorityGrouping             0x080011d1   Thumb Code    26  stm32f4xx_hal_cortex.o(i.HAL_NVIC_SetPriorityGrouping)
    HAL_RCC_ClockConfig                      0x080011f5   Thumb Code   288  stm32f4xx_hal_rcc.o(i.HAL_RCC_ClockConfig)
    HAL_RCC_GetPCLK1Freq                     0x08001329   Thumb Code    20  stm32f4xx_hal_rcc.o(i.HAL_RCC_GetPCLK1Freq)
    HAL_RCC_GetPCLK2Freq                     0x08001349   Thumb Code    20  stm32f4xx_hal_rcc.o(i.HAL_RCC_GetPCLK2Freq)
    HAL_RCC_GetSysClockFreq                  0x08001369   Thumb Code    88  stm32f4xx_hal_rcc.o(i.HAL_RCC_GetSysClockFreq)
    HAL_RCC_OscConfig                        0x080013cd   Thumb Code   840  stm32f4xx_hal_rcc.o(i.HAL_RCC_OscConfig)
    HAL_SYSTICK_Config                       0x08001729   Thumb Code    40  stm32f4xx_hal_cortex.o(i.HAL_SYSTICK_Config)
    HAL_TIMEx_BreakCallback                  0x08001751   Thumb Code     2  stm32f4xx_hal_tim_ex.o(i.HAL_TIMEx_BreakCallback)
    HAL_TIMEx_CommutCallback                 0x08001753   Thumb Code     2  stm32f4xx_hal_tim_ex.o(i.HAL_TIMEx_CommutCallback)
    HAL_TIMEx_ConfigBreakDeadTime            0x08001755   Thumb Code    84  stm32f4xx_hal_tim_ex.o(i.HAL_TIMEx_ConfigBreakDeadTime)
    HAL_TIMEx_MasterConfigSynchronization    0x080017a9   Thumb Code   116  stm32f4xx_hal_tim_ex.o(i.HAL_TIMEx_MasterConfigSynchronization)
    HAL_TIM_Base_Init                        0x08001839   Thumb Code    54  stm32f4xx_hal_tim.o(i.HAL_TIM_Base_Init)
    HAL_TIM_Base_MspInit                     0x08001871   Thumb Code   120  tim.o(i.HAL_TIM_Base_MspInit)
    HAL_TIM_Base_Start                       0x080018fd   Thumb Code    36  stm32f4xx_hal_tim.o(i.HAL_TIM_Base_Start)
    HAL_TIM_Base_Start_IT                    0x08001921   Thumb Code    34  stm32f4xx_hal_tim.o(i.HAL_TIM_Base_Start_IT)
    HAL_TIM_ConfigClockSource                0x08001943   Thumb Code   214  stm32f4xx_hal_tim.o(i.HAL_TIM_ConfigClockSource)
    HAL_TIM_IC_CaptureCallback               0x08001a19   Thumb Code     2  stm32f4xx_hal_tim.o(i.HAL_TIM_IC_CaptureCallback)
    HAL_TIM_IRQHandler                       0x08001a1b   Thumb Code   358  stm32f4xx_hal_tim.o(i.HAL_TIM_IRQHandler)
    HAL_TIM_MspPostInit                      0x08001b81   Thumb Code   146  tim.o(i.HAL_TIM_MspPostInit)
    HAL_TIM_OC_DelayElapsedCallback          0x08001c31   Thumb Code     2  stm32f4xx_hal_tim.o(i.HAL_TIM_OC_DelayElapsedCallback)
    HAL_TIM_PWM_ConfigChannel                0x08001c33   Thumb Code   208  stm32f4xx_hal_tim.o(i.HAL_TIM_PWM_ConfigChannel)
    HAL_TIM_PWM_Init                         0x08001d03   Thumb Code    54  stm32f4xx_hal_tim.o(i.HAL_TIM_PWM_Init)
    HAL_TIM_PWM_MspInit                      0x08001d39   Thumb Code     2  stm32f4xx_hal_tim.o(i.HAL_TIM_PWM_MspInit)
    HAL_TIM_PWM_PulseFinishedCallback        0x08001d3b   Thumb Code     2  stm32f4xx_hal_tim.o(i.HAL_TIM_PWM_PulseFinishedCallback)
    HAL_TIM_PWM_Start                        0x08001d3d   Thumb Code    58  stm32f4xx_hal_tim.o(i.HAL_TIM_PWM_Start)
    HAL_TIM_PeriodElapsedCallback            0x08001d81   Thumb Code   196  main.o(i.HAL_TIM_PeriodElapsedCallback)
    HAL_TIM_TriggerCallback                  0x08001e55   Thumb Code     2  stm32f4xx_hal_tim.o(i.HAL_TIM_TriggerCallback)
    HAL_UART_ErrorCallback                   0x08001e57   Thumb Code     2  stm32f4xx_hal_uart.o(i.HAL_UART_ErrorCallback)
    HAL_UART_IRQHandler                      0x08001e59   Thumb Code   270  stm32f4xx_hal_uart.o(i.HAL_UART_IRQHandler)
    HAL_UART_Init                            0x08001f6d   Thumb Code    98  stm32f4xx_hal_uart.o(i.HAL_UART_Init)
    HAL_UART_MspInit                         0x08001fd1   Thumb Code   404  usart.o(i.HAL_UART_MspInit)
    HAL_UART_RxCpltCallback                  0x0800218d   Thumb Code     2  stm32f4xx_hal_uart.o(i.HAL_UART_RxCpltCallback)
    HAL_UART_TxCpltCallback                  0x0800218f   Thumb Code     2  stm32f4xx_hal_uart.o(i.HAL_UART_TxCpltCallback)
    HardFault_Handler                        0x08002191   Thumb Code     2  stm32f4xx_it.o(i.HardFault_Handler)
    MX_ADC1_Init                             0x08002195   Thumb Code    88  adc.o(i.MX_ADC1_Init)
    MX_ADC3_Init                             0x080021f9   Thumb Code    88  adc.o(i.MX_ADC3_Init)
    MX_DMA_Init                              0x0800225d   Thumb Code    88  dma.o(i.MX_DMA_Init)
    MX_GPIO_Init                             0x080022b9   Thumb Code   244  gpio.o(i.MX_GPIO_Init)
    MX_I2C3_Init                             0x080023c1   Thumb Code    50  i2c.o(i.MX_I2C3_Init)
    MX_TIM1_Init                             0x08002401   Thumb Code    96  tim.o(i.MX_TIM1_Init)
    MX_TIM4_Init                             0x08002469   Thumb Code   142  tim.o(i.MX_TIM4_Init)
    MX_TIM5_Init                             0x08002501   Thumb Code   174  tim.o(i.MX_TIM5_Init)
    MX_TIM8_Init                             0x080025b9   Thumb Code   228  tim.o(i.MX_TIM8_Init)
    MX_USART1_UART_Init                      0x080026a5   Thumb Code    48  usart.o(i.MX_USART1_UART_Init)
    MX_USART3_UART_Init                      0x080026dd   Thumb Code    46  usart.o(i.MX_USART3_UART_Init)
    MX_USART6_UART_Init                      0x08002719   Thumb Code    48  usart.o(i.MX_USART6_UART_Init)
    MemManage_Handler                        0x08002751   Thumb Code     2  stm32f4xx_it.o(i.MemManage_Handler)
    NMI_Handler                              0x08002753   Thumb Code     2  stm32f4xx_it.o(i.NMI_Handler)
    PendSV_Handler                           0x08002755   Thumb Code     2  stm32f4xx_it.o(i.PendSV_Handler)
    SVC_Handler                              0x08002757   Thumb Code     2  stm32f4xx_it.o(i.SVC_Handler)
    SysTick_Handler                          0x08002759   Thumb Code     4  stm32f4xx_it.o(i.SysTick_Handler)
    SystemInit                               0x0800275d   Thumb Code    22  system_stm32f4xx.o(i.SystemInit)
    TIM1_UP_TIM10_IRQHandler                 0x08002779   Thumb Code     6  stm32f4xx_it.o(i.TIM1_UP_TIM10_IRQHandler)
    TIM_Base_SetConfig                       0x08002785   Thumb Code   156  stm32f4xx_hal_tim.o(i.TIM_Base_SetConfig)
    TIM_CCxChannelCmd                        0x0800284d   Thumb Code    26  stm32f4xx_hal_tim.o(i.TIM_CCxChannelCmd)
    TIM_ETR_SetConfig                        0x08002867   Thumb Code    20  stm32f4xx_hal_tim.o(i.TIM_ETR_SetConfig)
    TIM_OC2_SetConfig                        0x0800287d   Thumb Code    98  stm32f4xx_hal_tim.o(i.TIM_OC2_SetConfig)
    USART1_IRQHandler                        0x080028e9   Thumb Code     6  stm32f4xx_it.o(i.USART1_IRQHandler)
    USART6_IRQHandler                        0x080028f5   Thumb Code     6  stm32f4xx_it.o(i.USART6_IRQHandler)
    UsageFault_Handler                       0x08002901   Thumb Code     2  stm32f4xx_it.o(i.UsageFault_Handler)
    ist8310_init()                           0x08002905   Thumb Code   114  ist8310driver.o(i._Z12ist8310_initv)
    ist8310_RST_H()                          0x0800297d   Thumb Code    10  ist8310driver_middleware.o(i._Z13ist8310_RST_Hv)
    ist8310_RST_L()                          0x0800298d   Thumb Code    10  ist8310driver_middleware.o(i._Z13ist8310_RST_Lv)
    ist8310_com_init()                       0x0800299d   Thumb Code     2  ist8310driver_middleware.o(i._Z16ist8310_com_initv)
    ist8310_delay_ms(unsigned short)         0x0800299f   Thumb Code     4  ist8310driver_middleware.o(i._Z16ist8310_delay_mst)
    ist8310_delay_us(unsigned short)         0x080029a3   Thumb Code    48  ist8310driver_middleware.o(i._Z16ist8310_delay_ust)
    ist8310_read_mag(float*)                 0x080029d5   Thumb Code    80  ist8310driver.o(i._Z16ist8310_read_magPf)
    ist8310_GPIO_init()                      0x08002a29   Thumb Code     2  ist8310driver_middleware.o(i._Z17ist8310_GPIO_initv)
    SystemClock_Config()                     0x08002a2d   Thumb Code   140  main.o(i._Z18SystemClock_Configv)
    ist8310_IIC_read_muli_reg(unsigned char, unsigned char*, unsigned char) 0x08002ac1   Thumb Code    22  ist8310driver_middleware.o(i._Z25ist8310_IIC_read_muli_reghPhh)
    ist8310_IIC_read_single_reg(unsigned char) 0x08002add   Thumb Code    38  ist8310driver_middleware.o(i._Z27ist8310_IIC_read_single_regh)
    ist8310_IIC_write_single_reg(unsigned char, unsigned char) 0x08002b09   Thumb Code    30  ist8310driver_middleware.o(i._Z28ist8310_IIC_write_single_reghh)
    Board_Monitor::adcxGetChxValue(ADC_HandleTypeDef*, unsigned) 0x08002b2d   Thumb Code    54  bsp_adc.o(i._ZN13Board_Monitor15adcxGetChxValueEP17ADC_HandleTypeDefj)
    Board_Monitor::sampleTemperate()         0x08002b69   Thumb Code    54  bsp_adc.o(i._ZN13Board_Monitor15sampleTemperateEv)
    Board_Monitor::sampleBatteryVoltage()    0x08002ba9   Thumb Code    42  bsp_adc.o(i._ZN13Board_Monitor20sampleBatteryVoltageEv)
    Board_Monitor::init_vrefint_reciprocal() 0x08002bd9   Thumb Code    70  bsp_adc.o(i._ZN13Board_Monitor23init_vrefint_reciprocalEv)
    Board_Monitor::Board_Monitor()           0x08002c25   Thumb Code    50  bsp_adc.o(i._ZN13Board_MonitorC1Ev)
    Board_Monitor::Board_Monitor__sub_object() 0x08002c25   Thumb Code     0  bsp_adc.o(i._ZN13Board_MonitorC1Ev)
    BoardLed::setModeBlink(unsigned char, unsigned, unsigned) 0x080035b5   Thumb Code    22  bsp_led.o(i._ZN8BoardLed12setModeBlinkEhjj)
    BoardLed::setModeBreath(unsigned)        0x080035cb   Thumb Code     8  bsp_led.o(i._ZN8BoardLed13setModeBreathEj)
    BoardLed::init()                         0x080035d3   Thumb Code    32  bsp_led.o(i._ZN8BoardLed4initEv)
    BoardLed::handle()                       0x080035f5   Thumb Code   348  bsp_led.o(i._ZN8BoardLed6handleEv)
    BoardLed::setColor(unsigned char, unsigned char, unsigned char) 0x08003759   Thumb Code     8  bsp_led.o(i._ZN8BoardLed8setColorEhhh)
    BoardLed::loopLimit(unsigned, unsigned, unsigned) 0x08003761   Thumb Code    36  bsp_led.o(i._ZN8BoardLed9loopLimitEjjj)
    BoardLed::BoardLed()                     0x08003785   Thumb Code    20  bsp_led.o(i._ZN8BoardLedC1Ev)
    BoardLed::BoardLed__sub_object()         0x08003785   Thumb Code     0  bsp_led.o(i._ZN8BoardLedC1Ev)
    __scatterload_copy                       0x0800379d   Thumb Code    14  handlers.o(i.__scatterload_copy)
    __scatterload_null                       0x080037ab   Thumb Code     2  handlers.o(i.__scatterload_null)
    __scatterload_zeroinit                   0x080037ad   Thumb Code    14  handlers.o(i.__scatterload_zeroinit)
    main                                     0x080037d5   Thumb Code   178  main.o(i.main)
    AHBPrescTable                            0x080038ac   Data          16  system_stm32f4xx.o(.constdata)
    APBPrescTable                            0x080038bc   Data           8  system_stm32f4xx.o(.constdata)
    Region$$Table$$Base                      0x080038d0   Number         0  anon$$obj.o(Region$$Table)
    Region$$Table$$Limit                     0x080038f0   Number         0  anon$$obj.o(Region$$Table)
    SHT$$INIT_ARRAY$$Base                    0x080038f0   Number         0  main.o(.init_array)
    SHT$$INIT_ARRAY$$Limit                   0x080038f4   Number         0  cpp_init.o(.init_array)
    exit_cnt                                 0x20000000   Data           4  main.o(.data)
    cnt                                      0x20000004   Data           4  main.o(.data)
    ist_rdy_cnt                              0x20000008   Data           4  main.o(.data)
    uwTickFreq                               0x2000000c   Data           1  stm32f4xx_hal.o(.data)
    uwTickPrio                               0x20000010   Data           4  stm32f4xx_hal.o(.data)
    uwTick                                   0x20000014   Data           4  stm32f4xx_hal.o(.data)
    SystemCoreClock                          0x20000018   Data           4  system_stm32f4xx.o(.data)
    v_hadc                                   0x2000001c   Data           4  bsp_adc.o(.data)
    v_ch                                     0x20000020   Data           4  bsp_adc.o(.data)
    vrefint_hadc                             0x20000024   Data           4  bsp_adc.o(.data)
    vrefint_ch                               0x20000028   Data           4  bsp_adc.o(.data)
    temp_hadc                                0x2000002c   Data           4  bsp_adc.o(.data)
    temp_ch                                  0x20000030   Data           4  bsp_adc.o(.data)
    r_pwm                                    0x20000034   Data           2  bsp_led.o(.data)
    g_pwm                                    0x20000036   Data           2  bsp_led.o(.data)
    b_pwm                                    0x20000038   Data           2  bsp_led.o(.data)
    led_htim                                 0x2000003c   Data           4  bsp_led.o(.data)
    led                                      0x20000040   Data          48  main.o(.bss)
    board_monitor                            0x20000070   Data          48  main.o(.bss)
    mag                                      0x200000a0   Data          12  main.o(.bss)
    hadc1                                    0x200000ac   Data          72  adc.o(.bss)
    hadc3                                    0x200000f4   Data          72  adc.o(.bss)
    hi2c3                                    0x2000013c   Data          84  i2c.o(.bss)
    htim1                                    0x20000190   Data          64  tim.o(.bss)
    htim4                                    0x200001d0   Data          64  tim.o(.bss)
    htim5                                    0x20000210   Data          64  tim.o(.bss)
    htim8                                    0x20000250   Data          64  tim.o(.bss)
    huart1                                   0x20000290   Data          64  usart.o(.bss)
    huart3                                   0x200002d0   Data          64  usart.o(.bss)
    huart6                                   0x20000310   Data          64  usart.o(.bss)
    hdma_usart1_tx                           0x20000350   Data          96  usart.o(.bss)
    hdma_usart1_rx                           0x200003b0   Data          96  usart.o(.bss)
    hdma_usart3_rx                           0x20000410   Data          96  usart.o(.bss)
    __initial_sp                             0x20000880   Data           0  startup_stm32f407xx.o(STACK)



==============================================================================

Memory Map of the image

  Image Entry point : 0x08000189

  Load Region LR_IROM1 (Base: 0x08000000, Size: 0x00003934, Max: 0x00100000, ABSOLUTE)

    Execution Region ER_IROM1 (Exec base: 0x08000000, Load base: 0x08000000, Size: 0x000038f4, Max: 0x00100000, ABSOLUTE)

    Exec Addr    Load Addr    Size         Type   Attr      Idx    E Section Name        Object

    0x08000000   0x08000000   0x00000188   Data   RO            3    RESET               startup_stm32f407xx.o
    0x08000188   0x08000188   0x00000000   Code   RO         4603  * .ARM.Collect$$$$00000000  mc_w.l(entry.o)
    0x08000188   0x08000188   0x00000004   Code   RO         4615    .ARM.Collect$$$$00000001  mc_w.l(entry2.o)
    0x0800018c   0x0800018c   0x00000004   Code   RO         4618    .ARM.Collect$$$$00000004  mc_w.l(entry5.o)
    0x08000190   0x08000190   0x00000000   Code   RO         4620    .ARM.Collect$$$$00000008  mc_w.l(entry7b.o)
    0x08000190   0x08000190   0x00000004   Code   RO         4621    .ARM.Collect$$$$00000009  mc_w.l(entry8a.o)
    0x08000194   0x08000194   0x00000000   Code   RO         4622    .ARM.Collect$$$$0000000A  mc_w.l(entry8b.o)
    0x08000194   0x08000194   0x00000008   Code   RO         4623    .ARM.Collect$$$$0000000B  mc_w.l(entry9a.o)
    0x0800019c   0x0800019c   0x00000000   Code   RO         4625    .ARM.Collect$$$$0000000D  mc_w.l(entry10a.o)
    0x0800019c   0x0800019c   0x00000000   Code   RO         4627    .ARM.Collect$$$$0000000F  mc_w.l(entry11a.o)
    0x0800019c   0x0800019c   0x00000004   Code   RO         4616    .ARM.Collect$$$$00002712  mc_w.l(entry2.o)
    0x080001a0   0x080001a0   0x00000024   Code   RO            4    .text               startup_stm32f407xx.o
    0x080001c4   0x080001c4   0x00000062   Code   RO         4606    .text               mc_w.l(uldiv.o)
    0x08000226   0x08000226   0x00000024   Code   RO         4608    .text               mc_w.l(memseta.o)
    0x0800024a   0x0800024a   0x00000002   PAD
    0x0800024c   0x0800024c   0x00000020   Code   RO         4613    .text               mc_w.l(cpp_init.o)
    0x0800026c   0x0800026c   0x0000001e   Code   RO         4629    .text               mc_w.l(llshl.o)
    0x0800028a   0x0800028a   0x00000020   Code   RO         4631    .text               mc_w.l(llushr.o)
    0x080002aa   0x080002aa   0x00000002   PAD
    0x080002ac   0x080002ac   0x00000024   Code   RO         4633    .text               mc_w.l(init.o)
    0x080002d0   0x080002d0   0x00000002   Code   RO          500    i.BusFault_Handler  stm32f4xx_it.o
    0x080002d2   0x080002d2   0x00000002   PAD
    0x080002d4   0x080002d4   0x0000000c   Code   RO          501    i.DMA1_Stream1_IRQHandler  stm32f4xx_it.o
    0x080002e0   0x080002e0   0x0000000c   Code   RO          502    i.DMA2_Stream2_IRQHandler  stm32f4xx_it.o
    0x080002ec   0x080002ec   0x0000000c   Code   RO          503    i.DMA2_Stream7_IRQHandler  stm32f4xx_it.o
    0x080002f8   0x080002f8   0x00000002   Code   RO          504    i.DebugMon_Handler  stm32f4xx_it.o
    0x080002fa   0x080002fa   0x00000006   Code   RO          505    i.EXTI0_IRQHandler  stm32f4xx_it.o
    0x08000300   0x08000300   0x00000006   Code   RO          506    i.EXTI3_IRQHandler  stm32f4xx_it.o
    0x08000306   0x08000306   0x00000004   Code   RO           13    i.Error_Handler     main.o
    0x0800030a   0x0800030a   0x00000002   PAD
    0x0800030c   0x0800030c   0x0000014c   Code   RO          667    i.HAL_ADC_ConfigChannel  stm32f4xx_hal_adc.o
    0x08000458   0x08000458   0x00000006   Code   RO          674    i.HAL_ADC_GetValue  stm32f4xx_hal_adc.o
    0x0800045e   0x0800045e   0x00000054   Code   RO          676    i.HAL_ADC_Init      stm32f4xx_hal_adc.o
    0x080004b2   0x080004b2   0x00000002   PAD
    0x080004b4   0x080004b4   0x0000007c   Code   RO          247    i.HAL_ADC_MspInit   adc.o
    0x08000530   0x08000530   0x000000a2   Code   RO          680    i.HAL_ADC_PollForConversion  stm32f4xx_hal_adc.o
    0x080005d2   0x080005d2   0x00000002   PAD
    0x080005d4   0x080005d4   0x000000ec   Code   RO          682    i.HAL_ADC_Start     stm32f4xx_hal_adc.o
    0x080006c0   0x080006c0   0x00000024   Code   RO         1498    i.HAL_DMA_Abort_IT  stm32f4xx_hal_dma.o
    0x080006e4   0x080006e4   0x000001a0   Code   RO         1502    i.HAL_DMA_IRQHandler  stm32f4xx_hal_dma.o
    0x08000884   0x08000884   0x000000d4   Code   RO         1503    i.HAL_DMA_Init      stm32f4xx_hal_dma.o
    0x08000958   0x08000958   0x00000024   Code   RO         1976    i.HAL_Delay         stm32f4xx_hal.o
    0x0800097c   0x0800097c   0x0000001c   Code   RO           14    i.HAL_GPIO_EXTI_Callback  main.o
    0x08000998   0x08000998   0x00000018   Code   RO         1380    i.HAL_GPIO_EXTI_IRQHandler  stm32f4xx_hal_gpio.o
    0x080009b0   0x080009b0   0x000001b8   Code   RO         1381    i.HAL_GPIO_Init     stm32f4xx_hal_gpio.o
    0x08000b68   0x08000b68   0x0000000a   Code   RO         1383    i.HAL_GPIO_ReadPin  stm32f4xx_hal_gpio.o
    0x08000b72   0x08000b72   0x0000000a   Code   RO         1385    i.HAL_GPIO_WritePin  stm32f4xx_hal_gpio.o
    0x08000b7c   0x08000b7c   0x0000000c   Code   RO         1982    i.HAL_GetTick       stm32f4xx_hal.o
    0x08000b88   0x08000b88   0x00000188   Code   RO         2274    i.HAL_I2C_Init      stm32f4xx_hal_i2c.o
    0x08000d10   0x08000d10   0x000001f8   Code   RO         2292    i.HAL_I2C_Mem_Read  stm32f4xx_hal_i2c.o
    0x08000f08   0x08000f08   0x00000130   Code   RO         2295    i.HAL_I2C_Mem_Write  stm32f4xx_hal_i2c.o
    0x08001038   0x08001038   0x00000088   Code   RO          324    i.HAL_I2C_MspInit   i2c.o
    0x080010c0   0x080010c0   0x00000010   Code   RO         1988    i.HAL_IncTick       stm32f4xx_hal.o
    0x080010d0   0x080010d0   0x00000034   Code   RO         1989    i.HAL_Init          stm32f4xx_hal.o
    0x08001104   0x08001104   0x00000040   Code   RO         1990    i.HAL_InitTick      stm32f4xx_hal.o
    0x08001144   0x08001144   0x00000030   Code   RO          641    i.HAL_MspInit       stm32f4xx_hal_msp.o
    0x08001174   0x08001174   0x0000001a   Code   RO         1820    i.HAL_NVIC_EnableIRQ  stm32f4xx_hal_cortex.o
    0x0800118e   0x0800118e   0x00000002   PAD
    0x08001190   0x08001190   0x00000040   Code   RO         1826    i.HAL_NVIC_SetPriority  stm32f4xx_hal_cortex.o
    0x080011d0   0x080011d0   0x00000024   Code   RO         1827    i.HAL_NVIC_SetPriorityGrouping  stm32f4xx_hal_cortex.o
    0x080011f4   0x080011f4   0x00000134   Code   RO          983    i.HAL_RCC_ClockConfig  stm32f4xx_hal_rcc.o
    0x08001328   0x08001328   0x00000020   Code   RO          990    i.HAL_RCC_GetPCLK1Freq  stm32f4xx_hal_rcc.o
    0x08001348   0x08001348   0x00000020   Code   RO          991    i.HAL_RCC_GetPCLK2Freq  stm32f4xx_hal_rcc.o
    0x08001368   0x08001368   0x00000064   Code   RO          992    i.HAL_RCC_GetSysClockFreq  stm32f4xx_hal_rcc.o
    0x080013cc   0x080013cc   0x0000035c   Code   RO          995    i.HAL_RCC_OscConfig  stm32f4xx_hal_rcc.o
    0x08001728   0x08001728   0x00000028   Code   RO         1831    i.HAL_SYSTICK_Config  stm32f4xx_hal_cortex.o
    0x08001750   0x08001750   0x00000002   Code   RO         3569    i.HAL_TIMEx_BreakCallback  stm32f4xx_hal_tim_ex.o
    0x08001752   0x08001752   0x00000002   Code   RO         3570    i.HAL_TIMEx_CommutCallback  stm32f4xx_hal_tim_ex.o
    0x08001754   0x08001754   0x00000054   Code   RO         3572    i.HAL_TIMEx_ConfigBreakDeadTime  stm32f4xx_hal_tim_ex.o
    0x080017a8   0x080017a8   0x00000090   Code   RO         3587    i.HAL_TIMEx_MasterConfigSynchronization  stm32f4xx_hal_tim_ex.o
    0x08001838   0x08001838   0x00000036   Code   RO         2782    i.HAL_TIM_Base_Init  stm32f4xx_hal_tim.o
    0x0800186e   0x0800186e   0x00000002   PAD
    0x08001870   0x08001870   0x0000008c   Code   RO          369    i.HAL_TIM_Base_MspInit  tim.o
    0x080018fc   0x080018fc   0x00000024   Code   RO         2785    i.HAL_TIM_Base_Start  stm32f4xx_hal_tim.o
    0x08001920   0x08001920   0x00000022   Code   RO         2787    i.HAL_TIM_Base_Start_IT  stm32f4xx_hal_tim.o
    0x08001942   0x08001942   0x000000d6   Code   RO         2791    i.HAL_TIM_ConfigClockSource  stm32f4xx_hal_tim.o
    0x08001a18   0x08001a18   0x00000002   Code   RO         2811    i.HAL_TIM_IC_CaptureCallback  stm32f4xx_hal_tim.o
    0x08001a1a   0x08001a1a   0x00000166   Code   RO         2825    i.HAL_TIM_IRQHandler  stm32f4xx_hal_tim.o
    0x08001b80   0x08001b80   0x000000b0   Code   RO          370    i.HAL_TIM_MspPostInit  tim.o
    0x08001c30   0x08001c30   0x00000002   Code   RO         2828    i.HAL_TIM_OC_DelayElapsedCallback  stm32f4xx_hal_tim.o
    0x08001c32   0x08001c32   0x000000d0   Code   RO         2849    i.HAL_TIM_PWM_ConfigChannel  stm32f4xx_hal_tim.o
    0x08001d02   0x08001d02   0x00000036   Code   RO         2852    i.HAL_TIM_PWM_Init  stm32f4xx_hal_tim.o
    0x08001d38   0x08001d38   0x00000002   Code   RO         2854    i.HAL_TIM_PWM_MspInit  stm32f4xx_hal_tim.o
    0x08001d3a   0x08001d3a   0x00000002   Code   RO         2855    i.HAL_TIM_PWM_PulseFinishedCallback  stm32f4xx_hal_tim.o
    0x08001d3c   0x08001d3c   0x00000044   Code   RO         2857    i.HAL_TIM_PWM_Start  stm32f4xx_hal_tim.o
    0x08001d80   0x08001d80   0x000000d4   Code   RO           15    i.HAL_TIM_PeriodElapsedCallback  main.o
    0x08001e54   0x08001e54   0x00000002   Code   RO         2868    i.HAL_TIM_TriggerCallback  stm32f4xx_hal_tim.o
    0x08001e56   0x08001e56   0x00000002   Code   RO         3880    i.HAL_UART_ErrorCallback  stm32f4xx_hal_uart.o
    0x08001e58   0x08001e58   0x00000114   Code   RO         3883    i.HAL_UART_IRQHandler  stm32f4xx_hal_uart.o
    0x08001f6c   0x08001f6c   0x00000062   Code   RO         3884    i.HAL_UART_Init     stm32f4xx_hal_uart.o
    0x08001fce   0x08001fce   0x00000002   PAD
    0x08001fd0   0x08001fd0   0x000001bc   Code   RO          442    i.HAL_UART_MspInit  usart.o
    0x0800218c   0x0800218c   0x00000002   Code   RO         3890    i.HAL_UART_RxCpltCallback  stm32f4xx_hal_uart.o
    0x0800218e   0x0800218e   0x00000002   Code   RO         3895    i.HAL_UART_TxCpltCallback  stm32f4xx_hal_uart.o
    0x08002190   0x08002190   0x00000002   Code   RO          507    i.HardFault_Handler  stm32f4xx_it.o
    0x08002192   0x08002192   0x00000002   PAD
    0x08002194   0x08002194   0x00000064   Code   RO          248    i.MX_ADC1_Init      adc.o
    0x080021f8   0x080021f8   0x00000064   Code   RO          249    i.MX_ADC3_Init      adc.o
    0x0800225c   0x0800225c   0x0000005c   Code   RO          298    i.MX_DMA_Init       dma.o
    0x080022b8   0x080022b8   0x00000108   Code   RO          221    i.MX_GPIO_Init      gpio.o
    0x080023c0   0x080023c0   0x00000040   Code   RO          325    i.MX_I2C3_Init      i2c.o
    0x08002400   0x08002400   0x00000068   Code   RO          371    i.MX_TIM1_Init      tim.o
    0x08002468   0x08002468   0x00000098   Code   RO          372    i.MX_TIM4_Init      tim.o
    0x08002500   0x08002500   0x000000b8   Code   RO          373    i.MX_TIM5_Init      tim.o
    0x080025b8   0x080025b8   0x000000ec   Code   RO          374    i.MX_TIM8_Init      tim.o
    0x080026a4   0x080026a4   0x00000038   Code   RO          443    i.MX_USART1_UART_Init  usart.o
    0x080026dc   0x080026dc   0x0000003c   Code   RO          444    i.MX_USART3_UART_Init  usart.o
    0x08002718   0x08002718   0x00000038   Code   RO          445    i.MX_USART6_UART_Init  usart.o
    0x08002750   0x08002750   0x00000002   Code   RO          508    i.MemManage_Handler  stm32f4xx_it.o
    0x08002752   0x08002752   0x00000002   Code   RO          509    i.NMI_Handler       stm32f4xx_it.o
    0x08002754   0x08002754   0x00000002   Code   RO          510    i.PendSV_Handler    stm32f4xx_it.o
    0x08002756   0x08002756   0x00000002   Code   RO          511    i.SVC_Handler       stm32f4xx_it.o
    0x08002758   0x08002758   0x00000004   Code   RO          512    i.SysTick_Handler   stm32f4xx_it.o
    0x0800275c   0x0800275c   0x0000001c   Code   RO         4240    i.SystemInit        system_stm32f4xx.o
    0x08002778   0x08002778   0x0000000c   Code   RO          513    i.TIM1_UP_TIM10_IRQHandler  stm32f4xx_it.o
    0x08002784   0x08002784   0x000000c8   Code   RO         2870    i.TIM_Base_SetConfig  stm32f4xx_hal_tim.o
    0x0800284c   0x0800284c   0x0000001a   Code   RO         2871    i.TIM_CCxChannelCmd  stm32f4xx_hal_tim.o
    0x08002866   0x08002866   0x00000014   Code   RO         2877    i.TIM_ETR_SetConfig  stm32f4xx_hal_tim.o
    0x0800287a   0x0800287a   0x00000002   PAD
    0x0800287c   0x0800287c   0x0000006c   Code   RO         2878    i.TIM_OC2_SetConfig  stm32f4xx_hal_tim.o
    0x080028e8   0x080028e8   0x0000000c   Code   RO          514    i.USART1_IRQHandler  stm32f4xx_it.o
    0x080028f4   0x080028f4   0x0000000c   Code   RO          515    i.USART6_IRQHandler  stm32f4xx_it.o
    0x08002900   0x08002900   0x00000002   Code   RO          516    i.UsageFault_Handler  stm32f4xx_it.o
    0x08002902   0x08002902   0x00000002   PAD
    0x08002904   0x08002904   0x00000078   Code   RO         4410    i._Z12ist8310_initv  ist8310driver.o
    0x0800297c   0x0800297c   0x00000010   Code   RO         4445    i._Z13ist8310_RST_Hv  ist8310driver_middleware.o
    0x0800298c   0x0800298c   0x00000010   Code   RO         4446    i._Z13ist8310_RST_Lv  ist8310driver_middleware.o
    0x0800299c   0x0800299c   0x00000002   Code   RO         4447    i._Z16ist8310_com_initv  ist8310driver_middleware.o
    0x0800299e   0x0800299e   0x00000004   Code   RO         4448    i._Z16ist8310_delay_mst  ist8310driver_middleware.o
    0x080029a2   0x080029a2   0x00000030   Code   RO         4449    i._Z16ist8310_delay_ust  ist8310driver_middleware.o
    0x080029d2   0x080029d2   0x00000002   PAD
    0x080029d4   0x080029d4   0x00000054   Code   RO         4411    i._Z16ist8310_read_magPf  ist8310driver.o
    0x08002a28   0x08002a28   0x00000002   Code   RO         4450    i._Z17ist8310_GPIO_initv  ist8310driver_middleware.o
    0x08002a2a   0x08002a2a   0x00000002   PAD
    0x08002a2c   0x08002a2c   0x00000094   Code   RO           16    i._Z18SystemClock_Configv  main.o
    0x08002ac0   0x08002ac0   0x0000001c   Code   RO         4451    i._Z25ist8310_IIC_read_muli_reghPhh  ist8310driver_middleware.o
    0x08002adc   0x08002adc   0x0000002c   Code   RO         4453    i._Z27ist8310_IIC_read_single_regh  ist8310driver_middleware.o
    0x08002b08   0x08002b08   0x00000024   Code   RO         4454    i._Z28ist8310_IIC_write_single_reghh  ist8310driver_middleware.o
    0x08002b2c   0x08002b2c   0x0000003c   Code   RO         4279    i._ZN13Board_Monitor15adcxGetChxValueEP17ADC_HandleTypeDefj  bsp_adc.o
    0x08002b68   0x08002b68   0x00000040   Code   RO         4280    i._ZN13Board_Monitor15sampleTemperateEv  bsp_adc.o
    0x08002ba8   0x08002ba8   0x00000030   Code   RO         4281    i._ZN13Board_Monitor20sampleBatteryVoltageEv  bsp_adc.o
    0x08002bd8   0x08002bd8   0x0000004c   Code   RO         4282    i._ZN13Board_Monitor23init_vrefint_reciprocalEv  bsp_adc.o
    0x08002c24   0x08002c24   0x00000040   Code   RO         4284    i._ZN13Board_MonitorC1Ev  bsp_adc.o
    0x08002c64   0x08002c64   0x00000128   Code   RO          691    i._ZN41_INTERNAL_19_stm32f4xx_hal_adc_c_52ef8f508ADC_InitEP17ADC_HandleTypeDef  stm32f4xx_hal_adc.o
    0x08002d8c   0x08002d8c   0x00000054   Code   RO         1510    i._ZN41_INTERNAL_19_stm32f4xx_hal_dma_c_c25f65ec18DMA_CheckFifoParamEP19__DMA_HandleTypeDef  stm32f4xx_hal_dma.o
    0x08002de0   0x08002de0   0x00000028   Code   RO         1511    i._ZN41_INTERNAL_19_stm32f4xx_hal_dma_c_c25f65ec23DMA_CalcBaseAndBitshiftEP19__DMA_HandleTypeDef  stm32f4xx_hal_dma.o
    0x08002e08   0x08002e08   0x000000fc   Code   RO         2322    i._ZN41_INTERNAL_19_stm32f4xx_hal_i2c_c_0eb271f421I2C_RequestMemoryReadEP17I2C_HandleTypeDeftttjj  stm32f4xx_hal_i2c.o
    0x08002f04   0x08002f04   0x000000a8   Code   RO         2327    i._ZN41_INTERNAL_19_stm32f4xx_hal_i2c_c_0eb271f422I2C_RequestMemoryWriteEP17I2C_HandleTypeDeftttjj  stm32f4xx_hal_i2c.o
    0x08002fac   0x08002fac   0x0000002e   Code   RO         2328    i._ZN41_INTERNAL_19_stm32f4xx_hal_i2c_c_0eb271f423I2C_IsAcknowledgeFailedEP17I2C_HandleTypeDef  stm32f4xx_hal_i2c.o
    0x08002fda   0x08002fda   0x00000068   Code   RO         2330    i._ZN41_INTERNAL_19_stm32f4xx_hal_i2c_c_0eb271f426I2C_WaitOnFlagUntilTimeoutEP17I2C_HandleTypeDefj10FlagStatusjj  stm32f4xx_hal_i2c.o
    0x08003042   0x08003042   0x0000004c   Code   RO         2331    i._ZN41_INTERNAL_19_stm32f4xx_hal_i2c_c_0eb271f429I2C_WaitOnBTFFlagUntilTimeoutEP17I2C_HandleTypeDefjj  stm32f4xx_hal_i2c.o
    0x0800308e   0x0800308e   0x0000004c   Code   RO         2332    i._ZN41_INTERNAL_19_stm32f4xx_hal_i2c_c_0eb271f429I2C_WaitOnTXEFlagUntilTimeoutEP17I2C_HandleTypeDefjj  stm32f4xx_hal_i2c.o
    0x080030da   0x080030da   0x00000066   Code   RO         2333    i._ZN41_INTERNAL_19_stm32f4xx_hal_i2c_c_0eb271f430I2C_WaitOnRXNEFlagUntilTimeoutEP17I2C_HandleTypeDefjj  stm32f4xx_hal_i2c.o
    0x08003140   0x08003140   0x00000096   Code   RO         2334    i._ZN41_INTERNAL_19_stm32f4xx_hal_i2c_c_0eb271f439I2C_WaitOnMasterAddressFlagUntilTimeoutEP17I2C_HandleTypeDefjjj  stm32f4xx_hal_i2c.o
    0x080031d6   0x080031d6   0x00000002   PAD
    0x080031d8   0x080031d8   0x00000060   Code   RO         2880    i._ZN41_INTERNAL_19_stm32f4xx_hal_tim_c_a9d95b5217TIM_OC1_SetConfigEP11TIM_TypeDefP18TIM_OC_InitTypeDef  stm32f4xx_hal_tim.o
    0x08003238   0x08003238   0x00000068   Code   RO         2881    i._ZN41_INTERNAL_19_stm32f4xx_hal_tim_c_a9d95b5217TIM_OC3_SetConfigEP11TIM_TypeDefP18TIM_OC_InitTypeDef  stm32f4xx_hal_tim.o
    0x080032a0   0x080032a0   0x00000050   Code   RO         2882    i._ZN41_INTERNAL_19_stm32f4xx_hal_tim_c_a9d95b5217TIM_OC4_SetConfigEP11TIM_TypeDefP18TIM_OC_InitTypeDef  stm32f4xx_hal_tim.o
    0x080032f0   0x080032f0   0x00000010   Code   RO         2885    i._ZN41_INTERNAL_19_stm32f4xx_hal_tim_c_a9d95b5218TIM_ITRx_SetConfigEP11TIM_TypeDefj  stm32f4xx_hal_tim.o
    0x08003300   0x08003300   0x00000022   Code   RO         2889    i._ZN41_INTERNAL_19_stm32f4xx_hal_tim_c_a9d95b5224TIM_TI1_ConfigInputStageEP11TIM_TypeDefjj  stm32f4xx_hal_tim.o
    0x08003322   0x08003322   0x00000024   Code   RO         2890    i._ZN41_INTERNAL_19_stm32f4xx_hal_tim_c_a9d95b5224TIM_TI2_ConfigInputStageEP11TIM_TypeDefjj  stm32f4xx_hal_tim.o
    0x08003346   0x08003346   0x00000002   PAD
    0x08003348   0x08003348   0x00000128   Code   RO         3898    i._ZN42_INTERNAL_20_stm32f4xx_hal_uart_c_d497114f14UART_SetConfigEP20__UART_HandleTypeDef  stm32f4xx_hal_uart.o
    0x08003470   0x08003470   0x00000096   Code   RO         3899    i._ZN42_INTERNAL_20_stm32f4xx_hal_uart_c_d497114f15UART_Receive_ITEP20__UART_HandleTypeDef  stm32f4xx_hal_uart.o
    0x08003506   0x08003506   0x00000062   Code   RO         3900    i._ZN42_INTERNAL_20_stm32f4xx_hal_uart_c_d497114f16UART_Transmit_ITEP20__UART_HandleTypeDef  stm32f4xx_hal_uart.o
    0x08003568   0x08003568   0x0000001c   Code   RO         3903    i._ZN42_INTERNAL_20_stm32f4xx_hal_uart_c_d497114f18UART_EndRxTransferEP20__UART_HandleTypeDef  stm32f4xx_hal_uart.o
    0x08003584   0x08003584   0x00000010   Code   RO         3906    i._ZN42_INTERNAL_20_stm32f4xx_hal_uart_c_d497114f20UART_DMAAbortOnErrorEP19__DMA_HandleTypeDef  stm32f4xx_hal_uart.o
    0x08003594   0x08003594   0x00000020   Code   RO         1833    i._ZN44_INTERNAL_22_stm32f4xx_hal_cortex_c_2992dbc018__NVIC_SetPriorityE9IRQn_Typej  stm32f4xx_hal_cortex.o
    0x080035b4   0x080035b4   0x00000016   Code   RO         4341    i._ZN8BoardLed12setModeBlinkEhjj  bsp_led.o
    0x080035ca   0x080035ca   0x00000008   Code   RO         4342    i._ZN8BoardLed13setModeBreathEj  bsp_led.o
    0x080035d2   0x080035d2   0x00000020   Code   RO         4343    i._ZN8BoardLed4initEv  bsp_led.o
    0x080035f2   0x080035f2   0x00000002   PAD
    0x080035f4   0x080035f4   0x00000164   Code   RO         4344    i._ZN8BoardLed6handleEv  bsp_led.o
    0x08003758   0x08003758   0x00000008   Code   RO         4345    i._ZN8BoardLed8setColorEhhh  bsp_led.o
    0x08003760   0x08003760   0x00000024   Code   RO         4347    i._ZN8BoardLed9loopLimitEjjj  bsp_led.o
    0x08003784   0x08003784   0x00000018   Code   RO         4348    i._ZN8BoardLedC1Ev  bsp_led.o
    0x0800379c   0x0800379c   0x0000000e   Code   RO         4637    i.__scatterload_copy  mc_w.l(handlers.o)
    0x080037aa   0x080037aa   0x00000002   Code   RO         4638    i.__scatterload_null  mc_w.l(handlers.o)
    0x080037ac   0x080037ac   0x0000000e   Code   RO         4639    i.__scatterload_zeroinit  mc_w.l(handlers.o)
    0x080037ba   0x080037ba   0x00000002   PAD
    0x080037bc   0x080037bc   0x00000018   Code   RO           17    i.__sti___6_main_c_led  main.o
    0x080037d4   0x080037d4   0x000000d0   Code   RO           18    i.main              main.o
    0x080038a4   0x080038a4   0x00000008   Data   RO         1527    .constdata          stm32f4xx_hal_dma.o
    0x080038ac   0x080038ac   0x00000010   Data   RO         4243    .constdata          system_stm32f4xx.o
    0x080038bc   0x080038bc   0x00000008   Data   RO         4244    .constdata          system_stm32f4xx.o
    0x080038c4   0x080038c4   0x0000000c   Data   RO         4416    .constdata          ist8310driver.o
    0x080038d0   0x080038d0   0x00000020   Data   RO         4635    Region$$Table       anon$$obj.o
    0x080038f0   0x080038f0   0x00000004   Data   RO           27    .init_array         main.o
    0x080038f4   0x080038f0   0x00000000   Data   RO         4611    .init_array         mc_w.l(cpp_init.o)


    Execution Region RW_IRAM2 (Exec base: 0x10000000, Load base: 0x08003934, Size: 0x00000000, Max: 0x00010000, ABSOLUTE)

    **** No section assigned to this execution region ****


    Execution Region RW_IRAM1 (Exec base: 0x20000000, Load base: 0x080038f4, Size: 0x00000880, Max: 0x00020000, ABSOLUTE)

    Exec Addr    Load Addr    Size         Type   Attr      Idx    E Section Name        Object

    0x20000000   0x080038f4   0x0000000c   Data   RW           26    .data               main.o
    0x2000000c   0x08003900   0x0000000c   Data   RW         2023    .data               stm32f4xx_hal.o
    0x20000018   0x0800390c   0x00000004   Data   RW         4245    .data               system_stm32f4xx.o
    0x2000001c   0x08003910   0x00000018   Data   RW         4292    .data               bsp_adc.o
    0x20000034   0x08003928   0x0000000c   Data   RW         4357    .data               bsp_led.o
    0x20000040        -       0x0000006c   Zero   RW           25    .bss                main.o
    0x200000ac        -       0x00000090   Zero   RW          254    .bss                adc.o
    0x2000013c        -       0x00000054   Zero   RW          329    .bss                i2c.o
    0x20000190        -       0x00000100   Zero   RW          382    .bss                tim.o
    0x20000290        -       0x000001e0   Zero   RW          451    .bss                usart.o
    0x20000470        -       0x00000010   Zero   RW         4291    .bss                bsp_adc.o
    0x20000480        -       0x00000400   Zero   RW            1    STACK               startup_stm32f407xx.o


==============================================================================

Image component sizes


      Code (inc. data)   RO Data    RW Data    ZI Data      Debug   Object Name

       324         40          0          0        144       2210   adc.o
       312         42          0         24         16       3280   bsp_adc.o
       486         12          0         12          0       5533   bsp_led.o
        92          4          0          0          0        782   dma.o
       264         20          0          0          0       1087   gpio.o
       200         32          0          0         84       1617   i2c.o
       204         10         12          0          0       2002   ist8310driver.o
       196         30          0          0          0     585946   ist8310driver_middleware.o
       624         66          4         12        108     713602   main.o
        36          8        392          0       1024        812   startup_stm32f407xx.o
       180         28          0         12          0       9245   stm32f4xx_hal.o
      1116         54          0          0          0       5118   stm32f4xx_hal_adc.o
       198         14          0          0          0      33811   stm32f4xx_hal_cortex.o
       788         16          8          0          0       4619   stm32f4xx_hal_dma.o
       484         52          0          0          0       3598   stm32f4xx_hal_gpio.o
      2174         52          0          0          0      12726   stm32f4xx_hal_i2c.o
        48          6          0          0          0        806   stm32f4xx_hal_msp.o
      1332         76          0          0          0       5108   stm32f4xx_hal_rcc.o
      1756         90          0          0          0      16651   stm32f4xx_hal_tim.o
       232         28          0          0          0       3185   stm32f4xx_hal_tim_ex.o
       968         16          0          0          0       7223   stm32f4xx_hal_uart.o
       104         36          0          0          0       7409   stm32f4xx_it.o
        28          6         24          4          0       1087   system_stm32f4xx.o
       992         86          0          0        256       4659   tim.o
       616         70          0          0        480       3229   usart.o

    ----------------------------------------------------------------------
     13784        894        472         64       2112    1435345   Object Totals
         0          0         32          0          0          0   (incl. Generated)
        30          0          0          0          0          0   (incl. Padding)

    ----------------------------------------------------------------------

      Code (inc. data)   RO Data    RW Data    ZI Data      Debug   Library Member Name

        32         10          0          0          0         80   cpp_init.o
         0          0          0          0          0          0   entry.o
         0          0          0          0          0          0   entry10a.o
         0          0          0          0          0          0   entry11a.o
         8          4          0          0          0          0   entry2.o
         4          0          0          0          0          0   entry5.o
         0          0          0          0          0          0   entry7b.o
         4          0          0          0          0          0   entry8a.o
         0          0          0          0          0          0   entry8b.o
         8          4          0          0          0          0   entry9a.o
        30          0          0          0          0          0   handlers.o
        36          8          0          0          0         68   init.o
        30          0          0          0          0         68   llshl.o
        32          0          0          0          0         68   llushr.o
        36          0          0          0          0        108   memseta.o
        98          0          0          0          0         92   uldiv.o

    ----------------------------------------------------------------------
       324         26          0          0          0        484   Library Totals
         6          0          0          0          0          0   (incl. Padding)

    ----------------------------------------------------------------------

      Code (inc. data)   RO Data    RW Data    ZI Data      Debug   Library Name

       318         26          0          0          0        484   mc_w.l

    ----------------------------------------------------------------------
       324         26          0          0          0        484   Library Totals

    ----------------------------------------------------------------------

==============================================================================


      Code (inc. data)   RO Data    RW Data    ZI Data      Debug   

     14108        920        472         64       2112    1422477   Grand Totals
     14108        920        472         64       2112    1422477   ELF Image Totals
     14108        920        472         64          0          0   ROM Totals

==============================================================================

    Total RO  Size (Code + RO Data)                14580 (  14.24kB)
    Total RW  Size (RW Data + ZI Data)              2176 (   2.13kB)
    Total ROM Size (Code + RO Data + RW Data)      14644 (  14.30kB)

==============================================================================

