Component: ARM Compiler 5.06 update 6 (build 750) Tool: armlink [4d35ed]

==============================================================================

Section Cross References

    startup_stm32f407xx.o(RESET) refers to startup_stm32f407xx.o(STACK) for __initial_sp
    startup_stm32f407xx.o(RESET) refers to startup_stm32f407xx.o(.text) for Reset_Handler
    startup_stm32f407xx.o(RESET) refers to stm32f4xx_it.o(i.NMI_Handler) for NMI_Handler
    startup_stm32f407xx.o(RESET) refers to stm32f4xx_it.o(i.HardFault_Handler) for HardFault_Handler
    startup_stm32f407xx.o(RESET) refers to stm32f4xx_it.o(i.MemManage_Handler) for MemManage_Handler
    startup_stm32f407xx.o(RESET) refers to stm32f4xx_it.o(i.BusFault_Handler) for BusFault_Handler
    startup_stm32f407xx.o(RESET) refers to stm32f4xx_it.o(i.UsageFault_Handler) for UsageFault_Handler
    startup_stm32f407xx.o(RESET) refers to stm32f4xx_it.o(i.SVC_Handler) for SVC_Handler
    startup_stm32f407xx.o(RESET) refers to stm32f4xx_it.o(i.DebugMon_Handler) for DebugMon_Handler
    startup_stm32f407xx.o(RESET) refers to stm32f4xx_it.o(i.PendSV_Handler) for PendSV_Handler
    startup_stm32f407xx.o(RESET) refers to stm32f4xx_it.o(i.SysTick_Handler) for SysTick_Handler
    startup_stm32f407xx.o(RESET) refers to stm32f4xx_it.o(i.EXTI0_IRQHandler) for EXTI0_IRQHandler
    startup_stm32f407xx.o(RESET) refers to stm32f4xx_it.o(i.EXTI3_IRQHandler) for EXTI3_IRQHandler
    startup_stm32f407xx.o(RESET) refers to stm32f4xx_it.o(i.EXTI4_IRQHandler) for EXTI4_IRQHandler
    startup_stm32f407xx.o(RESET) refers to stm32f4xx_it.o(i.DMA1_Stream1_IRQHandler) for DMA1_Stream1_IRQHandler
    startup_stm32f407xx.o(RESET) refers to stm32f4xx_it.o(i.EXTI9_5_IRQHandler) for EXTI9_5_IRQHandler
    startup_stm32f407xx.o(RESET) refers to stm32f4xx_it.o(i.TIM1_UP_TIM10_IRQHandler) for TIM1_UP_TIM10_IRQHandler
    startup_stm32f407xx.o(RESET) refers to stm32f4xx_it.o(i.USART1_IRQHandler) for USART1_IRQHandler
    startup_stm32f407xx.o(RESET) refers to stm32f4xx_it.o(i.USART3_IRQHandler) for USART3_IRQHandler
    startup_stm32f407xx.o(RESET) refers to stm32f4xx_it.o(i.DMA2_Stream2_IRQHandler) for DMA2_Stream2_IRQHandler
    startup_stm32f407xx.o(RESET) refers to stm32f4xx_it.o(i.DMA2_Stream3_IRQHandler) for DMA2_Stream3_IRQHandler
    startup_stm32f407xx.o(RESET) refers to stm32f4xx_it.o(i.DMA2_Stream5_IRQHandler) for DMA2_Stream5_IRQHandler
    startup_stm32f407xx.o(RESET) refers to stm32f4xx_it.o(i.DMA2_Stream7_IRQHandler) for DMA2_Stream7_IRQHandler
    startup_stm32f407xx.o(RESET) refers to stm32f4xx_it.o(i.USART6_IRQHandler) for USART6_IRQHandler
    startup_stm32f407xx.o(.text) refers to system_stm32f4xx.o(i.SystemInit) for SystemInit
    startup_stm32f407xx.o(.text) refers to entry.o(.ARM.Collect$$$$00000000) for __main
    main.o(i.HAL_GPIO_EXTI_Callback) refers to ist8310driver.o(i._Z16ist8310_read_magPf) for ist8310_read_mag(float*)
    main.o(i.HAL_GPIO_EXTI_Callback) refers to main.o(.data) for .data
    main.o(i.HAL_GPIO_EXTI_Callback) refers to main.o(.bss) for .bss
    main.o(i.HAL_TIM_PeriodElapsedCallback) refers to bsp_adc.o(i._ZN13Board_Monitor20sampleBatteryVoltageEv) for Board_Monitor::sampleBatteryVoltage()
    main.o(i.HAL_TIM_PeriodElapsedCallback) refers to bsp_adc.o(i._ZN13Board_Monitor15sampleTemperateEv) for Board_Monitor::sampleTemperate()
    main.o(i.HAL_TIM_PeriodElapsedCallback) refers to bmi088driver.o(i._Z11BMI088_readPfS_S_) for BMI088_read(float*, float*, float*)
    main.o(i.HAL_TIM_PeriodElapsedCallback) refers to bsp_led.o(i._ZN8BoardLed13setModeBreathEj) for BoardLed::setModeBreath(unsigned)
    main.o(i.HAL_TIM_PeriodElapsedCallback) refers to bsp_led.o(i._ZN8BoardLed8setColorEhhh) for BoardLed::setColor(unsigned char, unsigned char, unsigned char)
    main.o(i.HAL_TIM_PeriodElapsedCallback) refers to bsp_led.o(i._ZN8BoardLed12setModeBlinkEhjj) for BoardLed::setModeBlink(unsigned char, unsigned, unsigned)
    main.o(i.HAL_TIM_PeriodElapsedCallback) refers to stm32f4xx_hal_gpio.o(i.HAL_GPIO_ReadPin) for HAL_GPIO_ReadPin
    main.o(i.HAL_TIM_PeriodElapsedCallback) refers to bsp_led.o(i._ZN8BoardLed6handleEv) for BoardLed::handle()
    main.o(i.HAL_TIM_PeriodElapsedCallback) refers to tim.o(.bss) for htim1
    main.o(i.HAL_TIM_PeriodElapsedCallback) refers to main.o(.data) for .data
    main.o(i.HAL_TIM_PeriodElapsedCallback) refers to main.o(.bss) for .bss
    main.o(i._Z18SystemClock_Configv) refers to memseta.o(.text) for __aeabi_memclr4
    main.o(i._Z18SystemClock_Configv) refers to stm32f4xx_hal_rcc.o(i.HAL_RCC_OscConfig) for HAL_RCC_OscConfig
    main.o(i._Z18SystemClock_Configv) refers to stm32f4xx_hal_rcc.o(i.HAL_RCC_ClockConfig) for HAL_RCC_ClockConfig
    main.o(i.__sti___6_main_c_led) refers to bsp_led.o(i._ZN8BoardLedC1Ev) for BoardLed::BoardLed()
    main.o(i.__sti___6_main_c_led) refers to bsp_adc.o(i._ZN13Board_MonitorC1Ev) for Board_Monitor::Board_Monitor()
    main.o(i.__sti___6_main_c_led) refers to main.o(.bss) for .bss
[...]
    i.HAL_IncTick                            0x080010e4   Section        0  stm32f4xx_hal.o(i.HAL_IncTick)
    i.HAL_Init                               0x080010f4   Section        0  stm32f4xx_hal.o(i.HAL_Init)
    i.HAL_InitTick                           0x08001128   Section        0  stm32f4xx_hal.o(i.HAL_InitTick)
    i.HAL_MspInit                            0x08001168   Section        0  stm32f4xx_hal_msp.o(i.HAL_MspInit)
    i.HAL_NVIC_EnableIRQ                     0x08001198   Section        0  stm32f4xx_hal_cortex.o(i.HAL_NVIC_EnableIRQ)
    i.HAL_NVIC_SetPriority                   0x080011b4   Section        0  stm32f4xx_hal_cortex.o(i.HAL_NVIC_SetPriority)
    i.HAL_NVIC_SetPriorityGrouping           0x080011f4   Section        0  stm32f4xx_hal_cortex.o(i.HAL_NVIC_SetPriorityGrouping)
    i.HAL_RCC_ClockConfig                    0x08001218   Section        0  stm32f4xx_hal_rcc.o(i.HAL_RCC_ClockConfig)
    i.HAL_RCC_GetPCLK1Freq                   0x0800134c   Section        0  stm32f4xx_hal_rcc.o(i.HAL_RCC_GetPCLK1Freq)
    i.HAL_RCC_GetPCLK2Freq                   0x0800136c   Section        0  stm32f4xx_hal_rcc.o(i.HAL_RCC_GetPCLK2Freq)
    i.HAL_RCC_GetSysClockFreq                0x0800138c   Section        0  stm32f4xx_hal_rcc.o(i.HAL_RCC_GetSysClockFreq)
    i.HAL_RCC_OscConfig                      0x080013f0   Section        0  stm32f4xx_hal_rcc.o(i.HAL_RCC_OscConfig)
    i.HAL_SPI_Init                           0x0800174c   Section        0  stm32f4xx_hal_spi.o(i.HAL_SPI_Init)
    i.HAL_SPI_MspInit                        0x080017cc   Section        0  spi.o(i.HAL_SPI_MspInit)
    i.HAL_SPI_TransmitReceive                0x080018cc   Section        0  stm32f4xx_hal_spi.o(i.HAL_SPI_TransmitReceive)
    i.HAL_SYSTICK_Config                     0x08001aae   Section        0  stm32f4xx_hal_cortex.o(i.HAL_SYSTICK_Config)
    i.HAL_TIMEx_BreakCallback                0x08001ad6   Section        0  stm32f4xx_hal_tim_ex.o(i.HAL_TIMEx_BreakCallback)
    i.HAL_TIMEx_CommutCallback               0x08001ad8   Section        0  stm32f4xx_hal_tim_ex.o(i.HAL_TIMEx_CommutCallback)
    i.HAL_TIMEx_ConfigBreakDeadTime          0x08001ada   Section        0  stm32f4xx_hal_tim_ex.o(i.HAL_TIMEx_ConfigBreakDeadTime)
    i.HAL_TIMEx_MasterConfigSynchronization  0x08001b30   Section        0  stm32f4xx_hal_tim_ex.o(i.HAL_TIMEx_MasterConfigSynchronization)
    i.HAL_TIM_Base_Init                      0x08001bc0   Section        0  stm32f4xx_hal_tim.o(i.HAL_TIM_Base_Init)
    i.HAL_TIM_Base_MspInit                   0x08001bf8   Section        0  tim.o(i.HAL_TIM_Base_MspInit)
    i.HAL_TIM_Base_Start                     0x08001ca0   Section        0  stm32f4xx_hal_tim.o(i.HAL_TIM_Base_Start)
    i.HAL_TIM_Base_Start_IT                  0x08001cc4   Section        0  stm32f4xx_hal_tim.o(i.HAL_TIM_Base_Start_IT)
    i.HAL_TIM_ConfigClockSource              0x08001ce6   Section        0  stm32f4xx_hal_tim.o(i.HAL_TIM_ConfigClockSource)
    i.HAL_TIM_IC_CaptureCallback             0x08001dbc   Section        0  stm32f4xx_hal_tim.o(i.HAL_TIM_IC_CaptureCallback)
    i.HAL_TIM_IRQHandler                     0x08001dbe   Section        0  stm32f4xx_hal_tim.o(i.HAL_TIM_IRQHandler)
    i.HAL_TIM_MspPostInit                    0x08001f24   Section        0  tim.o(i.HAL_TIM_MspPostInit)
    i.HAL_TIM_OC_DelayElapsedCallback        0x08002008   Section        0  stm32f4xx_hal_tim.o(i.HAL_TIM_OC_DelayElapsedCallback)
    i.HAL_TIM_PWM_ConfigChannel              0x0800200a   Section        0  stm32f4xx_hal_tim.o(i.HAL_TIM_PWM_ConfigChannel)
    i.HAL_TIM_PWM_Init                       0x080020da   Section        0  stm32f4xx_hal_tim.o(i.HAL_TIM_PWM_Init)
    i.HAL_TIM_PWM_MspInit                    0x08002110   Section        0  stm32f4xx_hal_tim.o(i.HAL_TIM_PWM_MspInit)
    i.HAL_TIM_PWM_PulseFinishedCallback      0x08002112   Section        0  stm32f4xx_hal_tim.o(i.HAL_TIM_PWM_PulseFinishedCallback)
    i.HAL_TIM_PWM_Start                      0x08002114   Section        0  stm32f4xx_hal_tim.o(i.HAL_TIM_PWM_Start)
    i.HAL_TIM_PeriodElapsedCallback          0x08002158   Section        0  main.o(i.HAL_TIM_PeriodElapsedCallback)
    i.HAL_TIM_TriggerCallback                0x0800223c   Section        0  stm32f4xx_hal_tim.o(i.HAL_TIM_TriggerCallback)
    i.HAL_UART_ErrorCallback                 0x0800223e   Section        0  stm32f4xx_hal_uart.o(i.HAL_UART_ErrorCallback)
    i.HAL_UART_IRQHandler                    0x08002240   Section        0  stm32f4xx_hal_uart.o(i.HAL_UART_IRQHandler)
    i.HAL_UART_Init                          0x08002354   Section        0  stm32f4xx_hal_uart.o(i.HAL_UART_Init)
    i.HAL_UART_MspInit                       0x080023b8   Section        0  usart.o(i.HAL_UART_MspInit)
    i.HAL_UART_RxCpltCallback                0x08002580   Section        0  stm32f4xx_hal_uart.o(i.HAL_UART_RxCpltCallback)
    i.HAL_UART_TxCpltCallback                0x08002582   Section        0  stm32f4xx_hal_uart.o(i.HAL_UART_TxCpltCallback)
    i.HardFault_Handler                      0x08002584   Section        0  stm32f4xx_it.o(i.HardFault_Handler)
    i.MX_ADC1_Init                           0x08002588   Section        0  adc.o(i.MX_ADC1_Init)
    i.MX_ADC3_Init                           0x080025ec   Section        0  adc.o(i.MX_ADC3_Init)
    i.MX_DMA_Init                            0x08002650   Section        0  dma.o(i.MX_DMA_Init)
    i.MX_GPIO_Init                           0x080026cc   Section        0  gpio.o(i.MX_GPIO_Init)
    i.MX_I2C3_Init                           0x08002850   Section        0  i2c.o(i.MX_I2C3_Init)
    i.MX_SPI1_Init                           0x08002890   Section        0  spi.o(i.MX_SPI1_Init)
    i.MX_TIM10_Init                          0x080028d8   Section        0  tim.o(i.MX_TIM10_Init)
    i.MX_TIM1_Init                           0x0800293c   Section        0  tim.o(i.MX_TIM1_Init)
    i.MX_TIM4_Init                           0x080029a4   Section        0  tim.o(i.MX_TIM4_Init)
    i.MX_TIM5_Init                           0x08002a3c   Section        0  tim.o(i.MX_TIM5_Init)
    i.MX_TIM8_Init                           0x08002af4   Section        0  tim.o(i.MX_TIM8_Init)
    i.MX_USART1_UART_Init                    0x08002be0   Section        0  usart.o(i.MX_USART1_UART_Init)
    i.MX_USART3_UART_Init                    0x08002c18   Section        0  usart.o(i.MX_USART3_UART_Init)
    i.MX_USART6_UART_Init                    0x08002c54   Section        0  usart.o(i.MX_USART6_UART_Init)
    i.MemManage_Handler                      0x08002c8c   Section        0  stm32f4xx_it.o(i.MemManage_Handler)
    i.NMI_Handler                            0x08002c8e   Section        0  stm32f4xx_it.o(i.NMI_Handler)
    i.PendSV_Handler                         0x08002c90   Section        0  stm32f4xx_it.o(i.PendSV_Handler)
    i.SVC_Handler                            0x08002c92   Section        0  stm32f4xx_it.o(i.SVC_Handler)
    i.SysTick_Handler                        0x08002c94   Section        0  stm32f4xx_it.o(i.SysTick_Handler)
    i.SystemInit                             0x08002c98   Section        0  system_stm32f4xx.o(i.SystemInit)
    i.TIM1_UP_TIM10_IRQHandler               0x08002cb4   Section        0  stm32f4xx_it.o(i.TIM1_UP_TIM10_IRQHandler)
    i.TIM_Base_SetConfig                     0x08002cd0   Section        0  stm32f4xx_hal_tim.o(i.TIM_Base_SetConfig)
    i.TIM_CCxChannelCmd                      0x08002d98   Section        0  stm32f4xx_hal_tim.o(i.TIM_CCxChannelCmd)
    i.TIM_ETR_SetConfig                      0x08002db2   Section        0  stm32f4xx_hal_tim.o(i.TIM_ETR_SetConfig)
    i.TIM_OC2_SetConfig                      0x08002dc8   Section        0  stm32f4xx_hal_tim.o(i.TIM_OC2_SetConfig)
    i.USART1_IRQHandler                      0x08002e34   Section        0  stm32f4xx_it.o(i.USART1_IRQHandler)
    i.USART3_IRQHandler                      0x08002e40   Section        0  stm32f4xx_it.o(i.USART3_IRQHandler)
    i.USART6_IRQHandler                      0x08002e4c   Section        0  stm32f4xx_it.o(i.USART6_IRQHandler)
    i.UsageFault_Handler                     0x08002e58   Section        0  stm32f4xx_it.o(i.UsageFault_Handler)
    i._Z11BMI088_initv                       0x08002e5a   Section        0  bmi088driver.o(i._Z11BMI088_initv)
    i._Z11BMI088_readPfS_S_                  0x08002e74   Section        0  bmi088driver.o(i._Z11BMI088_readPfS_S_)
    i._Z12ist8310_initv                      0x08002fcc   Section        0  ist8310driver.o(i._Z12ist8310_initv)
    i._Z13ist8310_RST_Hv                     0x08003044   Section        0  ist8310driver_middleware.o(i._Z13ist8310_RST_Hv)
    i._Z13ist8310_RST_Lv                     0x08003054   Section        0  ist8310driver_middleware.o(i._Z13ist8310_RST_Lv)
    i._Z15BMI088_com_initv                   0x08003064   Section        0  bmi088middleware.o(i._Z15BMI088_com_initv)
    i._Z15BMI088_delay_mst                   0x08003066   Section        0  bmi088middleware.o(i._Z15BMI088_delay_mst)
    i._Z15BMI088_delay_ust                   0x0800307e   Section        0  bmi088middleware.o(i._Z15BMI088_delay_ust)
    i._Z16BMI088_GPIO_initv                  0x080030ac   Section        0  bmi088middleware.o(i._Z16BMI088_GPIO_initv)
    i._Z16BMI088_GYRO_NS_Hv                  0x080030b0   Section        0  bmi088middleware.o(i._Z16BMI088_GYRO_NS_Hv)
    i._Z16BMI088_GYRO_NS_Lv                  0x080030c0   Section        0  bmi088middleware.o(i._Z16BMI088_GYRO_NS_Lv)
    i._Z16bmi088_gyro_initv                  0x080030d0   Section        0  bmi088driver.o(i._Z16bmi088_gyro_initv)
    i._Z16ist8310_com_initv                  0x080031ac   Section        0  ist8310driver_middleware.o(i._Z16ist8310_com_initv)
    i._Z16ist8310_delay_mst                  0x080031ae   Section        0  ist8310driver_middleware.o(i._Z16ist8310_delay_mst)
    i._Z16ist8310_delay_ust                  0x080031b2   Section        0  ist8310driver_middleware.o(i._Z16ist8310_delay_ust)
    i._Z16ist8310_read_magPf                 0x080031e4   Section        0  ist8310driver.o(i._Z16ist8310_read_magPf)
    i._Z17BMI088_ACCEL_NS_Hv                 0x08003238   Section        0  bmi088middleware.o(i._Z17BMI088_ACCEL_NS_Hv)
    i._Z17BMI088_ACCEL_NS_Lv                 0x08003248   Section        0  bmi088middleware.o(i._Z17BMI088_ACCEL_NS_Lv)
    i._Z17bmi088_accel_initv                 0x08003258   Section        0  bmi088driver.o(i._Z17bmi088_accel_initv)
    i._Z17ist8310_GPIO_initv                 0x08003368   Section        0  ist8310driver_middleware.o(i._Z17ist8310_GPIO_initv)
    i._Z18SystemClock_Configv                0x0800336c   Section        0  main.o(i._Z18SystemClock_Configv)
    i._Z22BMI088_read_write_byteh            0x08003400   Section        0  bmi088middleware.o(i._Z22BMI088_read_write_byteh)
    i._Z25ist8310_IIC_read_muli_reghPhh      0x08003420   Section        0  ist8310driver_middleware.o(i._Z25ist8310_IIC_read_muli_reghPhh)
    i._Z27ist8310_IIC_read_single_regh       0x0800343c   Section        0  ist8310driver_middleware.o(i._Z27ist8310_IIC_read_single_regh)
    i._Z28ist8310_IIC_write_single_reghh     0x08003468   Section        0  ist8310driver_middleware.o(i._Z28ist8310_IIC_write_single_reghh)
    i._ZN13Board_Monitor15adcxGetChxValueEP17ADC_HandleTypeDefj 0x0800348c   Section        0  bsp_adc.o(i._ZN13Board_Monitor15adcxGetChxValueEP17ADC_HandleTypeDefj)
    i._ZN13Board_Monitor15sampleTemperateEv  0x080034c8   Section        0  bsp_adc.o(i._ZN13Board_Monitor15sampleTemperateEv)
    i._ZN13Board_Monitor20sampleBatteryVoltageEv 0x08003508   Section        0  bsp_adc.o(i._ZN13Board_Monitor20sampleBatteryVoltageEv)
    i._ZN13Board_Monitor23init_vrefint_reciprocalEv 0x08003538   Section        0  bsp_adc.o(i._ZN13Board_Monitor23init_vrefint_reciprocalEv)
    i._ZN13Board_MonitorC1Ev                 0x08003584   Section        0  bsp_adc.o(i._ZN13Board_MonitorC1Ev)
    i._ZN36_INTERNAL_14_BMI088driver_c_6be588b620BMI088_read_muli_regEhPhh 0x080035c4   Section        0  bmi088driver.o(i._ZN36_INTERNAL_14_BMI088driver_c_6be588b620BMI088_read_muli_regEhPhh)
    [local to BMI088driver_c]::BMI088_read_muli_reg(unsigned char, unsigned char*, unsigned char) 0x080035c5   Thumb Code    36  bmi088driver.o(i._ZN36_INTERNAL_14_BMI088driver_c_6be588b620BMI088_read_muli_regEhPhh)
    i._ZN36_INTERNAL_14_BMI088driver_c_6be588b622BMI088_read_single_regEhPh 0x080035e8   Section        0  bmi088driver.o(i._ZN36_INTERNAL_14_BMI088driver_c_6be588b622BMI088_read_single_regEhPh)
    [local to BMI088driver_c]::BMI088_read_single_reg(unsigned char, unsigned char*) 0x080035e9   Thumb Code    22  bmi088driver.o(i._ZN36_INTERNAL_14_BMI088driver_c_6be588b622BMI088_read_single_regEhPh)
    i._ZN36_INTERNAL_14_BMI088driver_c_6be588b623BMI088_write_single_regEhh 0x080035fe   Section        0  bmi088driver.o(i._ZN36_INTERNAL_14_BMI088driver_c_6be588b623BMI088_write_single_regEhh)
    [local to BMI088driver_c]::BMI088_write_single_reg(unsigned char, unsigned char) 0x080035ff   Thumb Code    18  bmi088driver.o(i._ZN36_INTERNAL_14_BMI088driver_c_6be588b623BMI088_write_single_regEhh)
    i._ZN41_INTERNAL_19_stm32f4xx_hal_adc_c_52ef8f508ADC_InitEP17ADC_HandleTypeDef 0x08003610   Section        0  stm32f4xx_hal_adc.o(i._ZN41_INTERNAL_19_stm32f4xx_hal_adc_c_52ef8f508ADC_InitEP17ADC_HandleTypeDef)
    [local to stm32f4xx_hal_adc_c]::ADC_Init(ADC_HandleTypeDef*) 0x08003611   Thumb Code   284  stm32f4xx_hal_adc.o(i._ZN41_INTERNAL_19_stm32f4xx_hal_adc_c_52ef8f508ADC_InitEP17ADC_HandleTypeDef)
    i._ZN41_INTERNAL_19_stm32f4xx_hal_dma_c_c25f65ec18DMA_CheckFifoParamEP19__DMA_HandleTypeDef 0x08003738   Section        0  stm32f4xx_hal_dma.o(i._ZN41_INTERNAL_19_stm32f4xx_hal_dma_c_c25f65ec18DMA_CheckFifoParamEP19__DMA_HandleTypeDef)
    [local to stm32f4xx_hal_dma_c]::DMA_CheckFifoParam(__DMA_HandleTypeDef*) 0x08003739   Thumb Code    84  stm32f4xx_hal_dma.o(i._ZN41_INTERNAL_19_stm32f4xx_hal_dma_c_c25f65ec18DMA_CheckFifoParamEP19__DMA_HandleTypeDef)
    i._ZN41_INTERNAL_19_stm32f4xx_hal_dma_c_c25f65ec23DMA_CalcBaseAndBitshiftEP19__DMA_HandleTypeDef 0x0800378c   Section        0  stm32f4xx_hal_dma.o(i._ZN41_INTERNAL_19_stm32f4xx_hal_dma_c_c25f65ec23DMA_CalcBaseAndBitshiftEP19__DMA_HandleTypeDef)
    [local to stm32f4xx_hal_dma_c]::DMA_CalcBaseAndBitshift(__DMA_HandleTypeDef*) 0x0800378d   Thumb Code    34  stm32f4xx_hal_dma.o(i._ZN41_INTERNAL_19_stm32f4xx_hal_dma_c_c25f65ec23DMA_CalcBaseAndBitshiftEP19__DMA_HandleTypeDef)
    i._ZN41_INTERNAL_19_stm32f4xx_hal_i2c_c_0eb271f421I2C_RequestMemoryReadEP17I2C_HandleTypeDeftttjj 0x080037b4   Section        0  stm32f4xx_hal_i2c.o(i._ZN41_INTERNAL_19_stm32f4xx_hal_i2c_c_0eb271f421I2C_RequestMemoryReadEP17I2C_HandleTypeDeftttjj)
    [local to stm32f4xx_hal_i2c_c]::I2C_RequestMemoryRead(I2C_HandleTypeDef*, unsigned short, unsigned short, unsigned short, unsigned, unsigned) 0x080037b5   Thumb Code   246  stm32f4xx_hal_i2c.o(i._ZN41_INTERNAL_19_stm32f4xx_hal_i2c_c_0eb271f421I2C_RequestMemoryReadEP17I2C_HandleTypeDeftttjj)
    i._ZN41_INTERNAL_19_stm32f4xx_hal_i2c_c_0eb271f422I2C_RequestMemoryWriteEP17I2C_HandleTypeDeftttjj 0x080038b0   Section        0  stm32f4xx_hal_i2c.o(i._ZN41_INTERNAL_19_stm32f4xx_hal_i2c_c_0eb271f422I2C_RequestMemoryWriteEP17I2C_HandleTypeDeftttjj)
    [local to stm32f4xx_hal_i2c_c]::I2C_RequestMemoryWrite(I2C_HandleTypeDef*, unsigned short, unsigned short, unsigned short, unsigned, unsigned) 0x080038b1   Thumb Code   162  stm32f4xx_hal_i2c.o(i._ZN41_INTERNAL_19_stm32f4xx_hal_i2c_c_0eb271f422I2C_RequestMemoryWriteEP17I2C_HandleTypeDeftttjj)
    i._ZN41_INTERNAL_19_stm32f4xx_hal_i2c_c_0eb271f423I2C_IsAcknowledgeFailedEP17I2C_HandleTypeDef 0x08003958   Section        0  stm32f4xx_hal_i2c.o(i._ZN41_INTERNAL_19_stm32f4xx_hal_i2c_c_0eb271f423I2C_IsAcknowledgeFailedEP17I2C_HandleTypeDef)
    [local to stm32f4xx_hal_i2c_c]::I2C_IsAcknowledgeFailed(I2C_HandleTypeDef*) 0x08003959   Thumb Code    46  stm32f4xx_hal_i2c.o(i._ZN41_INTERNAL_19_stm32f4xx_hal_i2c_c_0eb271f423I2C_IsAcknowledgeFailedEP17I2C_HandleTypeDef)
    i._ZN41_INTERNAL_19_stm32f4xx_hal_i2c_c_0eb271f426I2C_WaitOnFlagUntilTimeoutEP17I2C_HandleTypeDefj10FlagStatusjj 0x08003986   Section        0  stm32f4xx_hal_i2c.o(i._ZN41_INTERNAL_19_stm32f4xx_hal_i2c_c_0eb271f426I2C_WaitOnFlagUntilTimeoutEP17I2C_HandleTypeDefj10FlagStatusjj)
    [local to stm32f4xx_hal_i2c_c]::I2C_WaitOnFlagUntilTimeout(I2C_HandleTypeDef*, unsigned, FlagStatus, unsigned, unsigned) 0x08003987   Thumb Code   104  stm32f4xx_hal_i2c.o(i._ZN41_INTERNAL_19_stm32f4xx_hal_i2c_c_0eb271f426I2C_WaitOnFlagUntilTimeoutEP17I2C_HandleTypeDefj10FlagStatusjj)
    i._ZN41_INTERNAL_19_stm32f4xx_hal_i2c_c_0eb271f429I2C_WaitOnBTFFlagUntilTimeoutEP17I2C_HandleTypeDefjj 0x080039ee   Section        0  stm32f4xx_hal_i2c.o(i._ZN41_INTERNAL_19_stm32f4xx_hal_i2c_c_0eb271f429I2C_WaitOnBTFFlagUntilTimeoutEP17I2C_HandleTypeDefjj)
    [local to stm32f4xx_hal_i2c_c]::I2C_WaitOnBTFFlagUntilTimeout(I2C_HandleTypeDef*, unsigned, unsigned) 0x080039ef   Thumb Code    76  stm32f4xx_hal_i2c.o(i._ZN41_INTERNAL_19_stm32f4xx_hal_i2c_c_0eb271f429I2C_WaitOnBTFFlagUntilTimeoutEP17I2C_HandleTypeDefjj)
    i._ZN41_INTERNAL_19_stm32f4xx_hal_i2c_c_0eb271f429I2C_WaitOnTXEFlagUntilTimeoutEP17I2C_HandleTypeDefjj 0x08003a3a   Section        0  stm32f4xx_hal_i2c.o(i._ZN41_INTERNAL_19_stm32f4xx_hal_i2c_c_0eb271f429I2C_WaitOnTXEFlagUntilTimeoutEP17I2C_HandleTypeDefjj)
    [local to stm32f4xx_hal_i2c_c]::I2C_WaitOnTXEFlagUntilTimeout(I2C_HandleTypeDef*, unsigned, unsigned) 0x08003a3b   Thumb Code    76  stm32f4xx_hal_i2c.o(i._ZN41_INTERNAL_19_stm32f4xx_hal_i2c_c_0eb271f429I2C_WaitOnTXEFlagUntilTimeoutEP17I2C_HandleTypeDefjj)
    i._ZN41_INTERNAL_19_stm32f4xx_hal_i2c_c_0eb271f430I2C_WaitOnRXNEFlagUntilTimeoutEP17I2C_HandleTypeDefjj 0x08003a86   Section        0  stm32f4xx_hal_i2c.o(i._ZN41_INTERNAL_19_stm32f4xx_hal_i2c_c_0eb271f430I2C_WaitOnRXNEFlagUntilTimeoutEP17I2C_HandleTypeDefjj)
    [local to stm32f4xx_hal_i2c_c]::I2C_WaitOnRXNEFlagUntilTimeout(I2C_HandleTypeDef*, unsigned, unsigned) 0x08003a87   Thumb Code   102  stm32f4xx_hal_i2c.o(i._ZN41_INTERNAL_19_stm32f4xx_hal_i2c_c_0eb271f430I2C_WaitOnRXNEFlagUntilTimeoutEP17I2C_HandleTypeDefjj)
    i._ZN41_INTERNAL_19_stm32f4xx_hal_i2c_c_0eb271f439I2C_WaitOnMasterAddressFlagUntilTimeoutEP17I2C_HandleTypeDefjjj 0x08003aec   Section        0  stm32f4xx_hal_i2c.o(i._ZN41_INTERNAL_19_stm32f4xx_hal_i2c_c_0eb271f439I2C_WaitOnMasterAddressFlagUntilTimeoutEP17I2C_HandleTypeDefjjj)
    [local to stm32f4xx_hal_i2c_c]::I2C_WaitOnMasterAddressFlagUntilTimeout(I2C_HandleTypeDef*, unsigned, unsigned, unsigned) 0x08003aed   Thumb Code   150  stm32f4xx_hal_i2c.o(i._ZN41_INTERNAL_19_stm32f4xx_hal_i2c_c_0eb271f439I2C_WaitOnMasterAddressFlagUntilTimeoutEP17I2C_HandleTypeDefjjj)
    i._ZN41_INTERNAL_19_stm32f4xx_hal_spi_c_5e7b22bd22SPI_EndRxTxTransactionEP19__SPI_HandleTypeDefjj 0x08003b84   Section        0  stm32f4xx_hal_spi.o(i._ZN41_INTERNAL_19_stm32f4xx_hal_spi_c_5e7b22bd22SPI_EndRxTxTransactionEP19__SPI_HandleTypeDefjj)
    [local to stm32f4xx_hal_spi_c]::SPI_EndRxTxTransaction(__SPI_HandleTypeDef*, unsigned, unsigned) 0x08003b85   Thumb Code    80  stm32f4xx_hal_spi.o(i._ZN41_INTERNAL_19_stm32f4xx_hal_spi_c_5e7b22bd22SPI_EndRxTxTransactionEP19__SPI_HandleTypeDefjj)
    i._ZN41_INTERNAL_19_stm32f4xx_hal_spi_c_5e7b22bd29SPI_WaitFlagStateUntilTimeoutEP19__SPI_HandleTypeDefj10FlagStatusjj 0x08003bdc   Section        0  stm32f4xx_hal_spi.o(i._ZN41_INTERNAL_19_stm32f4xx_hal_spi_c_5e7b22bd29SPI_WaitFlagStateUntilTimeoutEP19__SPI_HandleTypeDefj10FlagStatusjj)
    [local to stm32f4xx_hal_spi_c]::SPI_WaitFlagStateUntilTimeout(__SPI_HandleTypeDef*, unsigned, FlagStatus, unsigned, unsigned) 0x08003bdd   Thumb Code   148  stm32f4xx_hal_spi.o(i._ZN41_INTERNAL_19_stm32f4xx_hal_spi_c_5e7b22bd29SPI_WaitFlagStateUntilTimeoutEP19__SPI_HandleTypeDefj10FlagStatusjj)
    i._ZN41_INTERNAL_19_stm32f4xx_hal_tim_c_a9d95b5217TIM_OC1_SetConfigEP11TIM_TypeDefP18TIM_OC_InitTypeDef 0x08003c70   Section        0  stm32f4xx_hal_tim.o(i._ZN41_INTERNAL_19_stm32f4xx_hal_tim_c_a9d95b5217TIM_OC1_SetConfigEP11TIM_TypeDefP18TIM_OC_InitTypeDef)
    [local to stm32f4xx_hal_tim_c]::TIM_OC1_SetConfig(TIM_TypeDef*, TIM_OC_InitTypeDef*) 0x08003c71   Thumb Code    88  stm32f4xx_hal_tim.o(i._ZN41_INTERNAL_19_stm32f4xx_hal_tim_c_a9d95b5217TIM_OC1_SetConfigEP11TIM_TypeDefP18TIM_OC_InitTypeDef)
    i._ZN41_INTERNAL_19_stm32f4xx_hal_tim_c_a9d95b5217TIM_OC3_SetConfigEP11TIM_TypeDefP18TIM_OC_InitTypeDef 0x08003cd0   Section        0  stm32f4xx_hal_tim.o(i._ZN41_INTERNAL_19_stm32f4xx_hal_tim_c_a9d95b5217TIM_OC3_SetConfigEP11TIM_TypeDefP18TIM_OC_InitTypeDef)
    [local to stm32f4xx_hal_tim_c]::TIM_OC3_SetConfig(TIM_TypeDef*, TIM_OC_InitTypeDef*) 0x08003cd1   Thumb Code    96  stm32f4xx_hal_tim.o(i._ZN41_INTERNAL_19_stm32f4xx_hal_tim_c_a9d95b5217TIM_OC3_SetConfigEP11TIM_TypeDefP18TIM_OC_InitTypeDef)
    i._ZN41_INTERNAL_19_stm32f4xx_hal_tim_c_a9d95b5217TIM_OC4_SetConfigEP11TIM_TypeDefP18TIM_OC_InitTypeDef 0x08003d38   Section        0  stm32f4xx_hal_tim.o(i._ZN41_INTERNAL_19_stm32f4xx_hal_tim_c_a9d95b5217TIM_OC4_SetConfigEP11TIM_TypeDefP18TIM_OC_InitTypeDef)
    [local to stm32f4xx_hal_tim_c]::TIM_OC4_SetConfig(TIM_TypeDef*, TIM_OC_InitTypeDef*) 0x08003d39   Thumb Code    70  stm32f4xx_hal_tim.o(i._ZN41_INTERNAL_19_stm32f4xx_hal_tim_c_a9d95b5217TIM_OC4_SetConfigEP11TIM_TypeDefP18TIM_OC_InitTypeDef)
    i._ZN41_INTERNAL_19_stm32f4xx_hal_tim_c_a9d95b5218TIM_ITRx_SetConfigEP11TIM_TypeDefj 0x08003d88   Section        0  stm32f4xx_hal_tim.o(i._ZN41_INTERNAL_19_stm32f4xx_hal_tim_c_a9d95b5218TIM_ITRx_SetConfigEP11TIM_TypeDefj)
    [local to stm32f4xx_hal_tim_c]::TIM_ITRx_SetConfig(TIM_TypeDef*, unsigned) 0x08003d89   Thumb Code    16  stm32f4xx_hal_tim.o(i._ZN41_INTERNAL_19_stm32f4xx_hal_tim_c_a9d95b5218TIM_ITRx_SetConfigEP11TIM_TypeDefj)
    i._ZN41_INTERNAL_19_stm32f4xx_hal_tim_c_a9d95b5224TIM_TI1_ConfigInputStageEP11TIM_TypeDefjj 0x08003d98   Section        0  stm32f4xx_hal_tim.o(i._ZN41_INTERNAL_19_stm32f4xx_hal_tim_c_a9d95b5224TIM_TI1_ConfigInputStageEP11TIM_TypeDefjj)
    [local to stm32f4xx_hal_tim_c]::TIM_TI1_ConfigInputStage(TIM_TypeDef*, unsigned, unsigned) 0x08003d99   Thumb Code    34  stm32f4xx_hal_tim.o(i._ZN41_INTERNAL_19_stm32f4xx_hal_tim_c_a9d95b5224TIM_TI1_ConfigInputStageEP11TIM_TypeDefjj)
    i._ZN41_INTERNAL_19_stm32f4xx_hal_tim_c_a9d95b5224TIM_TI2_ConfigInputStageEP11TIM_TypeDefjj 0x08003dba   Section        0  stm32f4xx_hal_tim.o(i._ZN41_INTERNAL_19_stm32f4xx_hal_tim_c_a9d95b5224TIM_TI2_ConfigInputStageEP11TIM_TypeDefjj)
    [local to stm32f4xx_hal_tim_c]::TIM_TI2_ConfigInputStage(TIM_TypeDef*, unsigned, unsigned) 0x08003dbb   Thumb Code    36  stm32f4xx_hal_tim.o(i._ZN41_INTERNAL_19_stm32f4xx_hal_tim_c_a9d95b5224TIM_TI2_ConfigInputStageEP11TIM_TypeDefjj)
    i._ZN42_INTERNAL_20_stm32f4xx_hal_uart_c_d497114f14UART_SetConfigEP20__UART_HandleTypeDef 0x08003de0   Section        0  stm32f4xx_hal_uart.o(i._ZN42_INTERNAL_20_stm32f4xx_hal_uart_c_d497114f14UART_SetConfigEP20__UART_HandleTypeDef)
    [local to stm32f4xx_hal_uart_c]::UART_SetConfig(__UART_HandleTypeDef*) 0x08003de1   Thumb Code   286  stm32f4xx_hal_uart.o(i._ZN42_INTERNAL_20_stm32f4xx_hal_uart_c_d497114f14UART_SetConfigEP20__UART_HandleTypeDef)
    i._ZN42_INTERNAL_20_stm32f4xx_hal_uart_c_d497114f15UART_Receive_ITEP20__UART_HandleTypeDef 0x08003f08   Section        0  stm32f4xx_hal_uart.o(i._ZN42_INTERNAL_20_stm32f4xx_hal_uart_c_d497114f15UART_Receive_ITEP20__UART_HandleTypeDef)
    [local to stm32f4xx_hal_uart_c]::UART_Receive_IT(__UART_HandleTypeDef*) 0x08003f09   Thumb Code   150  stm32f4xx_hal_uart.o(i._ZN42_INTERNAL_20_stm32f4xx_hal_uart_c_d497114f15UART_Receive_ITEP20__UART_HandleTypeDef)
    i._ZN42_INTERNAL_20_stm32f4xx_hal_uart_c_d497114f16UART_Transmit_ITEP20__UART_HandleTypeDef 0x08003f9e   Section        0  stm32f4xx_hal_uart.o(i._ZN42_INTERNAL_20_stm32f4xx_hal_uart_c_d497114f16UART_Transmit_ITEP20__UART_HandleTypeDef)
    [local to stm32f4xx_hal_uart_c]::UART_Transmit_IT(__UART_HandleTypeDef*) 0x08003f9f   Thumb Code    98  stm32f4xx_hal_uart.o(i._ZN42_INTERNAL_20_stm32f4xx_hal_uart_c_d497114f16UART_Transmit_ITEP20__UART_HandleTypeDef)
    i._ZN42_INTERNAL_20_stm32f4xx_hal_uart_c_d497114f18UART_EndRxTransferEP20__UART_HandleTypeDef 0x08004000   Section        0  stm32f4xx_hal_uart.o(i._ZN42_INTERNAL_20_stm32f4xx_hal_uart_c_d497114f18UART_EndRxTransferEP20__UART_HandleTypeDef)
    [local to stm32f4xx_hal_uart_c]::UART_EndRxTransfer(__UART_HandleTypeDef*) 0x08004001   Thumb Code    28  stm32f4xx_hal_uart.o(i._ZN42_INTERNAL_20_stm32f4xx_hal_uart_c_d497114f18UART_EndRxTransferEP20__UART_HandleTypeDef)
    i._ZN42_INTERNAL_20_stm32f4xx_hal_uart_c_d497114f20UART_DMAAbortOnErrorEP19__DMA_HandleTypeDef 0x0800401c   Section        0  stm32f4xx_hal_uart.o(i._ZN42_INTERNAL_20_stm32f4xx_hal_uart_c_d497114f20UART_DMAAbortOnErrorEP19__DMA_HandleTypeDef)
    [local to stm32f4xx_hal_uart_c]::UART_DMAAbortOnError(__DMA_HandleTypeDef*) 0x0800401d   Thumb Code    16  stm32f4xx_hal_uart.o(i._ZN42_INTERNAL_20_stm32f4xx_hal_uart_c_d497114f20UART_DMAAbortOnErrorEP19__DMA_HandleTypeDef)
    i._ZN44_INTERNAL_22_stm32f4xx_hal_cortex_c_2992dbc018__NVIC_SetPriorityE9IRQn_Typej 0x0800402c   Section        0  stm32f4xx_hal_cortex.o(i._ZN44_INTERNAL_22_stm32f4xx_hal_cortex_c_2992dbc018__NVIC_SetPriorityE9IRQn_Typej)
    [local to stm32f4xx_hal_cortex_c]::__NVIC_SetPriority(IRQn_Type, unsigned) 0x0800402d   Thumb Code    32  stm32f4xx_hal_cortex.o(i._ZN44_INTERNAL_22_stm32f4xx_hal_cortex_c_2992dbc018__NVIC_SetPriorityE9IRQn_Typej)
    i._ZN8BoardLed12setModeBlinkEhjj         0x0800404c   Section        0  bsp_led.o(i._ZN8BoardLed12setModeBlinkEhjj)
    i._ZN8BoardLed13setModeBreathEj          0x08004062   Section        0  bsp_led.o(i._ZN8BoardLed13setModeBreathEj)
    i._ZN8BoardLed4initEv                    0x0800406a   Section        0  bsp_led.o(i._ZN8BoardLed4initEv)
    i._ZN8BoardLed6handleEv                  0x0800408c   Section        0  bsp_led.o(i._ZN8BoardLed6handleEv)
    i._ZN8BoardLed8setColorEhhh              0x080041f0   Section        0  bsp_led.o(i._ZN8BoardLed8setColorEhhh)
    i._ZN8BoardLed9loopLimitEjjj             0x080041f8   Section        0  bsp_led.o(i._ZN8BoardLed9loopLimitEjjj)
    i._ZN8BoardLedC1Ev                       0x0800421c   Section        0  bsp_led.o(i._ZN8BoardLedC1Ev)
    i.__scatterload_copy                     0x08004234   Section       14  handlers.o(i.__scatterload_copy)
    i.__scatterload_null                     0x08004242   Section        2  handlers.o(i.__scatterload_null)
    i.__scatterload_zeroinit                 0x08004244   Section       14  handlers.o(i.__scatterload_zeroinit)
    i.__sti___6_main_c_led                   0x08004254   Section        0  main.o(i.__sti___6_main_c_led)
    __sti___6_main_c_led                     0x08004255   Thumb Code    20  main.o(i.__sti___6_main_c_led)
    i.main                                   0x0800426c   Section        0  main.o(i.main)
    .constdata                               0x0800434c   Section        8  stm32f4xx_hal_dma.o(.constdata)
    [local to stm32f4xx_hal_dma_c]::DMA_CalcBaseAndBitshift(__DMA_HandleTypeDef*)::flagBitshiftOffset 0x0800434c   Data           8  stm32f4xx_hal_dma.o(.constdata)
    .constdata                               0x08004354   Section       16  system_stm32f4xx.o(.constdata)
    .constdata                               0x08004364   Section        8  system_stm32f4xx.o(.constdata)
    .constdata                               0x0800436c   Section       12  ist8310driver.o(.constdata)
    ist8310_write_reg_data_error             0x0800436c   Data          12  ist8310driver.o(.constdata)
    .init_array                              0x08004398   Section        4  main.o(.init_array)
    .init_array                              0x0800439c   Section        0  cpp_init.o(.init_array)
    .data                                    0x20000000   Section       16  main.o(.data)
    .data                                    0x20000010   Section       12  stm32f4xx_hal.o(.data)
    .data                                    0x2000001c   Section        4  system_stm32f4xx.o(.data)
    .data                                    0x20000020   Section       24  bsp_adc.o(.data)
    .data                                    0x20000038   Section       12  bsp_led.o(.data)
    .data                                    0x20000044   Section       44  bmi088driver.o(.data)
    write_BMI088_accel_reg_data_error        0x2000004c   Data          18  bmi088driver.o(.data)
    write_BMI088_gyro_reg_data_error         0x2000005e   Data          18  bmi088driver.o(.data)
    .bss                                     0x20000070   Section      132  main.o(.bss)
    .bss                                     0x200000f4   Section      144  adc.o(.bss)
    .bss                                     0x20000184   Section       84  i2c.o(.bss)
    .bss                                     0x200001d8   Section      280  spi.o(.bss)
    .bss                                     0x200002f0   Section      320  tim.o(.bss)
    .bss                                     0x20000430   Section      480  usart.o(.bss)
    .bss                                     0x20000610   Section       16  bsp_adc.o(.bss)
    Board_Monitor::adcxGetChxValue(ADC_HandleTypeDef*, unsigned)::config 0x20000610   Data          16  bsp_adc.o(.bss)
    STACK                                    0x20000620   Section     1024  startup_stm32f407xx.o(STACK)

    Global Symbols

    Symbol Name                              Value     Ov Type        Size  Object(Section)

    BuildAttributes$$THM_ISAv4$E$P$D$K$B$S$7EM$VFPi3$EXTD16$VFPS$VFMA$PE$A:L22UL41UL21$X:L11$S22US41US21$IEEE1$IW$USESV6$~STKCKD$USESV7$~SHL$OSPACE$EBA8$MICROLIB$REQ8$PRES8$EABIv2 0x00000000   Number         0  anon$$obj.o ABSOLUTE
    __ARM_use_no_argv                        0x00000000   Number         0  main.o ABSOLUTE
    __cxa_finalize                            - Undefined Weak Reference
    __decompress                              - Undefined Weak Reference
    _clock_init                               - Undefined Weak Reference
    _microlib_exit                            - Undefined Weak Reference
    __Vectors_Size                           0x00000188   Number         0  startup_stm32f407xx.o ABSOLUTE
    __Vectors                                0x08000000   Data           4  startup_stm32f407xx.o(RESET)
    __Vectors_End                            0x08000188   Data           0  startup_stm32f407xx.o(RESET)
    __main                                   0x08000189   Thumb Code     0  entry.o(.ARM.Collect$$$$00000000)
    _main_stk                                0x08000189   Thumb Code     0  entry2.o(.ARM.Collect$$$$00000001)
    _main_scatterload                        0x0800018d   Thumb Code     0  entry5.o(.ARM.Collect$$$$00000004)
    __main_after_scatterload                 0x08000191   Thumb Code     0  entry5.o(.ARM.Collect$$$$00000004)
    _main_clock                              0x08000191   Thumb Code     0  entry7b.o(.ARM.Collect$$$$00000008)
    _main_cpp_init$empty                     0x08000191   Thumb Code     0  entry8a.o(.ARM.Collect$$$$00000009)
    _main_cpp_init                           0x08000195   Thumb Code     0  entry8b.o(.ARM.Collect$$$$0000000A)
    _main_init                               0x08000195   Thumb Code     0  entry9a.o(.ARM.Collect$$$$0000000B)
    __rt_final_cpp                           0x0800019d   Thumb Code     0  entry10a.o(.ARM.Collect$$$$0000000D)
    __rt_final_exit                          0x0800019d   Thumb Code     0  entry11a.o(.ARM.Collect$$$$0000000F)
    Reset_Handler                            0x080001a1   Thumb Code     8  startup_stm32f407xx.o(.text)
    ADC_IRQHandler                           0x080001bb   Thumb Code     0  startup_stm32f407xx.o(.text)
    CAN1_RX0_IRQHandler                      0x080001bb   Thumb Code     0  startup_stm32f407xx.o(.text)
    CAN1_RX1_IRQHandler                      0x080001bb   Thumb Code     0  startup_stm32f407xx.o(.text)
    CAN1_SCE_IRQHandler                      0x080001bb   Thumb Code     0  startup_stm32f407xx.o(.text)
    CAN1_TX_IRQHandler                       0x080001bb   Thumb Code     0  startup_stm32f407xx.o(.text)
    CAN2_RX0_IRQHandler                      0x080001bb   Thumb Code     0  startup_stm32f407xx.o(.text)
    CAN2_RX1_IRQHandler                      0x080001bb   Thumb Code     0  startup_stm32f407xx.o(.text)
    CAN2_SCE_IRQHandler                      0x080001bb   Thumb Code     0  startup_stm32f407xx.o(.text)
    CAN2_TX_IRQHandler                       0x080001bb   Thumb Code     0  startup_stm32f407xx.o(.text)
    DCMI_IRQHandler                          0x080001bb   Thumb Code     0  startup_stm32f407xx.o(.text)
    DMA1_Stream0_IRQHandler                  0x080001bb   Thumb Code     0  startup_stm32f407xx.o(.text)
    DMA1_Stream2_IRQHandler                  0x080001bb   Thumb Code     0  startup_stm32f407xx.o(.text)
    DMA1_Stream3_IRQHandler                  0x080001bb   Thumb Code     0  startup_stm32f407xx.o(.text)
    DMA1_Stream4_IRQHandler                  0x080001bb   Thumb Code     0  startup_stm32f407xx.o(.text)
    DMA1_Stream5_IRQHandler                  0x080001bb   Thumb Code     0  startup_stm32f407xx.o(.text)
    DMA1_Stream6_IRQHandler                  0x080001bb   Thumb Code     0  startup_stm32f407xx.o(.text)
    DMA1_Stream7_IRQHandler                  0x080001bb   Thumb Code     0  startup_stm32f407xx.o(.text)
    DMA2_Stream0_IRQHandler                  0x080001bb   Thumb Code     0  startup_stm32f407xx.o(.text)
    DMA2_Stream1_IRQHandler                  0x080001bb   Thumb Code     0  startup_stm32f407xx.o(.text)
    DMA2_Stream4_IRQHandler                  0x080001bb   Thumb Code     0  startup_stm32f407xx.o(.text)
    DMA2_Stream6_IRQHandler                  0x080001bb   Thumb Code     0  startup_stm32f407xx.o(.text)
    ETH_IRQHandler                           0x080001bb   Thumb Code     0  startup_stm32f407xx.o(.text)
    ETH_WKUP_IRQHandler                      0x080001bb   Thumb Code     0  startup_stm32f407xx.o(.text)
    EXTI15_10_IRQHandler                     0x080001bb   Thumb Code     0  startup_stm32f407xx.o(.text)
    EXTI1_IRQHandler                         0x080001bb   Thumb Code     0  startup_stm32f407xx.o(.text)
    EXTI2_IRQHandler                         0x080001bb   Thumb Code     0  startup_stm32f407xx.o(.text)
    FLASH_IRQHandler                         0x080001bb   Thumb Code     0  startup_stm32f407xx.o(.text)
    FMC_IRQHandler                           0x080001bb   Thumb Code     0  startup_stm32f407xx.o(.text)
    FPU_IRQHandler                           0x080001bb   Thumb Code     0  startup_stm32f407xx.o(.text)
    HASH_RNG_IRQHandler                      0x080001bb   Thumb Code     0  startup_stm32f407xx.o(.text)
    I2C1_ER_IRQHandler                       0x080001bb   Thumb Code     0  startup_stm32f407xx.o(.text)
    I2C1_EV_IRQHandler                       0x080001bb   Thumb Code     0  startup_stm32f407xx.o(.text)
    I2C2_ER_IRQHandler                       0x080001bb   Thumb Code     0  startup_stm32f407xx.o(.text)
    I2C2_EV_IRQHandler                       0x080001bb   Thumb Code     0  startup_stm32f407xx.o(.text)
    I2C3_ER_IRQHandler                       0x080001bb   Thumb Code     0  startup_stm32f407xx.o(.text)
    I2C3_EV_IRQHandler                       0x080001bb   Thumb Code     0  startup_stm32f407xx.o(.text)
    OTG_FS_IRQHandler                        0x080001bb   Thumb Code     0  startup_stm32f407xx.o(.text)
    OTG_FS_WKUP_IRQHandler                   0x080001bb   Thumb Code     0  startup_stm32f407xx.o(.text)
    OTG_HS_EP1_IN_IRQHandler                 0x080001bb   Thumb Code     0  startup_stm32f407xx.o(.text)
    OTG_HS_EP1_OUT_IRQHandler                0x080001bb   Thumb Code     0  startup_stm32f407xx.o(.text)
    OTG_HS_IRQHandler                        0x080001bb   Thumb Code     0  startup_stm32f407xx.o(.text)
    OTG_HS_WKUP_IRQHandler                   0x080001bb   Thumb Code     0  startup_stm32f407xx.o(.text)
    PVD_IRQHandler                           0x080001bb   Thumb Code     0  startup_stm32f407xx.o(.text)
    RCC_IRQHandler                           0x080001bb   Thumb Code     0  startup_stm32f407xx.o(.text)
    RTC_Alarm_IRQHandler                     0x080001bb   Thumb Code     0  startup_stm32f407xx.o(.text)
    RTC_WKUP_IRQHandler                      0x080001bb   Thumb Code     0  startup_stm32f407xx.o(.text)
    SDIO_IRQHandler                          0x080001bb   Thumb Code     0  startup_stm32f407xx.o(.text)
    SPI1_IRQHandler                          0x080001bb   Thumb Code     0  startup_stm32f407xx.o(.text)
    SPI2_IRQHandler                          0x080001bb   Thumb Code     0  startup_stm32f407xx.o(.text)
    SPI3_IRQHandler                          0x080001bb   Thumb Code     0  startup_stm32f407xx.o(.text)
    TAMP_STAMP_IRQHandler                    0x080001bb   Thumb Code     0  startup_stm32f407xx.o(.text)
    TIM1_BRK_TIM9_IRQHandler                 0x080001bb   Thumb Code     0  startup_stm32f407xx.o(.text)
    TIM1_CC_IRQHandler                       0x080001bb   Thumb Code     0  startup_stm32f407xx.o(.text)
    TIM1_TRG_COM_TIM11_IRQHandler            0x080001bb   Thumb Code     0  startup_stm32f407xx.o(.text)
    TIM2_IRQHandler                          0x080001bb   Thumb Code     0  startup_stm32f407xx.o(.text)
    TIM3_IRQHandler                          0x080001bb   Thumb Code     0  startup_stm32f407xx.o(.text)
    TIM4_IRQHandler                          0x080001bb   Thumb Code     0  startup_stm32f407xx.o(.text)
    TIM5_IRQHandler                          0x080001bb   Thumb Code     0  startup_stm32f407xx.o(.text)
    TIM6_DAC_IRQHandler                      0x080001bb   Thumb Code     0  startup_stm32f407xx.o(.text)
    TIM7_IRQHandler                          0x080001bb   Thumb Code     0  startup_stm32f407xx.o(.text)
    TIM8_BRK_TIM12_IRQHandler                0x080001bb   Thumb Code     0  startup_stm32f407xx.o(.text)
    TIM8_CC_IRQHandler                       0x080001bb   Thumb Code     0  startup_stm32f407xx.o(.text)
    TIM8_TRG_COM_TIM14_IRQHandler            0x080001bb   Thumb Code     0  startup_stm32f407xx.o(.text)
    TIM8_UP_TIM13_IRQHandler                 0x080001bb   Thumb Code     0  startup_stm32f407xx.o(.text)
    UART4_IRQHandler                         0x080001bb   Thumb Code     0  startup_stm32f407xx.o(.text)
    UART5_IRQHandler                         0x080001bb   Thumb Code     0  startup_stm32f407xx.o(.text)
    USART2_IRQHandler                        0x080001bb   Thumb Code     0  startup_stm32f407xx.o(.text)
    WWDG_IRQHandler                          0x080001bb   Thumb Code     0  startup_stm32f407xx.o(.text)
    __aeabi_uldivmod                         0x080001c5   Thumb Code    98  uldiv.o(.text)
    __aeabi_memset                           0x08000227   Thumb Code    14  memseta.o(.text)
    __aeabi_memset4                          0x08000227   Thumb Code     0  memseta.o(.text)
    __aeabi_memset8                          0x08000227   Thumb Code     0  memseta.o(.text)
    __aeabi_memclr                           0x08000235   Thumb Code     4  memseta.o(.text)
    __aeabi_memclr4                          0x08000235   Thumb Code     0  memseta.o(.text)
    __aeabi_memclr8                          0x08000235   Thumb Code     0  memseta.o(.text)
    _memset$wrapper                          0x08000239   Thumb Code    18  memseta.o(.text)
    __cpp_initialize__aeabi_                 0x0800024d   Thumb Code    22  cpp_init.o(.text)
    __aeabi_llsl                             0x0800026d   Thumb Code    30  llshl.o(.text)
    _ll_shift_l                              0x0800026d   Thumb Code     0  llshl.o(.text)
    __aeabi_llsr                             0x0800028b   Thumb Code    32  llushr.o(.text)
    _ll_ushift_r                             0x0800028b   Thumb Code     0  llushr.o(.text)
    __scatterload                            0x080002ad   Thumb Code    28  init.o(.text)
    __scatterload_rt2                        0x080002ad   Thumb Code     0  init.o(.text)
    BusFault_Handler                         0x080002d1   Thumb Code     2  stm32f4xx_it.o(i.BusFault_Handler)
    DMA1_Stream1_IRQHandler                  0x080002d5   Thumb Code     6  stm32f4xx_it.o(i.DMA1_Stream1_IRQHandler)
    DMA2_Stream2_IRQHandler                  0x080002e1   Thumb Code     6  stm32f4xx_it.o(i.DMA2_Stream2_IRQHandler)
    DMA2_Stream3_IRQHandler                  0x080002ed   Thumb Code     6  stm32f4xx_it.o(i.DMA2_Stream3_IRQHandler)
    DMA2_Stream5_IRQHandler                  0x080002f9   Thumb Code     6  stm32f4xx_it.o(i.DMA2_Stream5_IRQHandler)
    DMA2_Stream7_IRQHandler                  0x08000305   Thumb Code     6  stm32f4xx_it.o(i.DMA2_Stream7_IRQHandler)
    DebugMon_Handler                         0x08000311   Thumb Code     2  stm32f4xx_it.o(i.DebugMon_Handler)
    EXTI0_IRQHandler                         0x08000313   Thumb Code     6  stm32f4xx_it.o(i.EXTI0_IRQHandler)
    EXTI3_IRQHandler                         0x08000319   Thumb Code     6  stm32f4xx_it.o(i.EXTI3_IRQHandler)
    EXTI4_IRQHandler                         0x0800031f   Thumb Code     6  stm32f4xx_it.o(i.EXTI4_IRQHandler)
    EXTI9_5_IRQHandler                       0x08000325   Thumb Code     6  stm32f4xx_it.o(i.EXTI9_5_IRQHandler)
    Error_Handler                            0x0800032b   Thumb Code     4  main.o(i.Error_Handler)
    HAL_ADC_ConfigChannel                    0x08000331   Thumb Code   316  stm32f4xx_hal_adc.o(i.HAL_ADC_ConfigChannel)
    HAL_ADC_GetValue                         0x0800047d   Thumb Code     6  stm32f4xx_hal_adc.o(i.HAL_ADC_GetValue)
    HAL_ADC_Init                             0x08000483   Thumb Code    84  stm32f4xx_hal_adc.o(i.HAL_ADC_Init)
    HAL_ADC_MspInit                          0x080004d9   Thumb Code   108  adc.o(i.HAL_ADC_MspInit)
    HAL_ADC_PollForConversion                0x08000555   Thumb Code   162  stm32f4xx_hal_adc.o(i.HAL_ADC_PollForConversion)
    HAL_ADC_Start                            0x080005f9   Thumb Code   210  stm32f4xx_hal_adc.o(i.HAL_ADC_Start)
    HAL_DMA_Abort_IT                         0x080006e5   Thumb Code    36  stm32f4xx_hal_dma.o(i.HAL_DMA_Abort_IT)
    HAL_DMA_IRQHandler                       0x08000709   Thumb Code   412  stm32f4xx_hal_dma.o(i.HAL_DMA_IRQHandler)
    HAL_DMA_Init                             0x080008a9   Thumb Code   206  stm32f4xx_hal_dma.o(i.HAL_DMA_Init)
    HAL_Delay                                0x0800097d   Thumb Code    32  stm32f4xx_hal.o(i.HAL_Delay)
    HAL_GPIO_EXTI_Callback                   0x080009a1   Thumb Code    20  main.o(i.HAL_GPIO_EXTI_Callback)
    HAL_GPIO_EXTI_IRQHandler                 0x080009bd   Thumb Code    18  stm32f4xx_hal_gpio.o(i.HAL_GPIO_EXTI_IRQHandler)
    HAL_GPIO_Init                            0x080009d5   Thumb Code   394  stm32f4xx_hal_gpio.o(i.HAL_GPIO_Init)
    HAL_GPIO_ReadPin                         0x08000b8d   Thumb Code    10  stm32f4xx_hal_gpio.o(i.HAL_GPIO_ReadPin)
    HAL_GPIO_WritePin                        0x08000b97   Thumb Code    10  stm32f4xx_hal_gpio.o(i.HAL_GPIO_WritePin)
    HAL_GetTick                              0x08000ba1   Thumb Code     6  stm32f4xx_hal.o(i.HAL_GetTick)
    HAL_I2C_Init                             0x08000bad   Thumb Code   376  stm32f4xx_hal_i2c.o(i.HAL_I2C_Init)
    HAL_I2C_Mem_Read                         0x08000d35   Thumb Code   490  stm32f4xx_hal_i2c.o(i.HAL_I2C_Mem_Read)
    HAL_I2C_Mem_Write                        0x08000f2d   Thumb Code   294  stm32f4xx_hal_i2c.o(i.HAL_I2C_Mem_Write)
    HAL_I2C_MspInit                          0x0800105d   Thumb Code   118  i2c.o(i.HAL_I2C_MspInit)
    HAL_IncTick                              0x080010e5   Thumb Code    12  stm32f4xx_hal.o(i.HAL_IncTick)
    HAL_Init                                 0x080010f5   Thumb Code    48  stm32f4xx_hal.o(i.HAL_Init)
    HAL_InitTick                             0x08001129   Thumb Code    54  stm32f4xx_hal.o(i.HAL_InitTick)
    HAL_MspInit                              0x08001169   Thumb Code    42  stm32f4xx_hal_msp.o(i.HAL_MspInit)
    HAL_NVIC_EnableIRQ                       0x08001199   Thumb Code    26  stm32f4xx_hal_cortex.o(i.HAL_NVIC_EnableIRQ)
    HAL_NVIC_SetPriority                     0x080011b5   Thumb Code    60  stm32f4xx_hal_cortex.o(i.HAL_NVIC_SetPriority)
    HAL_NVIC_SetPriorityGrouping             0x080011f5   Thumb Code    26  stm32f4xx_hal_cortex.o(i.HAL_NVIC_SetPriorityGrouping)
    HAL_RCC_ClockConfig                      0x08001219   Thumb Code   288  stm32f4xx_hal_rcc.o(i.HAL_RCC_ClockConfig)
    HAL_RCC_GetPCLK1Freq                     0x0800134d   Thumb Code    20  stm32f4xx_hal_rcc.o(i.HAL_RCC_GetPCLK1Freq)
    HAL_RCC_GetPCLK2Freq                     0x0800136d   Thumb Code    20  stm32f4xx_hal_rcc.o(i.HAL_RCC_GetPCLK2Freq)
    HAL_RCC_GetSysClockFreq                  0x0800138d   Thumb Code    88  stm32f4xx_hal_rcc.o(i.HAL_RCC_GetSysClockFreq)
    HAL_RCC_OscConfig                        0x080013f1   Thumb Code   840  stm32f4xx_hal_rcc.o(i.HAL_RCC_OscConfig)
    HAL_SPI_Init                             0x0800174d   Thumb Code   128  stm32f4xx_hal_spi.o(i.HAL_SPI_Init)
    HAL_SPI_MspInit                          0x080017cd   Thumb Code   232  spi.o(i.HAL_SPI_MspInit)
    HAL_SPI_TransmitReceive                  0x080018cd   Thumb Code   482  stm32f4xx_hal_spi.o(i.HAL_SPI_TransmitReceive)
    HAL_SYSTICK_Config                       0x08001aaf   Thumb Code    40  stm32f4xx_hal_cortex.o(i.HAL_SYSTICK_Config)
    HAL_TIMEx_BreakCallback                  0x08001ad7   Thumb Code     2  stm32f4xx_hal_tim_ex.o(i.HAL_TIMEx_BreakCallback)
    HAL_TIMEx_CommutCallback                 0x08001ad9   Thumb Code     2  stm32f4xx_hal_tim_ex.o(i.HAL_TIMEx_CommutCallback)
    HAL_TIMEx_ConfigBreakDeadTime            0x08001adb   Thumb Code    84  stm32f4xx_hal_tim_ex.o(i.HAL_TIMEx_ConfigBreakDeadTime)
    HAL_TIMEx_MasterConfigSynchronization    0x08001b31   Thumb Code   116  stm32f4xx_hal_tim_ex.o(i.HAL_TIMEx_MasterConfigSynchronization)
    HAL_TIM_Base_Init                        0x08001bc1   Thumb Code    54  stm32f4xx_hal_tim.o(i.HAL_TIM_Base_Init)
    HAL_TIM_Base_MspInit                     0x08001bf9   Thumb Code   142  tim.o(i.HAL_TIM_Base_MspInit)
    HAL_TIM_Base_Start                       0x08001ca1   Thumb Code    36  stm32f4xx_hal_tim.o(i.HAL_TIM_Base_Start)
    HAL_TIM_Base_Start_IT                    0x08001cc5   Thumb Code    34  stm32f4xx_hal_tim.o(i.HAL_TIM_Base_Start_IT)
    HAL_TIM_ConfigClockSource                0x08001ce7   Thumb Code   214  stm32f4xx_hal_tim.o(i.HAL_TIM_ConfigClockSource)
    HAL_TIM_IC_CaptureCallback               0x08001dbd   Thumb Code     2  stm32f4xx_hal_tim.o(i.HAL_TIM_IC_CaptureCallback)
    HAL_TIM_IRQHandler                       0x08001dbf   Thumb Code   358  stm32f4xx_hal_tim.o(i.HAL_TIM_IRQHandler)
    HAL_TIM_MspPostInit                      0x08001f25   Thumb Code   192  tim.o(i.HAL_TIM_MspPostInit)
    HAL_TIM_OC_DelayElapsedCallback          0x08002009   Thumb Code     2  stm32f4xx_hal_tim.o(i.HAL_TIM_OC_DelayElapsedCallback)
    HAL_TIM_PWM_ConfigChannel                0x0800200b   Thumb Code   208  stm32f4xx_hal_tim.o(i.HAL_TIM_PWM_ConfigChannel)
    HAL_TIM_PWM_Init                         0x080020db   Thumb Code    54  stm32f4xx_hal_tim.o(i.HAL_TIM_PWM_Init)
    HAL_TIM_PWM_MspInit                      0x08002111   Thumb Code     2  stm32f4xx_hal_tim.o(i.HAL_TIM_PWM_MspInit)
    HAL_TIM_PWM_PulseFinishedCallback        0x08002113   Thumb Code     2  stm32f4xx_hal_tim.o(i.HAL_TIM_PWM_PulseFinishedCallback)
    HAL_TIM_PWM_Start                        0x08002115   Thumb Code    58  stm32f4xx_hal_tim.o(i.HAL_TIM_PWM_Start)
    HAL_TIM_PeriodElapsedCallback            0x08002159   Thumb Code   212  main.o(i.HAL_TIM_PeriodElapsedCallback)
    HAL_TIM_TriggerCallback                  0x0800223d   Thumb Code     2  stm32f4xx_hal_tim.o(i.HAL_TIM_TriggerCallback)
    HAL_UART_ErrorCallback                   0x0800223f   Thumb Code     2  stm32f4xx_hal_uart.o(i.HAL_UART_ErrorCallback)
    HAL_UART_IRQHandler                      0x08002241   Thumb Code   270  stm32f4xx_hal_uart.o(i.HAL_UART_IRQHandler)
    HAL_UART_Init                            0x08002355   Thumb Code    98  stm32f4xx_hal_uart.o(i.HAL_UART_Init)
    HAL_UART_MspInit                         0x080023b9   Thumb Code   416  usart.o(i.HAL_UART_MspInit)
    HAL_UART_RxCpltCallback                  0x08002581   Thumb Code     2  stm32f4xx_hal_uart.o(i.HAL_UART_RxCpltCallback)
    HAL_UART_TxCpltCallback                  0x08002583   Thumb Code     2  stm32f4xx_hal_uart.o(i.HAL_UART_TxCpltCallback)
    HardFault_Handler                        0x08002585   Thumb Code     2  stm32f4xx_it.o(i.HardFault_Handler)
    MX_ADC1_Init                             0x08002589   Thumb Code    88  adc.o(i.MX_ADC1_Init)
    MX_ADC3_Init                             0x080025ed   Thumb Code    88  adc.o(i.MX_ADC3_Init)
    MX_DMA_Init                              0x08002651   Thumb Code   120  dma.o(i.MX_DMA_Init)
    MX_GPIO_Init                             0x080026cd   Thumb Code   358  gpio.o(i.MX_GPIO_Init)
    MX_I2C3_Init                             0x08002851   Thumb Code    50  i2c.o(i.MX_I2C3_Init)
    MX_SPI1_Init                             0x08002891   Thumb Code    64  spi.o(i.MX_SPI1_Init)
    MX_TIM10_Init                            0x080028d9   Thumb Code    92  tim.o(i.MX_TIM10_Init)
    MX_TIM1_Init                             0x0800293d   Thumb Code    96  tim.o(i.MX_TIM1_Init)
    MX_TIM4_Init                             0x080029a5   Thumb Code   142  tim.o(i.MX_TIM4_Init)
    MX_TIM5_Init                             0x08002a3d   Thumb Code   174  tim.o(i.MX_TIM5_Init)
    MX_TIM8_Init                             0x08002af5   Thumb Code   228  tim.o(i.MX_TIM8_Init)
    MX_USART1_UART_Init                      0x08002be1   Thumb Code    48  usart.o(i.MX_USART1_UART_Init)
    MX_USART3_UART_Init                      0x08002c19   Thumb Code    46  usart.o(i.MX_USART3_UART_Init)
    MX_USART6_UART_Init                      0x08002c55   Thumb Code    48  usart.o(i.MX_USART6_UART_Init)
    MemManage_Handler                        0x08002c8d   Thumb Code     2  stm32f4xx_it.o(i.MemManage_Handler)
    NMI_Handler                              0x08002c8f   Thumb Code     2  stm32f4xx_it.o(i.NMI_Handler)
    PendSV_Handler                           0x08002c91   Thumb Code     2  stm32f4xx_it.o(i.PendSV_Handler)
    SVC_Handler                              0x08002c93   Thumb Code     2  stm32f4xx_it.o(i.SVC_Handler)
    SysTick_Handler                          0x08002c95   Thumb Code     4  stm32f4xx_it.o(i.SysTick_Handler)
    SystemInit                               0x08002c99   Thumb Code    22  system_stm32f4xx.o(i.SystemInit)
    TIM1_UP_TIM10_IRQHandler                 0x08002cb5   Thumb Code    18  stm32f4xx_it.o(i.TIM1_UP_TIM10_IRQHandler)
    TIM_Base_SetConfig                       0x08002cd1   Thumb Code   156  stm32f4xx_hal_tim.o(i.TIM_Base_SetConfig)
    TIM_CCxChannelCmd                        0x08002d99   Thumb Code    26  stm32f4xx_hal_tim.o(i.TIM_CCxChannelCmd)
    TIM_ETR_SetConfig                        0x08002db3   Thumb Code    20  stm32f4xx_hal_tim.o(i.TIM_ETR_SetConfig)
    TIM_OC2_SetConfig                        0x08002dc9   Thumb Code    98  stm32f4xx_hal_tim.o(i.TIM_OC2_SetConfig)
    USART1_IRQHandler                        0x08002e35   Thumb Code     6  stm32f4xx_it.o(i.USART1_IRQHandler)
    USART3_IRQHandler                        0x08002e41   Thumb Code     6  stm32f4xx_it.o(i.USART3_IRQHandler)
    USART6_IRQHandler                        0x08002e4d   Thumb Code     6  stm32f4xx_it.o(i.USART6_IRQHandler)
    UsageFault_Handler                       0x08002e59   Thumb Code     2  stm32f4xx_it.o(i.UsageFault_Handler)
    BMI088_init()                            0x08002e5b   Thumb Code    24  bmi088driver.o(i._Z11BMI088_initv)
    BMI088_read(float*, float*, float*)      0x08002e75   Thumb Code   340  bmi088driver.o(i._Z11BMI088_readPfS_S_)
    ist8310_init()                           0x08002fcd   Thumb Code   114  ist8310driver.o(i._Z12ist8310_initv)
    ist8310_RST_H()                          0x08003045   Thumb Code    10  ist8310driver_middleware.o(i._Z13ist8310_RST_Hv)
    ist8310_RST_L()                          0x08003055   Thumb Code    10  ist8310driver_middleware.o(i._Z13ist8310_RST_Lv)
    BMI088_com_init()                        0x08003065   Thumb Code     2  bmi088middleware.o(i._Z15BMI088_com_initv)
    BMI088_delay_ms(unsigned short)          0x08003067   Thumb Code    24  bmi088middleware.o(i._Z15BMI088_delay_mst)
    BMI088_delay_us(unsigned short)          0x0800307f   Thumb Code    46  bmi088middleware.o(i._Z15BMI088_delay_ust)
    BMI088_GPIO_init()                       0x080030ad   Thumb Code     2  bmi088middleware.o(i._Z16BMI088_GPIO_initv)
    BMI088_GYRO_NS_H()                       0x080030b1   Thumb Code    10  bmi088middleware.o(i._Z16BMI088_GYRO_NS_Hv)
    BMI088_GYRO_NS_L()                       0x080030c1   Thumb Code    10  bmi088middleware.o(i._Z16BMI088_GYRO_NS_Lv)
    bmi088_gyro_init()                       0x080030d1   Thumb Code   214  bmi088driver.o(i._Z16bmi088_gyro_initv)
    ist8310_com_init()                       0x080031ad   Thumb Code     2  ist8310driver_middleware.o(i._Z16ist8310_com_initv)
    ist8310_delay_ms(unsigned short)         0x080031af   Thumb Code     4  ist8310driver_middleware.o(i._Z16ist8310_delay_mst)
    ist8310_delay_us(unsigned short)         0x080031b3   Thumb Code    48  ist8310driver_middleware.o(i._Z16ist8310_delay_ust)
    ist8310_read_mag(float*)                 0x080031e5   Thumb Code    80  ist8310driver.o(i._Z16ist8310_read_magPf)
    BMI088_ACCEL_NS_H()                      0x08003239   Thumb Code    10  bmi088middleware.o(i._Z17BMI088_ACCEL_NS_Hv)
    BMI088_ACCEL_NS_L()                      0x08003249   Thumb Code    10  bmi088middleware.o(i._Z17BMI088_ACCEL_NS_Lv)
    bmi088_accel_init()                      0x08003259   Thumb Code   266  bmi088driver.o(i._Z17bmi088_accel_initv)
    ist8310_GPIO_init()                      0x08003369   Thumb Code     2  ist8310driver_middleware.o(i._Z17ist8310_GPIO_initv)
    SystemClock_Config()                     0x0800336d   Thumb Code   140  main.o(i._Z18SystemClock_Configv)
    BMI088_read_write_byte(unsigned char)    0x08003401   Thumb Code    28  bmi088middleware.o(i._Z22BMI088_read_write_byteh)
    ist8310_IIC_read_muli_reg(unsigned char, unsigned char*, unsigned char) 0x08003421   Thumb Code    22  ist8310driver_middleware.o(i._Z25ist8310_IIC_read_muli_reghPhh)
    ist8310_IIC_read_single_reg(unsigned char) 0x0800343d   Thumb Code    38  ist8310driver_middleware.o(i._Z27ist8310_IIC_read_single_regh)
    ist8310_IIC_write_single_reg(unsigned char, unsigned char) 0x08003469   Thumb Code    30  ist8310driver_middleware.o(i._Z28ist8310_IIC_write_single_reghh)
    Board_Monitor::adcxGetChxValue(ADC_HandleTypeDef*, unsigned) 0x0800348d   Thumb Code    54  bsp_adc.o(i._ZN13Board_Monitor15adcxGetChxValueEP17ADC_HandleTypeDefj)
    Board_Monitor::sampleTemperate()         0x080034c9   Thumb Code    54  bsp_adc.o(i._ZN13Board_Monitor15sampleTemperateEv)
    Board_Monitor::sampleBatteryVoltage()    0x08003509   Thumb Code    42  bsp_adc.o(i._ZN13Board_Monitor20sampleBatteryVoltageEv)
    Board_Monitor::init_vrefint_reciprocal() 0x08003539   Thumb Code    70  bsp_adc.o(i._ZN13Board_Monitor23init_vrefint_reciprocalEv)
    Board_Monitor::Board_Monitor()           0x08003585   Thumb Code    50  bsp_adc.o(i._ZN13Board_MonitorC1Ev)
    Board_Monitor::Board_Monitor__sub_object() 0x08003585   Thumb Code     0  bsp_adc.o(i._ZN13Board_MonitorC1Ev)
    BoardLed::setModeBlink(unsigned char, unsigned, unsigned) 0x0800404d   Thumb Code    22  bsp_led.o(i._ZN8BoardLed12setModeBlinkEhjj)
    BoardLed::setModeBreath(unsigned)        0x08004063   Thumb Code     8  bsp_led.o(i._ZN8BoardLed13setModeBreathEj)
    BoardLed::init()                         0x0800406b   Thumb Code    32  bsp_led.o(i._ZN8BoardLed4initEv)
    BoardLed::handle()                       0x0800408d   Thumb Code   348  bsp_led.o(i._ZN8BoardLed6handleEv)
    BoardLed::setColor(unsigned char, unsigned char, unsigned char) 0x080041f1   Thumb Code     8  bsp_led.o(i._ZN8BoardLed8setColorEhhh)
    BoardLed::loopLimit(unsigned, unsigned, unsigned) 0x080041f9   Thumb Code    36  bsp_led.o(i._ZN8BoardLed9loopLimitEjjj)
    BoardLed::BoardLed()                     0x0800421d   Thumb Code    20  bsp_led.o(i._ZN8BoardLedC1Ev)
    BoardLed::BoardLed__sub_object()         0x0800421d   Thumb Code     0  bsp_led.o(i._ZN8BoardLedC1Ev)
    __scatterload_copy                       0x08004235   Thumb Code    14  handlers.o(i.__scatterload_copy)
    __scatterload_null                       0x08004243   Thumb Code     2  handlers.o(i.__scatterload_null)
    __scatterload_zeroinit                   0x08004245   Thumb Code    14  handlers.o(i.__scatterload_zeroinit)
    main                                     0x0800426d   Thumb Code   194  main.o(i.main)
    AHBPrescTable                            0x08004354   Data          16  system_stm32f4xx.o(.constdata)
    APBPrescTable                            0x08004364   Data           8  system_stm32f4xx.o(.constdata)
    Region$$Table$$Base                      0x08004378   Number         0  anon$$obj.o(Region$$Table)
    Region$$Table$$Limit                     0x08004398   Number         0  anon$$obj.o(Region$$Table)
    SHT$$INIT_ARRAY$$Base                    0x08004398   Number         0  main.o(.init_array)
    SHT$$INIT_ARRAY$$Limit                   0x0800439c   Number         0  cpp_init.o(.init_array)
    exit_cnt                                 0x20000000   Data           4  main.o(.data)
    cnt                                      0x20000004   Data           4  main.o(.data)
    ist_rdy_cnt                              0x20000008   Data           4  main.o(.data)
    temp                                     0x2000000c   Data           4  main.o(.data)
    uwTickFreq                               0x20000010   Data           1  stm32f4xx_hal.o(.data)
    uwTickPrio                               0x20000014   Data           4  stm32f4xx_hal.o(.data)
    uwTick                                   0x20000018   Data           4  stm32f4xx_hal.o(.data)
    SystemCoreClock                          0x2000001c   Data           4  system_stm32f4xx.o(.data)
    v_hadc                                   0x20000020   Data           4  bsp_adc.o(.data)
    v_ch                                     0x20000024   Data           4  bsp_adc.o(.data)
    vrefint_hadc                             0x20000028   Data           4  bsp_adc.o(.data)
    vrefint_ch                               0x2000002c   Data           4  bsp_adc.o(.data)
    temp_hadc                                0x20000030   Data           4  bsp_adc.o(.data)
    temp_ch                                  0x20000034   Data           4  bsp_adc.o(.data)
    r_pwm                                    0x20000038   Data           2  bsp_led.o(.data)
    g_pwm                                    0x2000003a   Data           2  bsp_led.o(.data)
    b_pwm                                    0x2000003c   Data           2  bsp_led.o(.data)
    led_htim                                 0x20000040   Data           4  bsp_led.o(.data)
    BMI088_ACCEL_SEN                         0x20000044   Data           4  bmi088driver.o(.data)
    BMI088_GYRO_SEN                          0x20000048   Data           4  bmi088driver.o(.data)
    led                                      0x20000070   Data          48  main.o(.bss)
    board_monitor                            0x200000a0   Data          48  main.o(.bss)
    mag                                      0x200000d0   Data          12  main.o(.bss)
    gyro                                     0x200000dc   Data          12  main.o(.bss)
    accel                                    0x200000e8   Data          12  main.o(.bss)
    hadc1                                    0x200000f4   Data          72  adc.o(.bss)
    hadc3                                    0x2000013c   Data          72  adc.o(.bss)
    hi2c3                                    0x20000184   Data          84  i2c.o(.bss)
    hspi1                                    0x200001d8   Data          88  spi.o(.bss)
    hdma_spi1_rx                             0x20000230   Data          96  spi.o(.bss)
    hdma_spi1_tx                             0x20000290   Data          96  spi.o(.bss)
    htim1                                    0x200002f0   Data          64  tim.o(.bss)
    htim4                                    0x20000330   Data          64  tim.o(.bss)
    htim5                                    0x20000370   Data          64  tim.o(.bss)
    htim8                                    0x200003b0   Data          64  tim.o(.bss)
    htim10                                   0x200003f0   Data          64  tim.o(.bss)
    huart1                                   0x20000430   Data          64  usart.o(.bss)
    huart3                                   0x20000470   Data          64  usart.o(.bss)
    huart6                                   0x200004b0   Data          64  usart.o(.bss)
    hdma_usart1_tx                           0x200004f0   Data          96  usart.o(.bss)
    hdma_usart1_rx                           0x20000550   Data          96  usart.o(.bss)
    hdma_usart3_rx                           0x200005b0   Data          96  usart.o(.bss)
    __initial_sp                             0x20000a20   Data           0  startup_stm32f407xx.o(STACK)



==============================================================================

Memory Map of the image

  Image Entry point : 0x08000189

  Load Region LR_IROM1 (Base: 0x08000000, Size: 0x0000440c, Max: 0x00100000, ABSOLUTE)

    Execution Region ER_IROM1 (Exec base: 0x08000000, Load base: 0x08000000, Size: 0x0000439c, Max: 0x00100000, ABSOLUTE)

    Exec Addr    Load Addr    Size         Type   Attr      Idx    E Section Name        Object

    0x08000000   0x08000000   0x00000188   Data   RO            3    RESET               startup_stm32f407xx.o
    0x08000188   0x08000188   0x00000000   Code   RO         5319  * .ARM.Collect$$$$00000000  mc_w.l(entry.o)
    0x08000188   0x08000188   0x00000004   Code   RO         5331    .ARM.Collect$$$$00000001  mc_w.l(entry2.o)
    0x0800018c   0x0800018c   0x00000004   Code   RO         5334    .ARM.Collect$$$$00000004  mc_w.l(entry5.o)
    0x08000190   0x08000190   0x00000000   Code   RO         5336    .ARM.Collect$$$$00000008  mc_w.l(entry7b.o)
    0x08000190   0x08000190   0x00000004   Code   RO         5337    .ARM.Collect$$$$00000009  mc_w.l(entry8a.o)
    0x08000194   0x08000194   0x00000000   Code   RO         5338    .ARM.Collect$$$$0000000A  mc_w.l(entry8b.o)
    0x08000194   0x08000194   0x00000008   Code   RO         5339    .ARM.Collect$$$$0000000B  mc_w.l(entry9a.o)
    0x0800019c   0x0800019c   0x00000000   Code   RO         5341    .ARM.Collect$$$$0000000D  mc_w.l(entry10a.o)
    0x0800019c   0x0800019c   0x00000000   Code   RO         5343    .ARM.Collect$$$$0000000F  mc_w.l(entry11a.o)
    0x0800019c   0x0800019c   0x00000004   Code   RO         5332    .ARM.Collect$$$$00002712  mc_w.l(entry2.o)
    0x080001a0   0x080001a0   0x00000024   Code   RO            4    .text               startup_stm32f407xx.o
    0x080001c4   0x080001c4   0x00000062   Code   RO         5322    .text               mc_w.l(uldiv.o)
    0x08000226   0x08000226   0x00000024   Code   RO         5324    .text               mc_w.l(memseta.o)
    0x0800024a   0x0800024a   0x00000002   PAD
    0x0800024c   0x0800024c   0x00000020   Code   RO         5329    .text               mc_w.l(cpp_init.o)
    0x0800026c   0x0800026c   0x0000001e   Code   RO         5345    .text               mc_w.l(llshl.o)
    0x0800028a   0x0800028a   0x00000020   Code   RO         5347    .text               mc_w.l(llushr.o)
    0x080002aa   0x080002aa   0x00000002   PAD
    0x080002ac   0x080002ac   0x00000024   Code   RO         5349    .text               mc_w.l(init.o)
    0x080002d0   0x080002d0   0x00000002   Code   RO          562    i.BusFault_Handler  stm32f4xx_it.o
    0x080002d2   0x080002d2   0x00000002   PAD
    0x080002d4   0x080002d4   0x0000000c   Code   RO          563    i.DMA1_Stream1_IRQHandler  stm32f4xx_it.o
    0x080002e0   0x080002e0   0x0000000c   Code   RO          564    i.DMA2_Stream2_IRQHandler  stm32f4xx_it.o
    0x080002ec   0x080002ec   0x0000000c   Code   RO          565    i.DMA2_Stream3_IRQHandler  stm32f4xx_it.o
    0x080002f8   0x080002f8   0x0000000c   Code   RO          566    i.DMA2_Stream5_IRQHandler  stm32f4xx_it.o
    0x08000304   0x08000304   0x0000000c   Code   RO          567    i.DMA2_Stream7_IRQHandler  stm32f4xx_it.o
    0x08000310   0x08000310   0x00000002   Code   RO          568    i.DebugMon_Handler  stm32f4xx_it.o
    0x08000312   0x08000312   0x00000006   Code   RO          569    i.EXTI0_IRQHandler  stm32f4xx_it.o
    0x08000318   0x08000318   0x00000006   Code   RO          570    i.EXTI3_IRQHandler  stm32f4xx_it.o
    0x0800031e   0x0800031e   0x00000006   Code   RO          571    i.EXTI4_IRQHandler  stm32f4xx_it.o
    0x08000324   0x08000324   0x00000006   Code   RO          572    i.EXTI9_5_IRQHandler  stm32f4xx_it.o
    0x0800032a   0x0800032a   0x00000004   Code   RO           13    i.Error_Handler     main.o
    0x0800032e   0x0800032e   0x00000002   PAD
    0x08000330   0x08000330   0x0000014c   Code   RO          764    i.HAL_ADC_ConfigChannel  stm32f4xx_hal_adc.o
    0x0800047c   0x0800047c   0x00000006   Code   RO          771    i.HAL_ADC_GetValue  stm32f4xx_hal_adc.o
    0x08000482   0x08000482   0x00000054   Code   RO          773    i.HAL_ADC_Init      stm32f4xx_hal_adc.o
    0x080004d6   0x080004d6   0x00000002   PAD
    0x080004d8   0x080004d8   0x0000007c   Code   RO          257    i.HAL_ADC_MspInit   adc.o
    0x08000554   0x08000554   0x000000a2   Code   RO          777    i.HAL_ADC_PollForConversion  stm32f4xx_hal_adc.o
    0x080005f6   0x080005f6   0x00000002   PAD
    0x080005f8   0x080005f8   0x000000ec   Code   RO          779    i.HAL_ADC_Start     stm32f4xx_hal_adc.o
    0x080006e4   0x080006e4   0x00000024   Code   RO         1595    i.HAL_DMA_Abort_IT  stm32f4xx_hal_dma.o
    0x08000708   0x08000708   0x000001a0   Code   RO         1599    i.HAL_DMA_IRQHandler  stm32f4xx_hal_dma.o
    0x080008a8   0x080008a8   0x000000d4   Code   RO         1600    i.HAL_DMA_Init      stm32f4xx_hal_dma.o
    0x0800097c   0x0800097c   0x00000024   Code   RO         2073    i.HAL_Delay         stm32f4xx_hal.o
    0x080009a0   0x080009a0   0x0000001c   Code   RO           14    i.HAL_GPIO_EXTI_Callback  main.o
    0x080009bc   0x080009bc   0x00000018   Code   RO         1477    i.HAL_GPIO_EXTI_IRQHandler  stm32f4xx_hal_gpio.o
    0x080009d4   0x080009d4   0x000001b8   Code   RO         1478    i.HAL_GPIO_Init     stm32f4xx_hal_gpio.o
    0x08000b8c   0x08000b8c   0x0000000a   Code   RO         1480    i.HAL_GPIO_ReadPin  stm32f4xx_hal_gpio.o
    0x08000b96   0x08000b96   0x0000000a   Code   RO         1482    i.HAL_GPIO_WritePin  stm32f4xx_hal_gpio.o
    0x08000ba0   0x08000ba0   0x0000000c   Code   RO         2079    i.HAL_GetTick       stm32f4xx_hal.o
    0x08000bac   0x08000bac   0x00000188   Code   RO         2371    i.HAL_I2C_Init      stm32f4xx_hal_i2c.o
    0x08000d34   0x08000d34   0x000001f8   Code   RO         2389    i.HAL_I2C_Mem_Read  stm32f4xx_hal_i2c.o
    0x08000f2c   0x08000f2c   0x00000130   Code   RO         2392    i.HAL_I2C_Mem_Write  stm32f4xx_hal_i2c.o
    0x0800105c   0x0800105c   0x00000088   Code   RO          334    i.HAL_I2C_MspInit   i2c.o
    0x080010e4   0x080010e4   0x00000010   Code   RO         2085    i.HAL_IncTick       stm32f4xx_hal.o
    0x080010f4   0x080010f4   0x00000034   Code   RO         2086    i.HAL_Init          stm32f4xx_hal.o
    0x08001128   0x08001128   0x00000040   Code   RO         2087    i.HAL_InitTick      stm32f4xx_hal.o
    0x08001168   0x08001168   0x00000030   Code   RO          738    i.HAL_MspInit       stm32f4xx_hal_msp.o
    0x08001198   0x08001198   0x0000001a   Code   RO         1917    i.HAL_NVIC_EnableIRQ  stm32f4xx_hal_cortex.o
    0x080011b2   0x080011b2   0x00000002   PAD
    0x080011b4   0x080011b4   0x00000040   Code   RO         1923    i.HAL_NVIC_SetPriority  stm32f4xx_hal_cortex.o
    0x080011f4   0x080011f4   0x00000024   Code   RO         1924    i.HAL_NVIC_SetPriorityGrouping  stm32f4xx_hal_cortex.o
    0x08001218   0x08001218   0x00000134   Code   RO         1080    i.HAL_RCC_ClockConfig  stm32f4xx_hal_rcc.o
    0x0800134c   0x0800134c   0x00000020   Code   RO         1087    i.HAL_RCC_GetPCLK1Freq  stm32f4xx_hal_rcc.o
    0x0800136c   0x0800136c   0x00000020   Code   RO         1088    i.HAL_RCC_GetPCLK2Freq  stm32f4xx_hal_rcc.o
    0x0800138c   0x0800138c   0x00000064   Code   RO         1089    i.HAL_RCC_GetSysClockFreq  stm32f4xx_hal_rcc.o
    0x080013f0   0x080013f0   0x0000035c   Code   RO         1092    i.HAL_RCC_OscConfig  stm32f4xx_hal_rcc.o
    0x0800174c   0x0800174c   0x00000080   Code   RO         2888    i.HAL_SPI_Init      stm32f4xx_hal_spi.o
    0x080017cc   0x080017cc   0x00000100   Code   RO          379    i.HAL_SPI_MspInit   spi.o
    0x080018cc   0x080018cc   0x000001e2   Code   RO         2897    i.HAL_SPI_TransmitReceive  stm32f4xx_hal_spi.o
    0x08001aae   0x08001aae   0x00000028   Code   RO         1928    i.HAL_SYSTICK_Config  stm32f4xx_hal_cortex.o
    0x08001ad6   0x08001ad6   0x00000002   Code   RO         4043    i.HAL_TIMEx_BreakCallback  stm32f4xx_hal_tim_ex.o
    0x08001ad8   0x08001ad8   0x00000002   Code   RO         4044    i.HAL_TIMEx_CommutCallback  stm32f4xx_hal_tim_ex.o
    0x08001ada   0x08001ada   0x00000054   Code   RO         4046    i.HAL_TIMEx_ConfigBreakDeadTime  stm32f4xx_hal_tim_ex.o
    0x08001b2e   0x08001b2e   0x00000002   PAD
    0x08001b30   0x08001b30   0x00000090   Code   RO         4061    i.HAL_TIMEx_MasterConfigSynchronization  stm32f4xx_hal_tim_ex.o
    0x08001bc0   0x08001bc0   0x00000036   Code   RO         3256    i.HAL_TIM_Base_Init  stm32f4xx_hal_tim.o
    0x08001bf6   0x08001bf6   0x00000002   PAD
    0x08001bf8   0x08001bf8   0x000000a8   Code   RO          424    i.HAL_TIM_Base_MspInit  tim.o
    0x08001ca0   0x08001ca0   0x00000024   Code   RO         3259    i.HAL_TIM_Base_Start  stm32f4xx_hal_tim.o
    0x08001cc4   0x08001cc4   0x00000022   Code   RO         3261    i.HAL_TIM_Base_Start_IT  stm32f4xx_hal_tim.o
    0x08001ce6   0x08001ce6   0x000000d6   Code   RO         3265    i.HAL_TIM_ConfigClockSource  stm32f4xx_hal_tim.o
    0x08001dbc   0x08001dbc   0x00000002   Code   RO         3285    i.HAL_TIM_IC_CaptureCallback  stm32f4xx_hal_tim.o
    0x08001dbe   0x08001dbe   0x00000166   Code   RO         3299    i.HAL_TIM_IRQHandler  stm32f4xx_hal_tim.o
    0x08001f24   0x08001f24   0x000000e4   Code   RO          425    i.HAL_TIM_MspPostInit  tim.o
    0x08002008   0x08002008   0x00000002   Code   RO         3302    i.HAL_TIM_OC_DelayElapsedCallback  stm32f4xx_hal_tim.o
    0x0800200a   0x0800200a   0x000000d0   Code   RO         3323    i.HAL_TIM_PWM_ConfigChannel  stm32f4xx_hal_tim.o
    0x080020da   0x080020da   0x00000036   Code   RO         3326    i.HAL_TIM_PWM_Init  stm32f4xx_hal_tim.o
    0x08002110   0x08002110   0x00000002   Code   RO         3328    i.HAL_TIM_PWM_MspInit  stm32f4xx_hal_tim.o
    0x08002112   0x08002112   0x00000002   Code   RO         3329    i.HAL_TIM_PWM_PulseFinishedCallback  stm32f4xx_hal_tim.o
    0x08002114   0x08002114   0x00000044   Code   RO         3331    i.HAL_TIM_PWM_Start  stm32f4xx_hal_tim.o
    0x08002158   0x08002158   0x000000e4   Code   RO           15    i.HAL_TIM_PeriodElapsedCallback  main.o
    0x0800223c   0x0800223c   0x00000002   Code   RO         3342    i.HAL_TIM_TriggerCallback  stm32f4xx_hal_tim.o
    0x0800223e   0x0800223e   0x00000002   Code   RO         4354    i.HAL_UART_ErrorCallback  stm32f4xx_hal_uart.o
    0x08002240   0x08002240   0x00000114   Code   RO         4357    i.HAL_UART_IRQHandler  stm32f4xx_hal_uart.o
    0x08002354   0x08002354   0x00000062   Code   RO         4358    i.HAL_UART_Init     stm32f4xx_hal_uart.o
    0x080023b6   0x080023b6   0x00000002   PAD
    0x080023b8   0x080023b8   0x000001c8   Code   RO          504    i.HAL_UART_MspInit  usart.o
    0x08002580   0x08002580   0x00000002   Code   RO         4364    i.HAL_UART_RxCpltCallback  stm32f4xx_hal_uart.o
    0x08002582   0x08002582   0x00000002   Code   RO         4369    i.HAL_UART_TxCpltCallback  stm32f4xx_hal_uart.o
    0x08002584   0x08002584   0x00000002   Code   RO          573    i.HardFault_Handler  stm32f4xx_it.o
    0x08002586   0x08002586   0x00000002   PAD
    0x08002588   0x08002588   0x00000064   Code   RO          258    i.MX_ADC1_Init      adc.o
    0x080025ec   0x080025ec   0x00000064   Code   RO          259    i.MX_ADC3_Init      adc.o
    0x08002650   0x08002650   0x0000007c   Code   RO          308    i.MX_DMA_Init       dma.o
    0x080026cc   0x080026cc   0x00000184   Code   RO          231    i.MX_GPIO_Init      gpio.o
    0x08002850   0x08002850   0x00000040   Code   RO          335    i.MX_I2C3_Init      i2c.o
    0x08002890   0x08002890   0x00000048   Code   RO          380    i.MX_SPI1_Init      spi.o
    0x080028d8   0x080028d8   0x00000064   Code   RO          426    i.MX_TIM10_Init     tim.o
    0x0800293c   0x0800293c   0x00000068   Code   RO          427    i.MX_TIM1_Init      tim.o
    0x080029a4   0x080029a4   0x00000098   Code   RO          428    i.MX_TIM4_Init      tim.o
    0x08002a3c   0x08002a3c   0x000000b8   Code   RO          429    i.MX_TIM5_Init      tim.o
    0x08002af4   0x08002af4   0x000000ec   Code   RO          430    i.MX_TIM8_Init      tim.o
    0x08002be0   0x08002be0   0x00000038   Code   RO          505    i.MX_USART1_UART_Init  usart.o
    0x08002c18   0x08002c18   0x0000003c   Code   RO          506    i.MX_USART3_UART_Init  usart.o
    0x08002c54   0x08002c54   0x00000038   Code   RO          507    i.MX_USART6_UART_Init  usart.o
    0x08002c8c   0x08002c8c   0x00000002   Code   RO          574    i.MemManage_Handler  stm32f4xx_it.o
    0x08002c8e   0x08002c8e   0x00000002   Code   RO          575    i.NMI_Handler       stm32f4xx_it.o
    0x08002c90   0x08002c90   0x00000002   Code   RO          576    i.PendSV_Handler    stm32f4xx_it.o
    0x08002c92   0x08002c92   0x00000002   Code   RO          577    i.SVC_Handler       stm32f4xx_it.o
    0x08002c94   0x08002c94   0x00000004   Code   RO          578    i.SysTick_Handler   stm32f4xx_it.o
    0x08002c98   0x08002c98   0x0000001c   Code   RO         4714    i.SystemInit        system_stm32f4xx.o
    0x08002cb4   0x08002cb4   0x0000001c   Code   RO          579    i.TIM1_UP_TIM10_IRQHandler  stm32f4xx_it.o
    0x08002cd0   0x08002cd0   0x000000c8   Code   RO         3344    i.TIM_Base_SetConfig  stm32f4xx_hal_tim.o
    0x08002d98   0x08002d98   0x0000001a   Code   RO         3345    i.TIM_CCxChannelCmd  stm32f4xx_hal_tim.o
    0x08002db2   0x08002db2   0x00000014   Code   RO         3351    i.TIM_ETR_SetConfig  stm32f4xx_hal_tim.o
    0x08002dc6   0x08002dc6   0x00000002   PAD
    0x08002dc8   0x08002dc8   0x0000006c   Code   RO         3352    i.TIM_OC2_SetConfig  stm32f4xx_hal_tim.o
    0x08002e34   0x08002e34   0x0000000c   Code   RO          580    i.USART1_IRQHandler  stm32f4xx_it.o
    0x08002e40   0x08002e40   0x0000000c   Code   RO          581    i.USART3_IRQHandler  stm32f4xx_it.o
    0x08002e4c   0x08002e4c   0x0000000c   Code   RO          582    i.USART6_IRQHandler  stm32f4xx_it.o
    0x08002e58   0x08002e58   0x00000002   Code   RO          583    i.UsageFault_Handler  stm32f4xx_it.o
    0x08002e5a   0x08002e5a   0x00000018   Code   RO         5089    i._Z11BMI088_initv  bmi088driver.o
    0x08002e72   0x08002e72   0x00000002   PAD
    0x08002e74   0x08002e74   0x00000158   Code   RO         5090    i._Z11BMI088_readPfS_S_  bmi088driver.o
    0x08002fcc   0x08002fcc   0x00000078   Code   RO         4884    i._Z12ist8310_initv  ist8310driver.o
    0x08003044   0x08003044   0x00000010   Code   RO         4925    i._Z13ist8310_RST_Hv  ist8310driver_middleware.o
    0x08003054   0x08003054   0x00000010   Code   RO         4926    i._Z13ist8310_RST_Lv  ist8310driver_middleware.o
    0x08003064   0x08003064   0x00000002   Code   RO         5237    i._Z15BMI088_com_initv  bmi088middleware.o
    0x08003066   0x08003066   0x00000018   Code   RO         5238    i._Z15BMI088_delay_mst  bmi088middleware.o
    0x0800307e   0x0800307e   0x0000002e   Code   RO         5239    i._Z15BMI088_delay_ust  bmi088middleware.o
    0x080030ac   0x080030ac   0x00000002   Code   RO         5240    i._Z16BMI088_GPIO_initv  bmi088middleware.o
    0x080030ae   0x080030ae   0x00000002   PAD
    0x080030b0   0x080030b0   0x00000010   Code   RO         5241    i._Z16BMI088_GYRO_NS_Hv  bmi088middleware.o
    0x080030c0   0x080030c0   0x00000010   Code   RO         5242    i._Z16BMI088_GYRO_NS_Lv  bmi088middleware.o
    0x080030d0   0x080030d0   0x000000dc   Code   RO         5091    i._Z16bmi088_gyro_initv  bmi088driver.o
    0x080031ac   0x080031ac   0x00000002   Code   RO         4927    i._Z16ist8310_com_initv  ist8310driver_middleware.o
    0x080031ae   0x080031ae   0x00000004   Code   RO         4928    i._Z16ist8310_delay_mst  ist8310driver_middleware.o
    0x080031b2   0x080031b2   0x00000030   Code   RO         4929    i._Z16ist8310_delay_ust  ist8310driver_middleware.o
    0x080031e2   0x080031e2   0x00000002   PAD
    0x080031e4   0x080031e4   0x00000054   Code   RO         4885    i._Z16ist8310_read_magPf  ist8310driver.o
    0x08003238   0x08003238   0x00000010   Code   RO         5243    i._Z17BMI088_ACCEL_NS_Hv  bmi088middleware.o
    0x08003248   0x08003248   0x00000010   Code   RO         5244    i._Z17BMI088_ACCEL_NS_Lv  bmi088middleware.o
    0x08003258   0x08003258   0x00000110   Code   RO         5092    i._Z17bmi088_accel_initv  bmi088driver.o
    0x08003368   0x08003368   0x00000002   Code   RO         4930    i._Z17ist8310_GPIO_initv  ist8310driver_middleware.o
    0x0800336a   0x0800336a   0x00000002   PAD
    0x0800336c   0x0800336c   0x00000094   Code   RO           16    i._Z18SystemClock_Configv  main.o
    0x08003400   0x08003400   0x00000020   Code   RO         5245    i._Z22BMI088_read_write_byteh  bmi088middleware.o
    0x08003420   0x08003420   0x0000001c   Code   RO         4931    i._Z25ist8310_IIC_read_muli_reghPhh  ist8310driver_middleware.o
    0x0800343c   0x0800343c   0x0000002c   Code   RO         4933    i._Z27ist8310_IIC_read_single_regh  ist8310driver_middleware.o
    0x08003468   0x08003468   0x00000024   Code   RO         4934    i._Z28ist8310_IIC_write_single_reghh  ist8310driver_middleware.o
    0x0800348c   0x0800348c   0x0000003c   Code   RO         4753    i._ZN13Board_Monitor15adcxGetChxValueEP17ADC_HandleTypeDefj  bsp_adc.o
    0x080034c8   0x080034c8   0x00000040   Code   RO         4754    i._ZN13Board_Monitor15sampleTemperateEv  bsp_adc.o
    0x08003508   0x08003508   0x00000030   Code   RO         4755    i._ZN13Board_Monitor20sampleBatteryVoltageEv  bsp_adc.o
    0x08003538   0x08003538   0x0000004c   Code   RO         4756    i._ZN13Board_Monitor23init_vrefint_reciprocalEv  bsp_adc.o
    0x08003584   0x08003584   0x00000040   Code   RO         4758    i._ZN13Board_MonitorC1Ev  bsp_adc.o
    0x080035c4   0x080035c4   0x00000024   Code   RO         5093    i._ZN36_INTERNAL_14_BMI088driver_c_6be588b620BMI088_read_muli_regEhPhh  bmi088driver.o
    0x080035e8   0x080035e8   0x00000016   Code   RO         5094    i._ZN36_INTERNAL_14_BMI088driver_c_6be588b622BMI088_read_single_regEhPh  bmi088driver.o
    0x080035fe   0x080035fe   0x00000012   Code   RO         5095    i._ZN36_INTERNAL_14_BMI088driver_c_6be588b623BMI088_write_single_regEhh  bmi088driver.o
    0x08003610   0x08003610   0x00000128   Code   RO          788    i._ZN41_INTERNAL_19_stm32f4xx_hal_adc_c_52ef8f508ADC_InitEP17ADC_HandleTypeDef  stm32f4xx_hal_adc.o
    0x08003738   0x08003738   0x00000054   Code   RO         1607    i._ZN41_INTERNAL_19_stm32f4xx_hal_dma_c_c25f65ec18DMA_CheckFifoParamEP19__DMA_HandleTypeDef  stm32f4xx_hal_dma.o
    0x0800378c   0x0800378c   0x00000028   Code   RO         1608    i._ZN41_INTERNAL_19_stm32f4xx_hal_dma_c_c25f65ec23DMA_CalcBaseAndBitshiftEP19__DMA_HandleTypeDef  stm32f4xx_hal_dma.o
    0x080037b4   0x080037b4   0x000000fc   Code   RO         2419    i._ZN41_INTERNAL_19_stm32f4xx_hal_i2c_c_0eb271f421I2C_RequestMemoryReadEP17I2C_HandleTypeDeftttjj  stm32f4xx_hal_i2c.o
    0x080038b0   0x080038b0   0x000000a8   Code   RO         2424    i._ZN41_INTERNAL_19_stm32f4xx_hal_i2c_c_0eb271f422I2C_RequestMemoryWriteEP17I2C_HandleTypeDeftttjj  stm32f4xx_hal_i2c.o
    0x08003958   0x08003958   0x0000002e   Code   RO         2425    i._ZN41_INTERNAL_19_stm32f4xx_hal_i2c_c_0eb271f423I2C_IsAcknowledgeFailedEP17I2C_HandleTypeDef  stm32f4xx_hal_i2c.o
    0x08003986   0x08003986   0x00000068   Code   RO         2427    i._ZN41_INTERNAL_19_stm32f4xx_hal_i2c_c_0eb271f426I2C_WaitOnFlagUntilTimeoutEP17I2C_HandleTypeDefj10FlagStatusjj  stm32f4xx_hal_i2c.o
    0x080039ee   0x080039ee   0x0000004c   Code   RO         2428    i._ZN41_INTERNAL_19_stm32f4xx_hal_i2c_c_0eb271f429I2C_WaitOnBTFFlagUntilTimeoutEP17I2C_HandleTypeDefjj  stm32f4xx_hal_i2c.o
    0x08003a3a   0x08003a3a   0x0000004c   Code   RO         2429    i._ZN41_INTERNAL_19_stm32f4xx_hal_i2c_c_0eb271f429I2C_WaitOnTXEFlagUntilTimeoutEP17I2C_HandleTypeDefjj  stm32f4xx_hal_i2c.o
    0x08003a86   0x08003a86   0x00000066   Code   RO         2430    i._ZN41_INTERNAL_19_stm32f4xx_hal_i2c_c_0eb271f430I2C_WaitOnRXNEFlagUntilTimeoutEP17I2C_HandleTypeDefjj  stm32f4xx_hal_i2c.o
    0x08003aec   0x08003aec   0x00000096   Code   RO         2431    i._ZN41_INTERNAL_19_stm32f4xx_hal_i2c_c_0eb271f439I2C_WaitOnMasterAddressFlagUntilTimeoutEP17I2C_HandleTypeDefjjj  stm32f4xx_hal_i2c.o
    0x08003b82   0x08003b82   0x00000002   PAD
    0x08003b84   0x08003b84   0x00000058   Code   RO         2927    i._ZN41_INTERNAL_19_stm32f4xx_hal_spi_c_5e7b22bd22SPI_EndRxTxTransactionEP19__SPI_HandleTypeDefjj  stm32f4xx_hal_spi.o
    0x08003bdc   0x08003bdc   0x00000094   Code   RO         2930    i._ZN41_INTERNAL_19_stm32f4xx_hal_spi_c_5e7b22bd29SPI_WaitFlagStateUntilTimeoutEP19__SPI_HandleTypeDefj10FlagStatusjj  stm32f4xx_hal_spi.o
    0x08003c70   0x08003c70   0x00000060   Code   RO         3354    i._ZN41_INTERNAL_19_stm32f4xx_hal_tim_c_a9d95b5217TIM_OC1_SetConfigEP11TIM_TypeDefP18TIM_OC_InitTypeDef  stm32f4xx_hal_tim.o
    0x08003cd0   0x08003cd0   0x00000068   Code   RO         3355    i._ZN41_INTERNAL_19_stm32f4xx_hal_tim_c_a9d95b5217TIM_OC3_SetConfigEP11TIM_TypeDefP18TIM_OC_InitTypeDef  stm32f4xx_hal_tim.o
    0x08003d38   0x08003d38   0x00000050   Code   RO         3356    i._ZN41_INTERNAL_19_stm32f4xx_hal_tim_c_a9d95b5217TIM_OC4_SetConfigEP11TIM_TypeDefP18TIM_OC_InitTypeDef  stm32f4xx_hal_tim.o
    0x08003d88   0x08003d88   0x00000010   Code   RO         3359    i._ZN41_INTERNAL_19_stm32f4xx_hal_tim_c_a9d95b5218TIM_ITRx_SetConfigEP11TIM_TypeDefj  stm32f4xx_hal_tim.o
    0x08003d98   0x08003d98   0x00000022   Code   RO         3363    i._ZN41_INTERNAL_19_stm32f4xx_hal_tim_c_a9d95b5224TIM_TI1_ConfigInputStageEP11TIM_TypeDefjj  stm32f4xx_hal_tim.o
    0x08003dba   0x08003dba   0x00000024   Code   RO         3364    i._ZN41_INTERNAL_19_stm32f4xx_hal_tim_c_a9d95b5224TIM_TI2_ConfigInputStageEP11TIM_TypeDefjj  stm32f4xx_hal_tim.o
    0x08003dde   0x08003dde   0x00000002   PAD
    0x08003de0   0x08003de0   0x00000128   Code   RO         4372    i._ZN42_INTERNAL_20_stm32f4xx_hal_uart_c_d497114f14UART_SetConfigEP20__UART_HandleTypeDef  stm32f4xx_hal_uart.o
    0x08003f08   0x08003f08   0x00000096   Code   RO         4373    i._ZN42_INTERNAL_20_stm32f4xx_hal_uart_c_d497114f15UART_Receive_ITEP20__UART_HandleTypeDef  stm32f4xx_hal_uart.o
    0x08003f9e   0x08003f9e   0x00000062   Code   RO         4374    i._ZN42_INTERNAL_20_stm32f4xx_hal_uart_c_d497114f16UART_Transmit_ITEP20__UART_HandleTypeDef  stm32f4xx_hal_uart.o
    0x08004000   0x08004000   0x0000001c   Code   RO         4377    i._ZN42_INTERNAL_20_stm32f4xx_hal_uart_c_d497114f18UART_EndRxTransferEP20__UART_HandleTypeDef  stm32f4xx_hal_uart.o
    0x0800401c   0x0800401c   0x00000010   Code   RO         4380    i._ZN42_INTERNAL_20_stm32f4xx_hal_uart_c_d497114f20UART_DMAAbortOnErrorEP19__DMA_HandleTypeDef  stm32f4xx_hal_uart.o
    0x0800402c   0x0800402c   0x00000020   Code   RO         1930    i._ZN44_INTERNAL_22_stm32f4xx_hal_cortex_c_2992dbc018__NVIC_SetPriorityE9IRQn_Typej  stm32f4xx_hal_cortex.o
    0x0800404c   0x0800404c   0x00000016   Code   RO         4815    i._ZN8BoardLed12setModeBlinkEhjj  bsp_led.o
    0x08004062   0x08004062   0x00000008   Code   RO         4816    i._ZN8BoardLed13setModeBreathEj  bsp_led.o
    0x0800406a   0x0800406a   0x00000020   Code   RO         4817    i._ZN8BoardLed4initEv  bsp_led.o
    0x0800408a   0x0800408a   0x00000002   PAD
    0x0800408c   0x0800408c   0x00000164   Code   RO         4818    i._ZN8BoardLed6handleEv  bsp_led.o
    0x080041f0   0x080041f0   0x00000008   Code   RO         4819    i._ZN8BoardLed8setColorEhhh  bsp_led.o
    0x080041f8   0x080041f8   0x00000024   Code   RO         4821    i._ZN8BoardLed9loopLimitEjjj  bsp_led.o
    0x0800421c   0x0800421c   0x00000018   Code   RO         4822    i._ZN8BoardLedC1Ev  bsp_led.o
    0x08004234   0x08004234   0x0000000e   Code   RO         5353    i.__scatterload_copy  mc_w.l(handlers.o)
    0x08004242   0x08004242   0x00000002   Code   RO         5354    i.__scatterload_null  mc_w.l(handlers.o)
    0x08004244   0x08004244   0x0000000e   Code   RO         5355    i.__scatterload_zeroinit  mc_w.l(handlers.o)
    0x08004252   0x08004252   0x00000002   PAD
    0x08004254   0x08004254   0x00000018   Code   RO           17    i.__sti___6_main_c_led  main.o
    0x0800426c   0x0800426c   0x000000e0   Code   RO           18    i.main              main.o
    0x0800434c   0x0800434c   0x00000008   Data   RO         1624    .constdata          stm32f4xx_hal_dma.o
    0x08004354   0x08004354   0x00000010   Data   RO         4717    .constdata          system_stm32f4xx.o
    0x08004364   0x08004364   0x00000008   Data   RO         4718    .constdata          system_stm32f4xx.o
    0x0800436c   0x0800436c   0x0000000c   Data   RO         4890    .constdata          ist8310driver.o
    0x08004378   0x08004378   0x00000020   Data   RO         5351    Region$$Table       anon$$obj.o
    0x08004398   0x08004398   0x00000004   Data   RO           27    .init_array         main.o
    0x0800439c   0x08004398   0x00000000   Data   RO         5327    .init_array         mc_w.l(cpp_init.o)


    Execution Region RW_IRAM2 (Exec base: 0x10000000, Load base: 0x0800440c, Size: 0x00000000, Max: 0x00010000, ABSOLUTE)

    **** No section assigned to this execution region ****


    Execution Region RW_IRAM1 (Exec base: 0x20000000, Load base: 0x0800439c, Size: 0x00000a20, Max: 0x00020000, ABSOLUTE)

    Exec Addr    Load Addr    Size         Type   Attr      Idx    E Section Name        Object

    0x20000000   0x0800439c   0x00000010   Data   RW           26    .data               main.o
    0x20000010   0x080043ac   0x0000000c   Data   RW         2120    .data               stm32f4xx_hal.o
    0x2000001c   0x080043b8   0x00000004   Data   RW         4719    .data               system_stm32f4xx.o
    0x20000020   0x080043bc   0x00000018   Data   RW         4766    .data               bsp_adc.o
    0x20000038   0x080043d4   0x0000000c   Data   RW         4831    .data               bsp_led.o
    0x20000044   0x080043e0   0x0000002c   Data   RW         5103    .data               bmi088driver.o
    0x20000070        -       0x00000084   Zero   RW           25    .bss                main.o
    0x200000f4        -       0x00000090   Zero   RW          264    .bss                adc.o
    0x20000184        -       0x00000054   Zero   RW          339    .bss                i2c.o
    0x200001d8        -       0x00000118   Zero   RW          384    .bss                spi.o
    0x200002f0        -       0x00000140   Zero   RW          439    .bss                tim.o
    0x20000430        -       0x000001e0   Zero   RW          513    .bss                usart.o
    0x20000610        -       0x00000010   Zero   RW         4765    .bss                bsp_adc.o
    0x20000620        -       0x00000400   Zero   RW            1    STACK               startup_stm32f407xx.o


==============================================================================

Image component sizes


      Code (inc. data)   RO Data    RW Data    ZI Data      Debug   Object Name

       324         40          0          0        144       2210   adc.o
       936         16          0         44          0       6894   bmi088driver.o
       170         28          0          0          0       4604   bmi088middleware.o
       312         42          0         24         16       3280   bsp_adc.o
       486         12          0         12          0       5533   bsp_led.o
       124          4          0          0          0        798   dma.o
       388         30          0          0          0       1151   gpio.o
       200         32          0          0         84       1617   i2c.o
       204         10         12          0          0       3010   ist8310driver.o
       196         30          0          0          0     585946   ist8310driver_middleware.o
       656         66          4         16        132     720110   main.o
       328         32          0          0        280       1803   spi.o
        36          8        392          0       1024        812   startup_stm32f407xx.o
       180         28          0         12          0       9245   stm32f4xx_hal.o
      1116         54          0          0          0       5118   stm32f4xx_hal_adc.o
       198         14          0          0          0      33811   stm32f4xx_hal_cortex.o
       788         16          8          0          0       4619   stm32f4xx_hal_dma.o
       484         52          0          0          0       3598   stm32f4xx_hal_gpio.o
      2174         52          0          0          0      12726   stm32f4xx_hal_i2c.o
        48          6          0          0          0        806   stm32f4xx_hal_msp.o
      1332         76          0          0          0       5108   stm32f4xx_hal_rcc.o
       846          8          0          0          0       4661   stm32f4xx_hal_spi.o
      1756         90          0          0          0      16651   stm32f4xx_hal_tim.o
       232         28          0          0          0       3185   stm32f4xx_hal_tim_ex.o
       968         16          0          0          0       7223   stm32f4xx_hal_uart.o
       168         58          0          0          0       9653   stm32f4xx_it.o
        28          6         24          4          0       1087   system_stm32f4xx.o
      1172        106          0          0        320       5342   tim.o
       628         70          0          0        480       3229   usart.o

    ----------------------------------------------------------------------
     16512       1030        472        112       2480    1463830   Object Totals
         0          0         32          0          0          0   (incl. Generated)
        34          0          0          0          0          0   (incl. Padding)

    ----------------------------------------------------------------------

      Code (inc. data)   RO Data    RW Data    ZI Data      Debug   Library Member Name

        32         10          0          0          0         80   cpp_init.o
         0          0          0          0          0          0   entry.o
         0          0          0          0          0          0   entry10a.o
         0          0          0          0          0          0   entry11a.o
         8          4          0          0          0          0   entry2.o
         4          0          0          0          0          0   entry5.o
         0          0          0          0          0          0   entry7b.o
         4          0          0          0          0          0   entry8a.o
         0          0          0          0          0          0   entry8b.o
         8          4          0          0          0          0   entry9a.o
        30          0          0          0          0          0   handlers.o
        36          8          0          0          0         68   init.o
        30          0          0          0          0         68   llshl.o
        32          0          0          0          0         68   llushr.o
        36          0          0          0          0        108   memseta.o
        98          0          0          0          0         92   uldiv.o

    ----------------------------------------------------------------------
       324         26          0          0          0        484   Library Totals
         6          0          0          0          0          0   (incl. Padding)

    ----------------------------------------------------------------------

      Code (inc. data)   RO Data    RW Data    ZI Data      Debug   Library Name

       318         26          0          0          0        484   mc_w.l

    ----------------------------------------------------------------------
       324         26          0          0          0        484   Library Totals

    ----------------------------------------------------------------------

==============================================================================


      Code (inc. data)   RO Data    RW Data    ZI Data      Debug   

     16836       1056        472        112       2480    1448162   Grand Totals
     16836       1056        472        112       2480    1448162   ELF Image Totals
     16836       1056        472        112          0          0   ROM Totals

==============================================================================

    Total RO  Size (Code + RO Data)                17308 (  16.90kB)
    Total RW  Size (RW Data + ZI Data)              2592 (   2.53kB)
    Total ROM Size (Code + RO Data + RW Data)      17420 (  17.01kB)

==============================================================================

